******************************************************************************
            TI ARM Clang Linker PC v4.0.4                      
******************************************************************************
>> Linked Wed Apr  1 12:31:30 2026

OUTPUT FILE NAME:   <ECE319K_Lab7H.out>
ENTRY POINT SYMBOL: "_c_int00_noargs"  address: 00004039


MEMORY CONFIGURATION

         name            origin    length      used     unused   attr    fill
----------------------  --------  ---------  --------  --------  ----  --------
  FLASH                 00000000   00020000  00004b38  0001b4c8  R  X
  SRAM                  20200000   00008000  00000804  000077fc  RW X
  BCR_CONFIG            41c00000   00000080  00000000  00000080  R   
  BSL_CONFIG            41c00100   00000080  00000000  00000080  R   


SEGMENT ALLOCATION MAP

run origin  load origin   length   init length attrs members
----------  ----------- ---------- ----------- ----- -------
00000000    00000000    00004b38   00004b38    r-x
  00000000    00000000    000000c0   000000c0    r-- .intvecs
  000000c0    000000c0    00004300   00004300    r-x .text
  000043c0    000043c0    000006e0   000006e0    r-- .rodata
  00004aa0    00004aa0    00000008   00000008    r-- .init_array
  00004aa8    00004aa8    00000090   00000090    r-- .cinit
20200000    20200000    00000609   00000000    rw-
  20200000    20200000    00000203   00000000    rw- .bss
  20200208    20200208    00000200   00000000    rw- .sysmem
  20200408    20200408    00000201   00000000    rw- .data
20207e00    20207e00    00000200   00000000    rw-
  20207e00    20207e00    00000200   00000000    rw- .stack


SECTION ALLOCATION MAP

 output                                  attributes/
section   page    origin      length       input sections
--------  ----  ----------  ----------   ----------------
.intvecs   0    00000000    000000c0     
                  00000000    000000c0     startup_mspm0g3507_ticlang.o (.intvecs)

.binit     0    00000000    00000000     

.text      0    000000c0    00004300     
                  000000c0    000009d0     libc.a : _printfi.c.obj (.text:__TI_printfi)
                  00000a90    00000220            : _printfi.c.obj (.text._pconv_a)
                  00000cb0    000001dc            : _printfi.c.obj (.text._pconv_g)
                  00000e8c    000001b4     Clock.o (.text._Z15Clock_Init80MHzi)
                  00001040    000001a0     ST7735.o (.text._Z16ST7735_DrawCharSsscssh)
                  000011e0    00000192     libclang_rt.builtins.a : adddf3.S.obj (.text.adddf3_subdf3)
                  00001372    00000002                            : aeabi_div0.c.obj (.text.__aeabi_idiv0)
                  00001374    00000170     Lab7HMain.o (.text.main)
                  000014e4    00000154     libc.a : fopen.c.obj (.text._openfile)
                  00001638    0000013c            : _printfi.c.obj (.text.fcvt)
                  00001774    00000128     TExaS.o (.text._Z8ADC_InitP10ADC12_Regsjj)
                  0000189c    00000120     libc.a : _printfi.c.obj (.text._pconv_e)
                  000019bc    00000118     ST7735.o (.text._Z15ST7735_FillRectsssst)
                  00001ad4    00000114     libc.a : memory.c.obj (.text.aligned_alloc)
                  00001be8    0000010c     libclang_rt.builtins.a : divdf3.S.obj (.text.__divdf3)
                  00001cf4    000000f8     SPI.o (.text._Z8SPI_Initv)
                  00001dec    000000f8     libc.a : fputs.c.obj (.text.fputs)
                  00001ee4    000000ec     libsysbm.a : add_device.c.obj (.text.add_device)
                  00001fd0    000000e8     TExaS.o (.text._Z9UART_Initv)
                  000020b8    000000e8     libc.a : memory.c.obj (.text.free)
                  000021a0    000000e4     libclang_rt.builtins.a : muldf3.S.obj (.text.__muldf3)
                  00002284    000000e0     libc.a : setvbuf.c.obj (.text.setvbuf)
                  00002364    000000d8            : s_scalbn.c.obj (.text.scalbn)
                  0000243c    000000d0     ST7735.o (.text._Z14ST7735_OutCharc)
                  0000250c    000000cc     ST7735.o (.text._Z16ST7735_PlotPointi)
                  000025d8    000000b0     ST7735.o (.text._Z20ST7735_DrawFastVLinessst)
                  00002688    000000a8     Timer.o (.text._Z14TimerG7_IntArmtjj)
                  00002730    000000a2     ST7735.o (.text._ZL11commandListPKh)
                  000027d2    00000002     libclang_rt.builtins.a : aeabi_div0.c.obj (.text.__aeabi_ldiv0)
                  000027d4    000000a2                            : udivmoddi4.S.obj (.text)
                  00002876    00000002     libc.a : _lock.c.obj (.text._nop)
                  00002878    000000a0     ST7735.o (.text._Z17ST7735_InitPrintf10initRFlags)
                  00002918    000000a0     libsysbm.a : open.c.obj (.text.open)
                  000029b8    0000009c     libc.a : fputc.c.obj (.text.fputc)
                  00002a54    00000098     ST7735.o (.text._Z12ST7735_InitR10initRFlags)
                  00002aec    00000094     Timer.o (.text._Z15TimerG12_IntArmjj)
                  00002b80    00000088     ST7735.o (.text._ZL13setAddrWindowhhhh)
                  00002c08    00000008     Lab7HMain.o (.text._GLOBAL__sub_I_Lab7HMain.cpp)
                  00002c10    00000088     libc.a : strcmp-armv6m.S.obj (.text:strcmp)
                  00002c98    00000084     ST7735.o (.text._Z17ST7735_DrawStringttPcs)
                  00002d1c    0000007c     LaunchPad.o (.text._Z14LaunchPad_Initv)
                  00002d98    0000007c     SlidePot.o (.text._ZN8SlidePot4InitEv)
                  00002e14    0000007c     libc.a : fclose.c.obj (.text.__TI_closefile)
                  00002e90    0000007c            : copy_decompress_lzss.c.obj (.text:decompress:lzss)
                  00002f0c    00000074     ST7735.o (.text._Z16ST7735_PlotClearii)
                  00002f80    00000074     libclang_rt.builtins.a : comparedf2.c.obj (.text.__gedf2)
                  00002ff4    00000070     ST7735.o (.text._Z16ST7735_DrawPixelsst)
                  00003064    0000006c     libsysbm.a : hostlseek.c.obj (.text.HOSTlseek)
                  000030d0    0000006c                : hostrename.c.obj (.text.HOSTrename)
                  0000313c    0000006c     libc.a : fseek.c.obj (.text.fseeko)
                  000031a8    0000006c            : getdevice.c.obj (.text.getdevice)
                  00003214    00000068     libclang_rt.builtins.a : comparedf2.c.obj (.text.__ledf2)
                  0000327c    00000066     libc.a : _printfi.c.obj (.text._mcpy)
                  000032e2    00000064            : _io_perm.c.obj (.text.__TI_wrt_ok)
                  00003346    00000002     --HOLE-- [fill = 0]
                  00003348    00000064            : memory.c.obj (.text.split)
                  000033ac    00000062     libclang_rt.builtins.a : aeabi_dcmp.S.obj (.text.__aeabi_dcmp)
                  0000340e    00000002     --HOLE-- [fill = 0]
                  00003410    00000060     libsysbm.a : hostopen.c.obj (.text.HOSTopen)
                  00003470    0000005c     Lab7HMain.o (.text.TIMG12_IRQHandler)
                  000034cc    0000005c     libc.a : s_frexp.c.obj (.text.frexp)
                  00003528    0000005c            : printf.c.obj (.text.printf)
                  00003584    00000058     libsysbm.a : hostread.c.obj (.text.HOSTread)
                  000035dc    00000058                : hostwrite.c.obj (.text.HOSTwrite)
                  00003634    00000058     TExaS.o (.text._Z10TExaS_InitP10ADC12_RegsjPFhvE)
                  0000368c    00000058     libc.a : _ltoa.c.obj (.text.__TI_ltoa)
                  000036e4    00000058            : _printfi.c.obj (.text._pconv_f)
                  0000373c    00000056     libclang_rt.builtins.a : aeabi_idivmod.S.obj (.text.__aeabi_idivmod)
                  00003792    00000002     --HOLE-- [fill = 0]
                  00003794    00000054     libc.a : autoinit.c.obj (.text:__TI_auto_init_nobinit)
                  000037e8    00000052            : fflush.c.obj (.text.__TI_doflush)
                  0000383a    00000052            : _printfi.c.obj (.text._ecpy)
                  0000388c    00000050     libsysbm.a : close.c.obj (.text.close)
                  000038dc    0000004a     libclang_rt.builtins.a : fixdfsi.S.obj (.text.__fixdfsi)
                  00003926    00000002     --HOLE-- [fill = 0]
                  00003928    00000048     libsysbm.a : hostclose.c.obj (.text.HOSTclose)
                  00003970    00000048                : hostunlink.c.obj (.text.HOSTunlink)
                  000039b8    00000048     SPI.o (.text._Z14SPI_OutCommandc)
                  00003a00    00000048     ST7735.o (.text._Z20ST7735_PlotNextErasev)
                  00003a48    00000048     SlidePot.o (.text._ZN8SlidePot2InEv)
                  00003a90    00000040     TExaS.o (.text.TIMG7_IRQHandler)
                  00003ad0    00000040     SPI.o (.text._Z9SPI_Resetv)
                  00003b10    00000040     libclang_rt.builtins.a : aeabi_uidivmod.S.obj (.text.__aeabi_uidivmod)
                  00003b50    00000040     libc.a : fopen.c.obj (.text._search_fp)
                  00003b90    00000040            : atoi.c.obj (.text.atoi)
                  00003bd0    0000003a     libclang_rt.builtins.a : muldsi3.S.obj (.text.__muldsi3)
                  00003c0a    00000002     --HOLE-- [fill = 0]
                  00003c0c    00000038     SPI.o (.text._Z11SPI_OutDatac)
                  00003c44    00000038     LaunchPad.o (.text._Z15ActivatePortA_Bv)
                  00003c7c    00000034     ST7735.o (.text._Z12ST7735_writeiPKcj)
                  00003cb0    00000034     Clock.o (.text._Z14Clock_Delay1msj)
                  00003ce4    00000034     ST7735.o (.text._Z16ST7735_SetCursorjj)
                  00003d18    00000034     libc.a : fopen.c.obj (.text.__TI_cleanup)
                  00003d4c    00000034     libsysbm.a : trgmsg.c.obj (.text.__TI_readmsg)
                  00003d80    00000034                : trgmsg.c.obj (.text.__TI_writemsg)
                  00003db4    00000034     libc.a : exit.c.obj (.text.exit)
                  00003de8    00000034            : getdevice.c.obj (.text.finddevice)
                  00003e1c    00000034            : fopen.c.obj (.text.freopen)
                  00003e50    00000032     ST7735.o (.text._Z15ST7735_Color565hhh)
                  00003e82    00000002     --HOLE-- [fill = 0]
                  00003e84    00000030     ST7735.o (.text._ZL10commonInitPKh)
                  00003eb4    00000030     libc.a : _printfi.c.obj (.text._fcpy)
                  00003ee4    00000030            : fopen.c.obj (.text.fopen)
                  00003f14    0000002c     ST7735.o (.text._Z17ST7735_FillScreent)
                  00003f40    0000002c     libclang_rt.builtins.a : floatsidf.S.obj (.text.__floatsidf)
                  00003f6c    0000002c     libsysbm.a : unlink.c.obj (.text.unlink)
                  00003f98    00000028     TExaS.o (.text._Z9ADC_StartP10ADC12_Regs)
                  00003fc0    00000028     libc.a : memory.c.obj (.text.free_list_insert)
                  00003fe8    00000028     libsysbm.a : lseek.c.obj (.text.lseek)
                  00004010    00000028                : write.c.obj (.text.write)
                  00004038    00000028     libc.a : boot_cortex_m.c.obj (.text:_c_int00_noargs)
                  00004060    00000024     Lab7HMain.o (.text._Z6OutFixj)
                  00004084    00000024     libclang_rt.builtins.a : muldi3.S.obj (.text.__muldi3)
                  000040a8    00000022     libc.a : memccpy.c.obj (.text.memccpy)
                  000040ca    00000020     SlidePot.o (.text._ZN8SlidePot4SyncEv)
                  000040ea    0000001e     ST7735.o (.text._ZL9pushColort)
                  00004108    0000001e     libclang_rt.builtins.a : ashldi3.S.obj (.text.__ashldi3)
                  00004126    00000002     --HOLE-- [fill = 0]
                  00004128    0000001c     startup_mspm0g3507_ticlang.o (.text.Default_Handler)
                  00004144    0000001c     startup_mspm0g3507_ticlang.o (.text.HardFault_Handler)
                  00004160    0000001c     libc.a : memory.c.obj (.text.free_list_remove)
                  0000417c    0000001a     SlidePot.o (.text._ZN8SlidePot8DistanceEv)
                  00004196    00000002     --HOLE-- [fill = 0]
                  00004198    00000018     Lab7HMain.o (.text.__cxx_global_var_init)
                  000041b0    00000016     ST7735.o (.text._Z11ST7735_openPKcji)
                  000041c6    00000016     ST7735.o (.text._Z11ST7735_readiPcj)
                  000041dc    00000016     SlidePot.o (.text._ZN8SlidePotC2Ejj)
                  000041f2    00000016     libc.a : copy_zero_init.c.obj (.text:decompress:ZI:__TI_zero_init_nomemset)
                  00004208    00000014     SlidePot.o (.text._ZN8SlidePot4SaveEj)
                  0000421c    00000014     libclang_rt.builtins.a : aeabi_uldivmod.S.obj (.text.__aeabi_uldivmod)
                  00004230    00000014     libc.a : _printfi.c.obj (.text.strchr)
                  00004244    00000012            : memcpy16.S.obj (.text:TI_memcpy_small)
                  00004256    00000012            : copy_decompress_none.c.obj (.text:decompress:none)
                  00004268    00000010     Clock.o (.text._Z11Clock_Delayj)
                  00004278    00000010     Lab7HMain.o (.text._Z28TExaS_LaunchPadLogicPB27PB26v)
                  00004288    00000010     libc.a : wcslen.c.obj (.text.wcslen)
                  00004298    0000000e            : memory.c.obj (.text.OUTLINED_FUNCTION_0)
                  000042a6    0000000e     ST7735.o (.text._Z12ST7735_lseekili)
                  000042b4    0000000e     libclang_rt.builtins.a : aeabi_memset.S.obj (.text.__aeabi_memset)
                  000042c2    0000000e     libsysbm.a : hostrename.c.obj (.text.strcpy)
                  000042d0    0000000e     libc.a : _printfi.c.obj (.text.strlen)
                  000042de    0000000e     libsysbm.a : hostrename.c.obj (.text.strlen)
                  000042ec    0000000e     libc.a : memset16.S.obj (.text:TI_memset_small)
                  000042fa    00000002     --HOLE-- [fill = 0]
                  000042fc    0000000c     Clock.o (.text._Z10Clock_Freqv)
                  00004308    0000000c     ST7735.o (.text._Z13ST7735_renamePKcS0_)
                  00004314    0000000c     libclang_rt.builtins.a : aeabi_memset.S.obj (.text.__aeabi_memclr)
                  00004320    0000000c     libc.a : memory.c.obj (.text.malloc)
                  0000432c    0000000a            : _printfi.c.obj (.text.OUTLINED_FUNCTION_0)
                  00004336    00000002     --HOLE-- [fill = 0]
                  00004338    00000010     libclang_rt.builtins.a : adddf3.S.obj (.tramp.__aeabi_dsub.1)
                  00004348    0000000a     libc.a : _printfi.c.obj (.text.OUTLINED_FUNCTION_1)
                  00004352    0000000a     ST7735.o (.text._Z12ST7735_closei)
                  0000435c    0000000a     ST7735.o (.text._Z13ST7735_unlinkPKc)
                  00004366    0000000a     Lab7HMain.o (.text._Z8PLL_Initv)
                  00004370    00000008     libc.a : aeabi_portable.c.obj (.text.__aeabi_errno_addr)
                  00004378    00000008     libclang_rt.builtins.a : aeabi_memcpy.S.obj (.text.__aeabi_memcpy)
                  00004380    00000008     libc.a : printf.c.obj (.text._outc)
                  00004388    00000008            : printf.c.obj (.text._outs)
                  00004390    00000008            : fseek.c.obj (.text.fseek)
                  00004398    00000008     libsysbm.a : remove.c.obj (.text.remove)
                  000043a0    00000006     libc.a : exit.c.obj (.text:abort)
                  000043a6    00000004     libsysbm.a : hostexit.c.obj (.text.HOSTexit)
                  000043aa    00000004     startup_mspm0g3507_ticlang.o (.text.Reset_Handler)
                  000043ae    00000004     libc.a : pre_init.c.obj (.text._system_pre_init)
                  000043b2    0000000e     --HOLE-- [fill = 0]

.cinit     0    00004aa8    00000090     
                  00004aa8    0000006c     (.cinit..data.load) [load image, compression = lzss]
                  00004b14    0000000c     (__TI_handler_table)
                  00004b20    00000008     (.cinit..bss.load) [load image, compression = zero_init]
                  00004b28    00000010     (__TI_cinit_table)

.rodata    0    000043c0    000006e0     
                  000043c0    000004fb     ST7735.o (.rodata._ZL4Font)
                  000048bb    00000002     ST7735.o (.rodata.str1.18358205720993799461.1)
                  000048bd    00000003     --HOLE-- [fill = 0]
                  000048c0    00000101     libc.a : aeabi_ctype.S.obj (.rodata:__aeabi_ctype_table_)
                  000049c1    0000003b     ST7735.o (.rodata._ZL5Rcmd1)
                  000049fc    0000002b     ST7735.o (.rodata._ZL5Rcmd3)
                  00004a27    00000016     ST7735.o (.rodata.str1.14736978382213673245.1)
                  00004a3d    00000011     libc.a : _printfi.c.obj (.rodata.str1.10348868589481759720.1)
                  00004a4e    00000011            : _printfi.c.obj (.rodata.str1.15363888844622738466.1)
                  00004a5f    00000010     Lab7HMain.o (.rodata.str1.10789821448775998857.1)
                  00004a6f    0000000d     ST7735.o (.rodata._ZL10Rcmd2green)
                  00004a7c    0000000d     ST7735.o (.rodata._ZL8Rcmd2red)
                  00004a89    00000008     ST7735.o (.rodata.str1.7209918599617305731.1)
                  00004a91    00000007     ST7735.o (.rodata.str1.10208736415454880443.1)
                  00004a98    00000007     ST7735.o (.rodata.str1.8723687351022562626.1)
                  00004a9f    00000001     --HOLE-- [fill = 0]

.init_array 
*          0    00004aa0    00000008     
                  00004aa0    00000004     Lab7HMain.o (.init_array)
                  00004aa4    00000004     --HOLE-- [fill = 0]

.bss       0    20200000    00000203     UNINITIALIZED
                  20200000    00000120     libsysbm.a : trgmsg.c.obj (.bss:_CIOBUF_)
                  20200120    000000a0     libc.a : defs.c.obj (.bss.__TI_tmpnams)
                  202001c0    00000008     libsysbm.a : hostopen.c.obj (.bss.parmbuf)
                  202001c8    00000004     Lab7HMain.o (.bss.Data)
                  202001cc    00000004     Lab7HMain.o (.bss.Offset)
                  202001d0    00000004     Lab7HMain.o (.bss.OutFixtime)
                  202001d4    00000004     Lab7HMain.o (.bss.Position)
                  202001d8    00000004     TExaS.o (.bss.TExaSLogic)
                  202001dc    00000004     TExaS.o (.bss.TExaSadc)
                  202001e0    00000004     Lab7HMain.o (.bss.Time)
                  202001e4    00000004     ST7735.o (.bss.X)
                  202001e8    00000004     ST7735.o (.bss.Ymax)
                  202001ec    00000004     ST7735.o (.bss.Ymin)
                  202001f0    00000004     ST7735.o (.bss.Yrange)
                  202001f4    00000004     Lab7HMain.o (.bss.startTime)
                  202001f8    00000004     Lab7HMain.o (.bss.stopTime)
                  202001fc    00000004     libc.a : memory.c.obj (.bss.sys_free)
                  20200200    00000001     ST7735.o (.bss._ZL8ColStart)
                  20200201    00000001     ST7735.o (.bss._ZL8RowStart)
                  20200202    00000001     ST7735.o (.bss._ZL8TabColor)

.sysmem    0    20200208    00000200     UNINITIALIZED
                  20200208    00000010     libc.a : memory.c.obj (.sysmem)
                  20200218    000001f0     --HOLE--

.data      0    20200408    00000201     UNINITIALIZED
                  20200408    000000f0     libc.a : defs.c.obj (.data._ftable)
                  202004f8    00000078     libsysbm.a : host_device.c.obj (.data._device)
                  20200570    00000050                : host_device.c.obj (.data._stream)
                  202005c0    00000014     Lab7HMain.o (.data.Sensor)
                  202005d4    00000008     libc.a : exit.c.obj (.data..L_MergedGlobals)
                  202005dc    00000004     Clock.o (.data.BusFreq)
                  202005e0    00000004     ST7735.o (.data.StX)
                  202005e4    00000004     ST7735.o (.data.StY)
                  202005e8    00000004     libc.a : defs.c.obj (.data.__TI_ft_end)
                  202005ec    00000004            : aeabi_portable.c.obj (.data.__aeabi_errno)
                  202005f0    00000004            : _lock.c.obj (.data._lock)
                  202005f4    00000004            : _lock.c.obj (.data._unlock)
                  202005f8    00000002     ST7735.o (.data.StTextColor)
                  202005fa    00000002     ST7735.o (.data._ZL6_width)
                  202005fc    00000002     ST7735.o (.data._ZL7_height)
                  202005fe    00000002     --HOLE--
                  20200600    00000001     libsysbm.a : add_device.c.obj (.data.add_device.device_init)
                  20200601    00000003     --HOLE--
                  20200604    00000001     libc.a : memory.c.obj (.data.memory_is_initialized)
                  20200605    00000003     --HOLE--
                  20200608    00000001     libsysbm.a : open.c.obj (.data.open.stream_init)

.stack     0    20207e00    00000200     UNINITIALIZED
                  20207e00    00000004     libc.a : boot_cortex_m.c.obj (.stack)
                  20207e04    000001fc     --HOLE--

__llvm_prf_cnts 
*          0    20200000    00000000     UNINITIALIZED

__llvm_prf_bits 
*          0    20200000    00000000     UNINITIALIZED

MODULE SUMMARY

       Module                         code    ro data   rw data
       ------                         ----    -------   -------
    .\
       ST7735.o                       2692    1449      33     
       TExaS.o                        720     0         8      
       Lab7HMain.o                    554     20        48     
       Clock.o                        516     0         4      
       SPI.o                          440     0         0      
       Timer.o                        316     0         0      
       SlidePot.o                     296     0         0      
       LaunchPad.o                    180     0         0      
    +--+------------------------------+-------+---------+---------+
       Total:                         5714    1469      93     
                                                               
    .\ticlang\
       startup_mspm0g3507_ticlang.o   60      192       0      
    +--+------------------------------+-------+---------+---------+
       Total:                         60      192       0      
                                                               
    C:\TI\ccs2040\ccs\tools\compiler\ti-cgt-armllvm_4.0.4.LTS\lib\armv6m-ti-none-eabi/c/libc.a
       _printfi.c.obj                 4510    34        0      
       memory.c.obj                   702     0         5      
       fopen.c.obj                    556     0         0      
       defs.c.obj                     0       0         404    
       aeabi_ctype.S.obj              0       257       0      
       fputs.c.obj                    248     0         0      
       setvbuf.c.obj                  224     0         0      
       s_scalbn.c.obj                 216     0         0      
       getdevice.c.obj                160     0         0      
       fputc.c.obj                    156     0         0      
       strcmp-armv6m.S.obj            136     0         0      
       copy_decompress_lzss.c.obj     124     0         0      
       fclose.c.obj                   124     0         0      
       fseek.c.obj                    116     0         0      
       printf.c.obj                   108     0         0      
       _io_perm.c.obj                 100     0         0      
       s_frexp.c.obj                  92      0         0      
       _ltoa.c.obj                    88      0         0      
       autoinit.c.obj                 84      0         0      
       fflush.c.obj                   82      0         0      
       exit.c.obj                     58      0         8      
       atoi.c.obj                     64      0         0      
       boot_cortex_m.c.obj            40      0         0      
       memccpy.c.obj                  34      0         0      
       copy_zero_init.c.obj           22      0         0      
       copy_decompress_none.c.obj     18      0         0      
       memcpy16.S.obj                 18      0         0      
       wcslen.c.obj                   16      0         0      
       memset16.S.obj                 14      0         0      
       aeabi_portable.c.obj           8       0         4      
       _lock.c.obj                    2       0         8      
       pre_init.c.obj                 4       0         0      
    +--+------------------------------+-------+---------+---------+
       Total:                         8124    291       429    
                                                               
    C:\TI\ccs2040\ccs\tools\compiler\ti-cgt-armllvm_4.0.4.LTS\lib\armv6m-ti-none-eabi/c/libsysbm.a
       trgmsg.c.obj                   104     0         288    
       add_device.c.obj               236     0         1      
       host_device.c.obj              0       0         200    
       open.c.obj                     160     0         1      
       hostrename.c.obj               136     0         0      
       hostlseek.c.obj                108     0         0      
       hostopen.c.obj                 96      0         8      
       hostread.c.obj                 88      0         0      
       hostwrite.c.obj                88      0         0      
       close.c.obj                    80      0         0      
       hostclose.c.obj                72      0         0      
       hostunlink.c.obj               72      0         0      
       unlink.c.obj                   44      0         0      
       lseek.c.obj                    40      0         0      
       write.c.obj                    40      0         0      
       remove.c.obj                   8       0         0      
       hostexit.c.obj                 4       0         0      
    +--+------------------------------+-------+---------+---------+
       Total:                         1376    0         498    
                                                               
    C:\TI\ccs2040\ccs\tools\compiler\ti-cgt-armllvm_4.0.4.LTS\lib\armv6m-ti-none-eabi/libclang_rt.builtins.a
       adddf3.S.obj                   418     0         0      
       divdf3.S.obj                   268     0         0      
       muldf3.S.obj                   228     0         0      
       comparedf2.c.obj               220     0         0      
       udivmoddi4.S.obj               162     0         0      
       aeabi_dcmp.S.obj               98      0         0      
       aeabi_idivmod.S.obj            86      0         0      
       fixdfsi.S.obj                  74      0         0      
       aeabi_uidivmod.S.obj           64      0         0      
       muldsi3.S.obj                  58      0         0      
       floatsidf.S.obj                44      0         0      
       muldi3.S.obj                   36      0         0      
       ashldi3.S.obj                  30      0         0      
       aeabi_memset.S.obj             26      0         0      
       aeabi_uldivmod.S.obj           20      0         0      
       aeabi_memcpy.S.obj             8       0         0      
       aeabi_div0.c.obj               4       0         0      
    +--+------------------------------+-------+---------+---------+
       Total:                         1844    0         0      
                                                               
       Heap:                          0       0         512    
       Stack:                         0       0         512    
       Linker Generated:              0       144       0      
    +--+------------------------------+-------+---------+---------+
       Grand Total:                   17118   2096      2044   


LINKER GENERATED COPY TABLES

__TI_cinit_table @ 00004b28 records: 2, size/record: 8, table size: 16
	.data: load addr=00004aa8, load size=0000006c bytes, run addr=20200408, run size=00000201 bytes, compression=lzss
	.bss: load addr=00004b20, load size=00000008 bytes, run addr=20200000, run size=00000203 bytes, compression=zero_init


LINKER GENERATED HANDLER TABLE

__TI_handler_table @ 00004b14 records: 3, size/record: 4, table size: 12
	index: 0, handler: __TI_decompress_lzss
	index: 1, handler: __TI_decompress_none
	index: 2, handler: __TI_zero_init


FAR CALL TRAMPOLINES

callee name               trampoline name
   callee addr  tramp addr   call addr  call info
--------------  -----------  ---------  ----------------
__aeabi_dsub              $Tramp$TT$L$PI$$__aeabi_dsub
   000011e1     00004338     00004334   libc.a : _printfi.c.obj (.text.OUTLINED_FUNCTION_0)

[1 trampolines]
[1 trampoline calls]


GLOBAL SYMBOLS: SORTED ALPHABETICALLY BY Name 

address   name                             
-------   ----                             
00004129  ADC0_IRQHandler                  
00004129  ADC1_IRQHandler                  
00004129  AES_IRQHandler                   
202005dc  BusFreq                          
000043a6  C$$EXIT                          
00003dad  C$$IO$$                          
00004129  CANFD0_IRQHandler                
00004129  DAC0_IRQHandler                  
00004129  DMA_IRQHandler                   
202001c8  Data                             
00004129  Default_Handler                  
00004129  GROUP0_IRQHandler                
00004129  GROUP1_IRQHandler                
00003929  HOSTclose                        
000043a7  HOSTexit                         
00003065  HOSTlseek                        
00003411  HOSTopen                         
00003585  HOSTread                         
000030d1  HOSTrename                       
00003971  HOSTunlink                       
000035dd  HOSTwrite                        
00004145  HardFault_Handler                
00004129  I2C0_IRQHandler                  
00004129  I2C1_IRQHandler                  
00004129  NMI_Handler                      
202001cc  Offset                           
202001d0  OutFixtime                       
00004129  PendSV_Handler                   
202001d4  Position                         
00004129  RTC_IRQHandler                   
000043ab  Reset_Handler                    
00004aa0  SHT$$INIT_ARRAY$$Base            
00004aa4  SHT$$INIT_ARRAY$$Limit           
00004129  SPI0_IRQHandler                  
00004129  SPI1_IRQHandler                  
00004129  SVC_Handler                      
202005c0  Sensor                           
202005f8  StTextColor                      
202005e0  StX                              
202005e4  StY                              
00004129  SysTick_Handler                  
202001d8  TExaSLogic                       
202001dc  TExaSadc                         
00004129  TIMA0_IRQHandler                 
00004129  TIMA1_IRQHandler                 
00004129  TIMG0_IRQHandler                 
00003471  TIMG12_IRQHandler                
00004129  TIMG6_IRQHandler                 
00003a91  TIMG7_IRQHandler                 
00004129  TIMG8_IRQHandler                 
00004245  TI_memcpy_small                  
000042ed  TI_memset_small                  
202001e0  Time                             
00004129  UART0_IRQHandler                 
00004129  UART1_IRQHandler                 
00004129  UART2_IRQHandler                 
00004129  UART3_IRQHandler                 
202001e4  X                                
202001e8  Ymax                             
202001ec  Ymin                             
202001f0  Yrange                           
20200000  _CIOBUF_                         
000042fd  _Z10Clock_Freqv                  
00003635  _Z10TExaS_InitP10ADC12_RegsjPFhvE
00004269  _Z11Clock_Delayj                 
00003c0d  _Z11SPI_OutDatac                 
000041b1  _Z11ST7735_openPKcji             
000041c7  _Z11ST7735_readiPcj              
00002a55  _Z12ST7735_InitR10initRFlags     
00004353  _Z12ST7735_closei                
000042a7  _Z12ST7735_lseekili              
00003c7d  _Z12ST7735_writeiPKcj            
00004309  _Z13ST7735_renamePKcS0_          
0000435d  _Z13ST7735_unlinkPKc             
00003cb1  _Z14Clock_Delay1msj              
00002d1d  _Z14LaunchPad_Initv              
000039b9  _Z14SPI_OutCommandc              
0000243d  _Z14ST7735_OutCharc              
00002689  _Z14TimerG7_IntArmtjj            
00003c45  _Z15ActivatePortA_Bv             
00000e8d  _Z15Clock_Init80MHzi             
00003e51  _Z15ST7735_Color565hhh           
000019bd  _Z15ST7735_FillRectsssst         
00002aed  _Z15TimerG12_IntArmjj            
00001041  _Z16ST7735_DrawCharSsscssh       
00002ff5  _Z16ST7735_DrawPixelsst          
00002f0d  _Z16ST7735_PlotClearii           
0000250d  _Z16ST7735_PlotPointi            
00003ce5  _Z16ST7735_SetCursorjj           
00002c99  _Z17ST7735_DrawStringttPcs       
00003f15  _Z17ST7735_FillScreent           
00002879  _Z17ST7735_InitPrintf10initRFlags
000025d9  _Z20ST7735_DrawFastVLinessst     
00003a01  _Z20ST7735_PlotNextErasev        
00004279  _Z28TExaS_LaunchPadLogicPB27PB26v
00004061  _Z6OutFixj                       
00001775  _Z8ADC_InitP10ADC12_Regsjj       
00004367  _Z8PLL_Initv                     
00001cf5  _Z8SPI_Initv                     
00003f99  _Z9ADC_StartP10ADC12_Regs        
00003ad1  _Z9SPI_Resetv                    
00001fd1  _Z9UART_Initv                    
00003a49  _ZN8SlidePot2InEv                
00002d99  _ZN8SlidePot4InitEv              
00004209  _ZN8SlidePot4SaveEj              
000040cb  _ZN8SlidePot4SyncEv              
0000417d  _ZN8SlidePot8DistanceEv          
000041dd  _ZN8SlidePotC1Ejj                
000041dd  _ZN8SlidePotC2Ejj                
20200000  __CIOBUF_                        
20208000  __STACK_END                      
00000200  __STACK_SIZE                     
00000200  __SYSMEM_SIZE                    
00000000  __TI_ATRegion0_region_sz         
00000000  __TI_ATRegion0_src_addr          
00000000  __TI_ATRegion0_trg_addr          
00000000  __TI_ATRegion1_region_sz         
00000000  __TI_ATRegion1_src_addr          
00000000  __TI_ATRegion1_trg_addr          
00000000  __TI_ATRegion2_region_sz         
00000000  __TI_ATRegion2_src_addr          
00000000  __TI_ATRegion2_trg_addr          
00004b28  __TI_CINIT_Base                  
00004b38  __TI_CINIT_Limit                 
00004b38  __TI_CINIT_Warm                  
00004b14  __TI_Handler_Table_Base          
00004b20  __TI_Handler_Table_Limit         
00003795  __TI_auto_init_nobinit           
00003d19  __TI_cleanup                     
202005d4  __TI_cleanup_ptr                 
00002e15  __TI_closefile                   
00002e91  __TI_decompress_lzss             
00004257  __TI_decompress_none             
000037e9  __TI_doflush                     
202005d8  __TI_dtors_ptr                   
202005e8  __TI_ft_end                      
0000368d  __TI_ltoa                        
ffffffff  __TI_pprof_out_hndl              
000000c1  __TI_printfi                     
ffffffff  __TI_prof_data_size              
ffffffff  __TI_prof_data_start             
00003d4d  __TI_readmsg                     
00000000  __TI_static_base__               
20200120  __TI_tmpnams                     
00003d81  __TI_writemsg                    
000032e3  __TI_wrt_ok                      
000041f3  __TI_zero_init_nomemset          
000011eb  __adddf3                         
000048c0  __aeabi_ctype_table_             
000048c0  __aeabi_ctype_table_C            
000038dd  __aeabi_d2iz                     
000011eb  __aeabi_dadd                     
000033ad  __aeabi_dcmpeq                   
000033e9  __aeabi_dcmpge                   
000033fd  __aeabi_dcmpgt                   
000033d5  __aeabi_dcmple                   
000033c1  __aeabi_dcmplt                   
00001be9  __aeabi_ddiv                     
000021a1  __aeabi_dmul                     
000011e1  __aeabi_dsub                     
202005ec  __aeabi_errno                    
00004371  __aeabi_errno_addr               
00003f41  __aeabi_i2d                      
0000373d  __aeabi_idiv                     
00001373  __aeabi_idiv0                    
0000373d  __aeabi_idivmod                  
000027d3  __aeabi_ldiv0                    
00004109  __aeabi_llsl                     
00004085  __aeabi_lmul                     
00004315  __aeabi_memclr                   
00004315  __aeabi_memclr4                  
00004315  __aeabi_memclr8                  
00004379  __aeabi_memcpy                   
00004379  __aeabi_memcpy4                  
00004379  __aeabi_memcpy8                  
000042b5  __aeabi_memset                   
000042b5  __aeabi_memset4                  
000042b5  __aeabi_memset8                  
00003b11  __aeabi_uidiv                    
00003b11  __aeabi_uidivmod                 
0000421d  __aeabi_uldivmod                 
00004109  __ashldi3                        
ffffffff  __binit__                        
00003215  __cmpdf2                         
00001be9  __divdf3                         
00003215  __eqdf2                          
000038dd  __fixdfsi                        
00003f41  __floatsidf                      
00002f81  __gedf2                          
00002f81  __gtdf2                          
00003215  __ledf2                          
00003215  __ltdf2                          
UNDEFED   __mpu_init                       
000021a1  __muldf3                         
00004085  __muldi3                         
00003bd1  __muldsi3                        
00003215  __nedf2                          
20207e00  __stack                          
20200000  __start___llvm_prf_bits          
20200000  __start___llvm_prf_cnts          
20200000  __stop___llvm_prf_bits           
20200000  __stop___llvm_prf_cnts           
000011e1  __subdf3                         
000027d5  __udivmoddi4                     
00004039  _c_int00_noargs                  
202004f8  _device                          
20200408  _ftable                          
202005f0  _lock                            
00002877  _nop                             
20200570  _stream                          
20200208  _sys_memory                      
UNDEFED   _system_post_cinit               
000043af  _system_pre_init                 
202005f4  _unlock                          
000043a1  abort                            
00001ee5  add_device                       
00001ad5  aligned_alloc                    
00003b91  atoi                             
ffffffff  binit                            
0000388d  close                            
00003db5  exit                             
00003de9  finddevice                       
00003ee5  fopen                            
000029b9  fputc                            
00001ded  fputs                            
000020b9  free                             
00003e1d  freopen                          
000034cd  frexp                            
000034cd  frexpl                           
00004391  fseek                            
0000313d  fseeko                           
000031a9  getdevice                        
00000000  interruptVectors                 
00002365  ldexp                            
00002365  ldexpl                           
00003fe9  lseek                            
00001375  main                             
00004321  malloc                           
00001ad5  memalign                         
000040a9  memccpy                          
00002919  open                             
202001c0  parmbuf                          
00003529  printf                           
00004399  remove                           
00002365  scalbn                           
00002365  scalbnl                          
00002285  setvbuf                          
202001f4  startTime                        
202001f8  stopTime                         
00002c11  strcmp                           
00003f6d  unlink                           
00004289  wcslen                           
00004011  write                            


GLOBAL SYMBOLS: SORTED BY Symbol Address 

address   name                             
-------   ----                             
00000000  __TI_ATRegion0_region_sz         
00000000  __TI_ATRegion0_src_addr          
00000000  __TI_ATRegion0_trg_addr          
00000000  __TI_ATRegion1_region_sz         
00000000  __TI_ATRegion1_src_addr          
00000000  __TI_ATRegion1_trg_addr          
00000000  __TI_ATRegion2_region_sz         
00000000  __TI_ATRegion2_src_addr          
00000000  __TI_ATRegion2_trg_addr          
00000000  __TI_static_base__               
00000000  interruptVectors                 
000000c1  __TI_printfi                     
00000200  __STACK_SIZE                     
00000200  __SYSMEM_SIZE                    
00000e8d  _Z15Clock_Init80MHzi             
00001041  _Z16ST7735_DrawCharSsscssh       
000011e1  __aeabi_dsub                     
000011e1  __subdf3                         
000011eb  __adddf3                         
000011eb  __aeabi_dadd                     
00001373  __aeabi_idiv0                    
00001375  main                             
00001775  _Z8ADC_InitP10ADC12_Regsjj       
000019bd  _Z15ST7735_FillRectsssst         
00001ad5  aligned_alloc                    
00001ad5  memalign                         
00001be9  __aeabi_ddiv                     
00001be9  __divdf3                         
00001cf5  _Z8SPI_Initv                     
00001ded  fputs                            
00001ee5  add_device                       
00001fd1  _Z9UART_Initv                    
000020b9  free                             
000021a1  __aeabi_dmul                     
000021a1  __muldf3                         
00002285  setvbuf                          
00002365  ldexp                            
00002365  ldexpl                           
00002365  scalbn                           
00002365  scalbnl                          
0000243d  _Z14ST7735_OutCharc              
0000250d  _Z16ST7735_PlotPointi            
000025d9  _Z20ST7735_DrawFastVLinessst     
00002689  _Z14TimerG7_IntArmtjj            
000027d3  __aeabi_ldiv0                    
000027d5  __udivmoddi4                     
00002877  _nop                             
00002879  _Z17ST7735_InitPrintf10initRFlags
00002919  open                             
000029b9  fputc                            
00002a55  _Z12ST7735_InitR10initRFlags     
00002aed  _Z15TimerG12_IntArmjj            
00002c11  strcmp                           
00002c99  _Z17ST7735_DrawStringttPcs       
00002d1d  _Z14LaunchPad_Initv              
00002d99  _ZN8SlidePot4InitEv              
00002e15  __TI_closefile                   
00002e91  __TI_decompress_lzss             
00002f0d  _Z16ST7735_PlotClearii           
00002f81  __gedf2                          
00002f81  __gtdf2                          
00002ff5  _Z16ST7735_DrawPixelsst          
00003065  HOSTlseek                        
000030d1  HOSTrename                       
0000313d  fseeko                           
000031a9  getdevice                        
00003215  __cmpdf2                         
00003215  __eqdf2                          
00003215  __ledf2                          
00003215  __ltdf2                          
00003215  __nedf2                          
000032e3  __TI_wrt_ok                      
000033ad  __aeabi_dcmpeq                   
000033c1  __aeabi_dcmplt                   
000033d5  __aeabi_dcmple                   
000033e9  __aeabi_dcmpge                   
000033fd  __aeabi_dcmpgt                   
00003411  HOSTopen                         
00003471  TIMG12_IRQHandler                
000034cd  frexp                            
000034cd  frexpl                           
00003529  printf                           
00003585  HOSTread                         
000035dd  HOSTwrite                        
00003635  _Z10TExaS_InitP10ADC12_RegsjPFhvE
0000368d  __TI_ltoa                        
0000373d  __aeabi_idiv                     
0000373d  __aeabi_idivmod                  
00003795  __TI_auto_init_nobinit           
000037e9  __TI_doflush                     
0000388d  close                            
000038dd  __aeabi_d2iz                     
000038dd  __fixdfsi                        
00003929  HOSTclose                        
00003971  HOSTunlink                       
000039b9  _Z14SPI_OutCommandc              
00003a01  _Z20ST7735_PlotNextErasev        
00003a49  _ZN8SlidePot2InEv                
00003a91  TIMG7_IRQHandler                 
00003ad1  _Z9SPI_Resetv                    
00003b11  __aeabi_uidiv                    
00003b11  __aeabi_uidivmod                 
00003b91  atoi                             
00003bd1  __muldsi3                        
00003c0d  _Z11SPI_OutDatac                 
00003c45  _Z15ActivatePortA_Bv             
00003c7d  _Z12ST7735_writeiPKcj            
00003cb1  _Z14Clock_Delay1msj              
00003ce5  _Z16ST7735_SetCursorjj           
00003d19  __TI_cleanup                     
00003d4d  __TI_readmsg                     
00003d81  __TI_writemsg                    
00003dad  C$$IO$$                          
00003db5  exit                             
00003de9  finddevice                       
00003e1d  freopen                          
00003e51  _Z15ST7735_Color565hhh           
00003ee5  fopen                            
00003f15  _Z17ST7735_FillScreent           
00003f41  __aeabi_i2d                      
00003f41  __floatsidf                      
00003f6d  unlink                           
00003f99  _Z9ADC_StartP10ADC12_Regs        
00003fe9  lseek                            
00004011  write                            
00004039  _c_int00_noargs                  
00004061  _Z6OutFixj                       
00004085  __aeabi_lmul                     
00004085  __muldi3                         
000040a9  memccpy                          
000040cb  _ZN8SlidePot4SyncEv              
00004109  __aeabi_llsl                     
00004109  __ashldi3                        
00004129  ADC0_IRQHandler                  
00004129  ADC1_IRQHandler                  
00004129  AES_IRQHandler                   
00004129  CANFD0_IRQHandler                
00004129  DAC0_IRQHandler                  
00004129  DMA_IRQHandler                   
00004129  Default_Handler                  
00004129  GROUP0_IRQHandler                
00004129  GROUP1_IRQHandler                
00004129  I2C0_IRQHandler                  
00004129  I2C1_IRQHandler                  
00004129  NMI_Handler                      
00004129  PendSV_Handler                   
00004129  RTC_IRQHandler                   
00004129  SPI0_IRQHandler                  
00004129  SPI1_IRQHandler                  
00004129  SVC_Handler                      
00004129  SysTick_Handler                  
00004129  TIMA0_IRQHandler                 
00004129  TIMA1_IRQHandler                 
00004129  TIMG0_IRQHandler                 
00004129  TIMG6_IRQHandler                 
00004129  TIMG8_IRQHandler                 
00004129  UART0_IRQHandler                 
00004129  UART1_IRQHandler                 
00004129  UART2_IRQHandler                 
00004129  UART3_IRQHandler                 
00004145  HardFault_Handler                
0000417d  _ZN8SlidePot8DistanceEv          
000041b1  _Z11ST7735_openPKcji             
000041c7  _Z11ST7735_readiPcj              
000041dd  _ZN8SlidePotC1Ejj                
000041dd  _ZN8SlidePotC2Ejj                
000041f3  __TI_zero_init_nomemset          
00004209  _ZN8SlidePot4SaveEj              
0000421d  __aeabi_uldivmod                 
00004245  TI_memcpy_small                  
00004257  __TI_decompress_none             
00004269  _Z11Clock_Delayj                 
00004279  _Z28TExaS_LaunchPadLogicPB27PB26v
00004289  wcslen                           
000042a7  _Z12ST7735_lseekili              
000042b5  __aeabi_memset                   
000042b5  __aeabi_memset4                  
000042b5  __aeabi_memset8                  
000042ed  TI_memset_small                  
000042fd  _Z10Clock_Freqv                  
00004309  _Z13ST7735_renamePKcS0_          
00004315  __aeabi_memclr                   
00004315  __aeabi_memclr4                  
00004315  __aeabi_memclr8                  
00004321  malloc                           
00004353  _Z12ST7735_closei                
0000435d  _Z13ST7735_unlinkPKc             
00004367  _Z8PLL_Initv                     
00004371  __aeabi_errno_addr               
00004379  __aeabi_memcpy                   
00004379  __aeabi_memcpy4                  
00004379  __aeabi_memcpy8                  
00004391  fseek                            
00004399  remove                           
000043a1  abort                            
000043a6  C$$EXIT                          
000043a7  HOSTexit                         
000043ab  Reset_Handler                    
000043af  _system_pre_init                 
000048c0  __aeabi_ctype_table_             
000048c0  __aeabi_ctype_table_C            
00004aa0  SHT$$INIT_ARRAY$$Base            
00004aa4  SHT$$INIT_ARRAY$$Limit           
00004b14  __TI_Handler_Table_Base          
00004b20  __TI_Handler_Table_Limit         
00004b28  __TI_CINIT_Base                  
00004b38  __TI_CINIT_Limit                 
00004b38  __TI_CINIT_Warm                  
20200000  _CIOBUF_                         
20200000  __CIOBUF_                        
20200000  __start___llvm_prf_bits          
20200000  __start___llvm_prf_cnts          
20200000  __stop___llvm_prf_bits           
20200000  __stop___llvm_prf_cnts           
20200120  __TI_tmpnams                     
202001c0  parmbuf                          
202001c8  Data                             
202001cc  Offset                           
202001d0  OutFixtime                       
202001d4  Position                         
202001d8  TExaSLogic                       
202001dc  TExaSadc                         
202001e0  Time                             
202001e4  X                                
202001e8  Ymax                             
202001ec  Ymin                             
202001f0  Yrange                           
202001f4  startTime                        
202001f8  stopTime                         
20200208  _sys_memory                      
20200408  _ftable                          
202004f8  _device                          
20200570  _stream                          
202005c0  Sensor                           
202005d4  __TI_cleanup_ptr                 
202005d8  __TI_dtors_ptr                   
202005dc  BusFreq                          
202005e0  StX                              
202005e4  StY                              
202005e8  __TI_ft_end                      
202005ec  __aeabi_errno                    
202005f0  _lock                            
202005f4  _unlock                          
202005f8  StTextColor                      
20207e00  __stack                          
20208000  __STACK_END                      
ffffffff  __TI_pprof_out_hndl              
ffffffff  __TI_prof_data_size              
ffffffff  __TI_prof_data_start             
ffffffff  __binit__                        
ffffffff  binit                            
UNDEFED   __mpu_init                       
UNDEFED   _system_post_cinit               

[253 symbols]
