******************************************************************************
            TI ARM Clang Linker PC v4.0.4                      
******************************************************************************
>> Linked Tue Apr 21 22:02:51 2026

OUTPUT FILE NAME:   <ECE319K_Lab9.out>
ENTRY POINT SYMBOL: "_c_int00_noargs"  address: 0000205d


MEMORY CONFIGURATION

         name            origin    length      used     unused   attr    fill
----------------------  --------  ---------  --------  --------  ----  --------
  FLASH                 00000000   00020000  000036c8  0001c938  R  X
  SRAM                  20200000   00008000  000007d0  00007830  RW X
  BCR_CONFIG            41c00000   00000080  00000000  00000080  R   
  BSL_CONFIG            41c00100   00000080  00000000  00000080  R   


SEGMENT ALLOCATION MAP

run origin  load origin   length   init length attrs members
----------  ----------- ---------- ----------- ----- -------
00000000    00000000    000036c8   000036c8    r-x
  00000000    00000000    000000c0   000000c0    r-- .intvecs
  000000c0    000000c0    000021a0   000021a0    r-x .text
  00002260    00002260    000013d0   000013d0    r-- .rodata
  00003630    00003630    00000098   00000098    r-- .cinit
20200000    20200000    000005d1   00000000    rw-
  20200000    20200000    00000200   00000000    rw- .sysmem
  20200200    20200200    000001e7   00000000    rw- .bss
  202003e8    202003e8    000001e9   00000000    rw- .data
20207e00    20207e00    00000200   00000000    rw-
  20207e00    20207e00    00000200   00000000    rw- .stack


SECTION ALLOCATION MAP

 output                                  attributes/
section   page    origin      length       input sections
--------  ----  ----------  ----------   ----------------
.intvecs   0    00000000    000000c0     
                  00000000    000000c0     startup_mspm0g3507_ticlang.o (.intvecs)

.text      0    000000c0    000021a0     
                  000000c0    00000210     ST7735.o (.text.ST7735_DrawBitmap)
                  000002d0    000001b4     Clock.o (.text.Clock_Init80MHz)
                  00000484    000001a8     ST7735.o (.text.ST7735_DrawChar)
                  0000062c    00000180     SmallFont.o (.text.SmallFont_OutVertical)
                  000007ac    00000174     Lab9Main.o (.text.main)
                  00000920    00000154     libc.a : fopen.c.obj (.text._openfile)
                  00000a74    00000118     ST7735.o (.text.ST7735_FillRect)
                  00000b8c    00000114     libc.a : memory.c.obj (.text.aligned_alloc)
                  00000ca0    000000f8     SPI.o (.text.SPI_Init)
                  00000d98    000000ec     libsysbm.a : add_device.c.obj (.text.add_device)
                  00000e84    000000e8     libc.a : memory.c.obj (.text.free)
                  00000f6c    000000e0            : setvbuf.c.obj (.text.setvbuf)
                  0000104c    000000d0     ST7735.o (.text.ST7735_OutChar)
                  0000111c    000000a2     ST7735.o (.text.commandList)
                  000011be    00000002     Sound.o (.text.SysTick_Handler)
                  000011c0    000000a0     libsysbm.a : open.c.obj (.text.open)
                  00001260    0000009c     ST7735.o (.text.ST7735_InitPrintf)
                  000012fc    00000098     ST7735.o (.text.ST7735_InitR)
                  00001394    00000088     ST7735.o (.text.setAddrWindow)
                  0000141c    00000004     libsysbm.a : hostexit.c.obj (.text.HOSTexit)
                  00001420    00000088     libc.a : strcmp-armv6m.S.obj (.text:strcmp)
                  000014a8    00000084     ST7735.o (.text.ST7735_DrawString)
                  0000152c    00000084     ST7735.o (.text.ST7735_OutUDec)
                  000015b0    0000007c     LaunchPad.o (.text.LaunchPad_Init)
                  0000162c    0000007c     libc.a : fclose.c.obj (.text.__TI_closefile)
                  000016a8    0000007c            : copy_decompress_lzss.c.obj (.text:decompress:lzss)
                  00001724    0000006c     libsysbm.a : hostlseek.c.obj (.text.HOSTlseek)
                  00001790    0000006c                : hostrename.c.obj (.text.HOSTrename)
                  000017fc    0000006c     libc.a : getdevice.c.obj (.text.getdevice)
                  00001868    00000064            : memory.c.obj (.text.split)
                  000018cc    00000060     libsysbm.a : hostopen.c.obj (.text.HOSTopen)
                  0000192c    00000058                : hostread.c.obj (.text.HOSTread)
                  00001984    00000058                : hostwrite.c.obj (.text.HOSTwrite)
                  000019dc    00000054     ST7735.o (.text.fillmessage)
                  00001a30    00000052     libc.a : fflush.c.obj (.text.__TI_doflush)
                  00001a82    00000002     libclang_rt.builtins.a : aeabi_div0.c.obj (.text.__aeabi_idiv0)
                  00001a84    00000050     libsysbm.a : close.c.obj (.text.close)
                  00001ad4    00000048                : hostclose.c.obj (.text.HOSTclose)
                  00001b1c    00000048                : hostunlink.c.obj (.text.HOSTunlink)
                  00001b64    00000048     SPI.o (.text.SPI_OutCommand)
                  00001bac    00000040     SPI.o (.text.SPI_Reset)
                  00001bec    00000040     TExaS.o (.text.TIMG7_IRQHandler)
                  00001c2c    00000040     libclang_rt.builtins.a : aeabi_uidivmod.S.obj (.text.__aeabi_uidivmod)
                  00001c6c    00000040     libc.a : fopen.c.obj (.text._search_fp)
                  00001cac    0000003c            : autoinit.c.obj (.text:__TI_auto_init_nobinit_nopinit)
                  00001ce8    00000038     LaunchPad.o (.text.ActivatePortA_B)
                  00001d20    00000038     SPI.o (.text.SPI_OutData)
                  00001d58    00000034     Clock.o (.text.Clock_Delay1ms)
                  00001d8c    00000034     ST7735.o (.text.ST7735_SetCursor)
                  00001dc0    00000034     ST7735.o (.text.ST7735_write)
                  00001df4    00000034     libc.a : fopen.c.obj (.text.__TI_cleanup)
                  00001e28    00000034     libsysbm.a : trgmsg.c.obj (.text.__TI_readmsg)
                  00001e5c    00000034                : trgmsg.c.obj (.text.__TI_writemsg)
                  00001e90    00000034     libc.a : exit.c.obj (.text.exit)
                  00001ec4    00000034            : getdevice.c.obj (.text.finddevice)
                  00001ef8    00000034            : fopen.c.obj (.text.freopen)
                  00001f2c    00000030     ST7735.o (.text.commonInit)
                  00001f5c    00000030     libc.a : fopen.c.obj (.text.fopen)
                  00001f8c    0000002c     ST7735.o (.text.ST7735_FillScreen)
                  00001fb8    0000002c     libsysbm.a : unlink.c.obj (.text.unlink)
                  00001fe4    00000028     Lab9Main.o (.text.TIMG12_IRQHandler)
                  0000200c    00000028     libc.a : memory.c.obj (.text.free_list_insert)
                  00002034    00000028     libsysbm.a : write.c.obj (.text.write)
                  0000205c    00000028     libc.a : boot_cortex_m.c.obj (.text:_c_int00_noargs)
                  00002084    00000026     ST7735.o (.text.ST7735_OutString)
                  000020aa    0000001e     ST7735.o (.text.pushColor)
                  000020c8    0000001c     startup_mspm0g3507_ticlang.o (.text.Default_Handler)
                  000020e4    0000001c     startup_mspm0g3507_ticlang.o (.text.HardFault_Handler)
                  00002100    0000001c     libc.a : memory.c.obj (.text.free_list_remove)
                  0000211c    00000016     ST7735.o (.text.ST7735_open)
                  00002132    00000016     ST7735.o (.text.ST7735_read)
                  00002148    00000016     libc.a : copy_zero_init.c.obj (.text:decompress:ZI:__TI_zero_init_nomemset)
                  0000215e    00000012            : memcpy16.S.obj (.text:TI_memcpy_small)
                  00002170    00000012            : copy_decompress_none.c.obj (.text:decompress:none)
                  00002182    00000010     Clock.o (.text.Clock_Delay)
                  00002192    00000010     LaunchPad.o (.text.Delay)
                  000021a2    0000000e     libc.a : memory.c.obj (.text.OUTLINED_FUNCTION_0)
                  000021b0    0000000e     ST7735.o (.text.ST7735_lseek)
                  000021be    0000000e     libsysbm.a : hostrename.c.obj (.text.strcpy)
                  000021cc    0000000e                : hostrename.c.obj (.text.strlen)
                  000021da    0000000e     libc.a : memset16.S.obj (.text:TI_memset_small)
                  000021e8    0000000c     Clock.o (.text.Clock_Freq)
                  000021f4    0000000c     ST7735.o (.text.ST7735_rename)
                  00002200    0000000c     libclang_rt.builtins.a : aeabi_memset.S.obj (.text.__aeabi_memclr)
                  0000220c    0000000c     libc.a : memory.c.obj (.text.malloc)
                  00002218    0000000a     Lab9Main.o (.text.PLL_Init)
                  00002222    0000000a     ST7735.o (.text.ST7735_close)
                  0000222c    0000000a     ST7735.o (.text.ST7735_unlink)
                  00002236    00000002     libc.a : _lock.c.obj (.text._nop)
                  00002238    00000008     libclang_rt.builtins.a : aeabi_memcpy.S.obj (.text.__aeabi_memcpy)
                  00002240    00000008     libsysbm.a : remove.c.obj (.text.remove)
                  00002248    00000006     libc.a : exit.c.obj (.text:abort)
                  0000224e    00000004     startup_mspm0g3507_ticlang.o (.text.Reset_Handler)
                  00002252    00000004     libc.a : pre_init.c.obj (.text._system_pre_init)
                  00002256    0000000a     --HOLE-- [fill = 0]

.cinit     0    00003630    00000098     
                  00003630    0000006e     (.cinit..data.load) [load image, compression = lzss]
                  0000369e    00000002     --HOLE-- [fill = 0]
                  000036a0    0000000c     (__TI_handler_table)
                  000036ac    00000008     (.cinit..bss.load) [load image, compression = zero_init]
                  000036b4    00000010     (__TI_cinit_table)
                  000036c4    00000004     --HOLE-- [fill = 0]

.rodata    0    00002260    000013d0     
                  00002260    000004fb     ST7735.o (.rodata.Font)
                  0000275b    00000001     --HOLE-- [fill = 0]
                  0000275c    00000258     SmallFont.o (.rodata.SmallFontVertical)
                  000029b4    00000140     Lab9Main.o (.rodata.SmallEnemy10pointA)
                  00002af4    00000140     Lab9Main.o (.rodata.SmallEnemy10pointB)
                  00002c34    00000140     Lab9Main.o (.rodata.SmallEnemy20pointA)
                  00002d74    00000140     Lab9Main.o (.rodata.SmallEnemy20pointB)
                  00002eb4    00000140     Lab9Main.o (.rodata.SmallEnemy30pointA)
                  00002ff4    00000120     Lab9Main.o (.rodata.PlayerShip0)
                  00003114    00000120     Lab9Main.o (.rodata.PlayerShip1)
                  00003234    00000120     Lab9Main.o (.rodata.PlayerShip2)
                  00003354    00000120     Lab9Main.o (.rodata.PlayerShip3)
                  00003474    000000b4     Lab9Main.o (.rodata.Bunker0)
                  00003528    0000003c     SmallFont.o (.rodata.dblank)
                  00003564    0000003b     ST7735.o (.rodata.Rcmd1)
                  0000359f    0000002b     ST7735.o (.rodata.Rcmd3)
                  000035ca    00000016     ST7735.o (.rodata.str1.2132471336006292093.1)
                  000035e0    0000000d     ST7735.o (.rodata.Rcmd2green)
                  000035ed    0000000d     ST7735.o (.rodata.Rcmd2red)
                  000035fa    0000000b     Lab9Main.o (.rodata.str1.11818004548092502666.1)
                  00003605    0000000a     Lab9Main.o (.rodata.str1.1552820457024920173.1)
                  0000360f    0000000a     Lab9Main.o (.rodata.str1.17612660480073915159.1)
                  00003619    00000008     ST7735.o (.rodata.str1.14694424544768695619.1)
                  00003621    00000007     ST7735.o (.rodata.str1.1448485181700679404.1)
                  00003628    00000002     ST7735.o (.rodata.str1.4408429423603725162.1)
                  0000362a    00000006     --HOLE-- [fill = 0]

.init_array 
*          0    00000000    00000000     UNINITIALIZED

.binit     0    00000000    00000000     

.sysmem    0    20200000    00000200     UNINITIALIZED
                  20200000    00000010     libc.a : memory.c.obj (.sysmem)
                  20200010    000001f0     --HOLE--

.bss       0    20200200    000001e7     UNINITIALIZED
                  20200200    00000120     libsysbm.a : trgmsg.c.obj (.bss:_CIOBUF_)
                  20200320    000000a0     libc.a : defs.c.obj (.bss.__TI_tmpnams)
                  202003c0    0000000c     (.common:Message)
                  202003cc    00000008     libsysbm.a : hostopen.c.obj (.bss.parmbuf)
                  202003d4    00000004     libc.a : memory.c.obj (.bss.sys_free)
                  202003d8    00000004     (.common:Messageindex)
                  202003dc    00000004     (.common:TExaSLogic)
                  202003e0    00000004     (.common:TExaSadc)
                  202003e4    00000001     ST7735.o (.bss.ColStart)
                  202003e5    00000001     ST7735.o (.bss.RowStart)
                  202003e6    00000001     ST7735.o (.bss.TabColor)

.data      0    202003e8    000001e9     UNINITIALIZED
                  202003e8    000000f0     libc.a : defs.c.obj (.data._ftable)
                  202004d8    00000078     libsysbm.a : host_device.c.obj (.data._device)
                  20200550    00000050                : host_device.c.obj (.data._stream)
                  202005a0    00000008     libc.a : exit.c.obj (.data..L_MergedGlobals)
                  202005a8    00000004     Clock.o (.data.BusFreq)
                  202005ac    00000004     ST7735.o (.data.StX)
                  202005b0    00000004     ST7735.o (.data.StY)
                  202005b4    00000004     libc.a : defs.c.obj (.data.__TI_ft_end)
                  202005b8    00000004            : _lock.c.obj (.data._lock)
                  202005bc    00000004            : _lock.c.obj (.data._unlock)
                  202005c0    00000002     ST7735.o (.data.StTextColor)
                  202005c2    00000002     ST7735.o (.data._height)
                  202005c4    00000002     ST7735.o (.data._width)
                  202005c6    00000002     --HOLE--
                  202005c8    00000001     libsysbm.a : add_device.c.obj (.data.add_device.device_init)
                  202005c9    00000003     --HOLE--
                  202005cc    00000001     libc.a : memory.c.obj (.data.memory_is_initialized)
                  202005cd    00000003     --HOLE--
                  202005d0    00000001     libsysbm.a : open.c.obj (.data.open.stream_init)

.stack     0    20207e00    00000200     UNINITIALIZED
                  20207e00    00000004     libc.a : boot_cortex_m.c.obj (.stack)
                  20207e04    000001fc     --HOLE--

__llvm_prf_cnts 
*          0    20200000    00000000     UNINITIALIZED

__llvm_prf_bits 
*          0    20200000    00000000     UNINITIALIZED

MODULE SUMMARY

       Module                         code   ro data   rw data
       ------                         ----   -------   -------
    .\
       ST7735.o                       2748   1442      33     
       Lab9Main.o                     422    2963      0      
       SmallFont.o                    384    660       0      
       Clock.o                        516    0         4      
       SPI.o                          440    0         0      
       LaunchPad.o                    196    0         0      
       TExaS.o                        64     0         8      
       Sound.o                        2      0         0      
    +--+------------------------------+------+---------+---------+
       Total:                         4772   5065      45     
                                                              
    .\ticlang\
       startup_mspm0g3507_ticlang.o   60     192       0      
    +--+------------------------------+------+---------+---------+
       Total:                         60     192       0      
                                                              
    C:\TI\ccs2040\ccs\tools\compiler\ti-cgt-armllvm_4.0.4.LTS\lib\armv6m-ti-none-eabi/c/libc.a
       memory.c.obj                   702    0         5      
       fopen.c.obj                    556    0         0      
       defs.c.obj                     0      0         404    
       setvbuf.c.obj                  224    0         0      
       getdevice.c.obj                160    0         0      
       strcmp-armv6m.S.obj            136    0         0      
       copy_decompress_lzss.c.obj     124    0         0      
       fclose.c.obj                   124    0         0      
       fflush.c.obj                   82     0         0      
       exit.c.obj                     58     0         8      
       autoinit.c.obj                 60     0         0      
       boot_cortex_m.c.obj            40     0         0      
       copy_zero_init.c.obj           22     0         0      
       copy_decompress_none.c.obj     18     0         0      
       memcpy16.S.obj                 18     0         0      
       memset16.S.obj                 14     0         0      
       _lock.c.obj                    2      0         8      
       pre_init.c.obj                 4      0         0      
    +--+------------------------------+------+---------+---------+
       Total:                         2344   0         425    
                                                              
    C:\TI\ccs2040\ccs\tools\compiler\ti-cgt-armllvm_4.0.4.LTS\lib\armv6m-ti-none-eabi/c/libsysbm.a
       trgmsg.c.obj                   104    0         288    
       add_device.c.obj               236    0         1      
       host_device.c.obj              0      0         200    
       open.c.obj                     160    0         1      
       hostrename.c.obj               136    0         0      
       hostlseek.c.obj                108    0         0      
       hostopen.c.obj                 96     0         8      
       hostread.c.obj                 88     0         0      
       hostwrite.c.obj                88     0         0      
       close.c.obj                    80     0         0      
       hostclose.c.obj                72     0         0      
       hostunlink.c.obj               72     0         0      
       unlink.c.obj                   44     0         0      
       write.c.obj                    40     0         0      
       remove.c.obj                   8      0         0      
       hostexit.c.obj                 4      0         0      
    +--+------------------------------+------+---------+---------+
       Total:                         1336   0         498    
                                                              
    C:\TI\ccs2040\ccs\tools\compiler\ti-cgt-armllvm_4.0.4.LTS\lib\armv6m-ti-none-eabi/libclang_rt.builtins.a
       aeabi_uidivmod.S.obj           64     0         0      
       aeabi_memset.S.obj             12     0         0      
       aeabi_memcpy.S.obj             8      0         0      
       aeabi_div0.c.obj               2      0         0      
    +--+------------------------------+------+---------+---------+
       Total:                         86     0         0      
                                                              
       Heap:                          0      0         512    
       Stack:                         0      0         512    
       Linker Generated:              0      146       0      
    +--+------------------------------+------+---------+---------+
       Grand Total:                   8598   5403      1992   


LINKER GENERATED COPY TABLES

__TI_cinit_table @ 000036b4 records: 2, size/record: 8, table size: 16
	.data: load addr=00003630, load size=0000006e bytes, run addr=202003e8, run size=000001e9 bytes, compression=lzss
	.bss: load addr=000036ac, load size=00000008 bytes, run addr=20200200, run size=000001e7 bytes, compression=zero_init


LINKER GENERATED HANDLER TABLE

__TI_handler_table @ 000036a0 records: 3, size/record: 4, table size: 12
	index: 0, handler: __TI_decompress_lzss
	index: 1, handler: __TI_decompress_none
	index: 2, handler: __TI_zero_init


GLOBAL SYMBOLS: SORTED ALPHABETICALLY BY Name 

address   name                          
-------   ----                          
000020c9  ADC0_IRQHandler               
000020c9  ADC1_IRQHandler               
000020c9  AES_IRQHandler                
00001ce9  ActivatePortA_B               
00003474  Bunker0                       
202005a8  BusFreq                       
0000141c  C$$EXIT                       
00001e89  C$$IO$$                       
000020c9  CANFD0_IRQHandler             
00002183  Clock_Delay                   
00001d59  Clock_Delay1ms                
000021e9  Clock_Freq                    
000002d1  Clock_Init80MHz               
000020c9  DAC0_IRQHandler               
000020c9  DMA_IRQHandler                
000020c9  Default_Handler               
00002193  Delay                         
000020c9  GROUP0_IRQHandler             
000020c9  GROUP1_IRQHandler             
00001ad5  HOSTclose                     
0000141d  HOSTexit                      
00001725  HOSTlseek                     
000018cd  HOSTopen                      
0000192d  HOSTread                      
00001791  HOSTrename                    
00001b1d  HOSTunlink                    
00001985  HOSTwrite                     
000020e5  HardFault_Handler             
000020c9  I2C0_IRQHandler               
000020c9  I2C1_IRQHandler               
000015b1  LaunchPad_Init                
202003c0  Message                       
202003d8  Messageindex                  
000020c9  NMI_Handler                   
00002219  PLL_Init                      
000020c9  PendSV_Handler                
00002ff4  PlayerShip0                   
00003114  PlayerShip1                   
00003234  PlayerShip2                   
00003354  PlayerShip3                   
000020c9  RTC_IRQHandler                
0000224f  Reset_Handler                 
000020c9  SPI0_IRQHandler               
000020c9  SPI1_IRQHandler               
00000ca1  SPI_Init                      
00001b65  SPI_OutCommand                
00001d21  SPI_OutData                   
00001bad  SPI_Reset                     
000000c1  ST7735_DrawBitmap             
00000485  ST7735_DrawChar               
000014a9  ST7735_DrawString             
00000a75  ST7735_FillRect               
00001f8d  ST7735_FillScreen             
00001261  ST7735_InitPrintf             
000012fd  ST7735_InitR                  
0000104d  ST7735_OutChar                
00002085  ST7735_OutString              
0000152d  ST7735_OutUDec                
00001d8d  ST7735_SetCursor              
00002223  ST7735_close                  
000021b1  ST7735_lseek                  
0000211d  ST7735_open                   
00002133  ST7735_read                   
000021f5  ST7735_rename                 
0000222d  ST7735_unlink                 
00001dc1  ST7735_write                  
000020c9  SVC_Handler                   
000029b4  SmallEnemy10pointA            
00002af4  SmallEnemy10pointB            
00002c34  SmallEnemy20pointA            
00002d74  SmallEnemy20pointB            
00002eb4  SmallEnemy30pointA            
0000275c  SmallFontVertical             
0000062d  SmallFont_OutVertical         
202005c0  StTextColor                   
202005ac  StX                           
202005b0  StY                           
000011bf  SysTick_Handler               
202003dc  TExaSLogic                    
202003e0  TExaSadc                      
000020c9  TIMA0_IRQHandler              
000020c9  TIMA1_IRQHandler              
000020c9  TIMG0_IRQHandler              
00001fe5  TIMG12_IRQHandler             
000020c9  TIMG6_IRQHandler              
00001bed  TIMG7_IRQHandler              
000020c9  TIMG8_IRQHandler              
0000215f  TI_memcpy_small               
000021db  TI_memset_small               
000020c9  UART0_IRQHandler              
000020c9  UART1_IRQHandler              
000020c9  UART2_IRQHandler              
000020c9  UART3_IRQHandler              
20200200  _CIOBUF_                      
20200200  __CIOBUF_                     
20208000  __STACK_END                   
00000200  __STACK_SIZE                  
00000200  __SYSMEM_SIZE                 
00000000  __TI_ATRegion0_region_sz      
00000000  __TI_ATRegion0_src_addr       
00000000  __TI_ATRegion0_trg_addr       
00000000  __TI_ATRegion1_region_sz      
00000000  __TI_ATRegion1_src_addr       
00000000  __TI_ATRegion1_trg_addr       
00000000  __TI_ATRegion2_region_sz      
00000000  __TI_ATRegion2_src_addr       
00000000  __TI_ATRegion2_trg_addr       
000036b4  __TI_CINIT_Base               
000036c4  __TI_CINIT_Limit              
000036c4  __TI_CINIT_Warm               
000036a0  __TI_Handler_Table_Base       
000036ac  __TI_Handler_Table_Limit      
00001cad  __TI_auto_init_nobinit_nopinit
00001df5  __TI_cleanup                  
202005a0  __TI_cleanup_ptr              
0000162d  __TI_closefile                
000016a9  __TI_decompress_lzss          
00002171  __TI_decompress_none          
00001a31  __TI_doflush                  
202005a4  __TI_dtors_ptr                
202005b4  __TI_ft_end                   
ffffffff  __TI_pprof_out_hndl           
ffffffff  __TI_prof_data_size           
ffffffff  __TI_prof_data_start          
00001e29  __TI_readmsg                  
00000000  __TI_static_base__            
20200320  __TI_tmpnams                  
00001e5d  __TI_writemsg                 
00002149  __TI_zero_init_nomemset       
00001a83  __aeabi_idiv0                 
00002201  __aeabi_memclr                
00002201  __aeabi_memclr4               
00002201  __aeabi_memclr8               
00002239  __aeabi_memcpy                
00002239  __aeabi_memcpy4               
00002239  __aeabi_memcpy8               
00001c2d  __aeabi_uidiv                 
00001c2d  __aeabi_uidivmod              
ffffffff  __binit__                     
UNDEFED   __mpu_init                    
20207e00  __stack                       
20200000  __start___llvm_prf_bits       
20200000  __start___llvm_prf_cnts       
20200000  __stop___llvm_prf_bits        
20200000  __stop___llvm_prf_cnts        
0000205d  _c_int00_noargs               
202004d8  _device                       
202003e8  _ftable                       
202005b8  _lock                         
00002237  _nop                          
20200550  _stream                       
20200000  _sys_memory                   
UNDEFED   _system_post_cinit            
00002253  _system_pre_init              
202005bc  _unlock                       
00002249  abort                         
00000d99  add_device                    
00000b8d  aligned_alloc                 
ffffffff  binit                         
00001a85  close                         
00003528  dblank                        
00001e91  exit                          
000019dd  fillmessage                   
00001ec5  finddevice                    
00001f5d  fopen                         
00000e85  free                          
00001ef9  freopen                       
000017fd  getdevice                     
00000000  interruptVectors              
000007ad  main                          
0000220d  malloc                        
00000b8d  memalign                      
000011c1  open                          
202003cc  parmbuf                       
00002241  remove                        
00000f6d  setvbuf                       
00001421  strcmp                        
00001fb9  unlink                        
00002035  write                         


GLOBAL SYMBOLS: SORTED BY Symbol Address 

address   name                          
-------   ----                          
00000000  __TI_ATRegion0_region_sz      
00000000  __TI_ATRegion0_src_addr       
00000000  __TI_ATRegion0_trg_addr       
00000000  __TI_ATRegion1_region_sz      
00000000  __TI_ATRegion1_src_addr       
00000000  __TI_ATRegion1_trg_addr       
00000000  __TI_ATRegion2_region_sz      
00000000  __TI_ATRegion2_src_addr       
00000000  __TI_ATRegion2_trg_addr       
00000000  __TI_static_base__            
00000000  interruptVectors              
000000c1  ST7735_DrawBitmap             
00000200  __STACK_SIZE                  
00000200  __SYSMEM_SIZE                 
000002d1  Clock_Init80MHz               
00000485  ST7735_DrawChar               
0000062d  SmallFont_OutVertical         
000007ad  main                          
00000a75  ST7735_FillRect               
00000b8d  aligned_alloc                 
00000b8d  memalign                      
00000ca1  SPI_Init                      
00000d99  add_device                    
00000e85  free                          
00000f6d  setvbuf                       
0000104d  ST7735_OutChar                
000011bf  SysTick_Handler               
000011c1  open                          
00001261  ST7735_InitPrintf             
000012fd  ST7735_InitR                  
0000141c  C$$EXIT                       
0000141d  HOSTexit                      
00001421  strcmp                        
000014a9  ST7735_DrawString             
0000152d  ST7735_OutUDec                
000015b1  LaunchPad_Init                
0000162d  __TI_closefile                
000016a9  __TI_decompress_lzss          
00001725  HOSTlseek                     
00001791  HOSTrename                    
000017fd  getdevice                     
000018cd  HOSTopen                      
0000192d  HOSTread                      
00001985  HOSTwrite                     
000019dd  fillmessage                   
00001a31  __TI_doflush                  
00001a83  __aeabi_idiv0                 
00001a85  close                         
00001ad5  HOSTclose                     
00001b1d  HOSTunlink                    
00001b65  SPI_OutCommand                
00001bad  SPI_Reset                     
00001bed  TIMG7_IRQHandler              
00001c2d  __aeabi_uidiv                 
00001c2d  __aeabi_uidivmod              
00001cad  __TI_auto_init_nobinit_nopinit
00001ce9  ActivatePortA_B               
00001d21  SPI_OutData                   
00001d59  Clock_Delay1ms                
00001d8d  ST7735_SetCursor              
00001dc1  ST7735_write                  
00001df5  __TI_cleanup                  
00001e29  __TI_readmsg                  
00001e5d  __TI_writemsg                 
00001e89  C$$IO$$                       
00001e91  exit                          
00001ec5  finddevice                    
00001ef9  freopen                       
00001f5d  fopen                         
00001f8d  ST7735_FillScreen             
00001fb9  unlink                        
00001fe5  TIMG12_IRQHandler             
00002035  write                         
0000205d  _c_int00_noargs               
00002085  ST7735_OutString              
000020c9  ADC0_IRQHandler               
000020c9  ADC1_IRQHandler               
000020c9  AES_IRQHandler                
000020c9  CANFD0_IRQHandler             
000020c9  DAC0_IRQHandler               
000020c9  DMA_IRQHandler                
000020c9  Default_Handler               
000020c9  GROUP0_IRQHandler             
000020c9  GROUP1_IRQHandler             
000020c9  I2C0_IRQHandler               
000020c9  I2C1_IRQHandler               
000020c9  NMI_Handler                   
000020c9  PendSV_Handler                
000020c9  RTC_IRQHandler                
000020c9  SPI0_IRQHandler               
000020c9  SPI1_IRQHandler               
000020c9  SVC_Handler                   
000020c9  TIMA0_IRQHandler              
000020c9  TIMA1_IRQHandler              
000020c9  TIMG0_IRQHandler              
000020c9  TIMG6_IRQHandler              
000020c9  TIMG8_IRQHandler              
000020c9  UART0_IRQHandler              
000020c9  UART1_IRQHandler              
000020c9  UART2_IRQHandler              
000020c9  UART3_IRQHandler              
000020e5  HardFault_Handler             
0000211d  ST7735_open                   
00002133  ST7735_read                   
00002149  __TI_zero_init_nomemset       
0000215f  TI_memcpy_small               
00002171  __TI_decompress_none          
00002183  Clock_Delay                   
00002193  Delay                         
000021b1  ST7735_lseek                  
000021db  TI_memset_small               
000021e9  Clock_Freq                    
000021f5  ST7735_rename                 
00002201  __aeabi_memclr                
00002201  __aeabi_memclr4               
00002201  __aeabi_memclr8               
0000220d  malloc                        
00002219  PLL_Init                      
00002223  ST7735_close                  
0000222d  ST7735_unlink                 
00002237  _nop                          
00002239  __aeabi_memcpy                
00002239  __aeabi_memcpy4               
00002239  __aeabi_memcpy8               
00002241  remove                        
00002249  abort                         
0000224f  Reset_Handler                 
00002253  _system_pre_init              
0000275c  SmallFontVertical             
000029b4  SmallEnemy10pointA            
00002af4  SmallEnemy10pointB            
00002c34  SmallEnemy20pointA            
00002d74  SmallEnemy20pointB            
00002eb4  SmallEnemy30pointA            
00002ff4  PlayerShip0                   
00003114  PlayerShip1                   
00003234  PlayerShip2                   
00003354  PlayerShip3                   
00003474  Bunker0                       
00003528  dblank                        
000036a0  __TI_Handler_Table_Base       
000036ac  __TI_Handler_Table_Limit      
000036b4  __TI_CINIT_Base               
000036c4  __TI_CINIT_Limit              
000036c4  __TI_CINIT_Warm               
20200000  __start___llvm_prf_bits       
20200000  __start___llvm_prf_cnts       
20200000  __stop___llvm_prf_bits        
20200000  __stop___llvm_prf_cnts        
20200000  _sys_memory                   
20200200  _CIOBUF_                      
20200200  __CIOBUF_                     
20200320  __TI_tmpnams                  
202003c0  Message                       
202003cc  parmbuf                       
202003d8  Messageindex                  
202003dc  TExaSLogic                    
202003e0  TExaSadc                      
202003e8  _ftable                       
202004d8  _device                       
20200550  _stream                       
202005a0  __TI_cleanup_ptr              
202005a4  __TI_dtors_ptr                
202005a8  BusFreq                       
202005ac  StX                           
202005b0  StY                           
202005b4  __TI_ft_end                   
202005b8  _lock                         
202005bc  _unlock                       
202005c0  StTextColor                   
20207e00  __stack                       
20208000  __STACK_END                   
ffffffff  __TI_pprof_out_hndl           
ffffffff  __TI_prof_data_size           
ffffffff  __TI_prof_data_start          
ffffffff  __binit__                     
ffffffff  binit                         
UNDEFED   __mpu_init                    
UNDEFED   _system_post_cinit            

[179 symbols]
