******************************************************************************
            TI ARM Clang Linker PC v4.0.4                      
******************************************************************************
>> Linked Wed Apr  8 12:36:04 2026

OUTPUT FILE NAME:   <ECE319K_Lab8H.out>
ENTRY POINT SYMBOL: "_c_int00_noargs"  address: 00000785


MEMORY CONFIGURATION

         name            origin    length      used     unused   attr    fill
----------------------  --------  ---------  --------  --------  ----  --------
  FLASH                 00000000   00020000  00000958  0001f6a8  R  X
  SRAM                  20200000   00008000  0000046c  00007b94  RW X
  BCR_CONFIG            41c00000   00000080  00000000  00000080  R   
  BSL_CONFIG            41c00100   00000080  00000000  00000080  R   


SEGMENT ALLOCATION MAP

run origin  load origin   length   init length attrs members
----------  ----------- ---------- ----------- ----- -------
00000000    00000000    00000958   00000958    r-x
  00000000    00000000    000000c0   000000c0    r-- .intvecs
  000000c0    000000c0    00000860   00000860    r-x .text
  00000920    00000920    00000008   00000008    r-- .init_array
  00000928    00000928    00000030   00000030    r-- .cinit
20200000    20200000    0000026c   00000000    rw-
  20200000    20200000    00000200   00000000    rw- .sysmem
  20200200    20200200    00000068   00000000    rw- .data
  20200268    20200268    00000004   00000000    rw- .bss
20207e00    20207e00    00000200   00000000    rw-
  20207e00    20207e00    00000200   00000000    rw- .stack


SECTION ALLOCATION MAP

 output                                  attributes/
section   page    origin      length       input sections
--------  ----  ----------  ----------   ----------------
.intvecs   0    00000000    000000c0     
                  00000000    000000c0     startup_mspm0g3507_ticlang.o (.intvecs)

.binit     0    00000000    00000000     

.text      0    000000c0    00000860     
                  000000c0    000001b4     Clock.o (.text._Z15Clock_Init80MHzi)
                  00000274    000000b4     Lab8HMain.o (.text.TIMG12_IRQHandler)
                  00000328    00000094     Timer.o (.text._Z15TimerG12_IntArmjj)
                  000003bc    00000090     IRxmt.o (.text._Z13IRxmt_SendBiti)
                  0000044c    0000007c     LaunchPad.o (.text._Z14LaunchPad_Initv)
                  000004c8    0000007c     SlidePot.o (.text._ZN8SlidePot4InitEv)
                  00000544    0000007c     libc.a : copy_decompress_lzss.c.obj (.text:decompress:lzss)
                  000005c0    00000054            : autoinit.c.obj (.text:__TI_auto_init_nobinit)
                  00000614    00000048     SlidePot.o (.text._ZN8SlidePot2InEv)
                  0000065c    00000042     IRxmt.o (.text._Z13IRxmt_OutCharc)
                  0000069e    00000002     libclang_rt.builtins.a : aeabi_div0.c.obj (.text.__aeabi_idiv0)
                  000006a0    00000040                            : aeabi_uidivmod.S.obj (.text.__aeabi_uidivmod)
                  000006e0    00000040     Lab8HMain.o (.text.main)
                  00000720    00000038     LaunchPad.o (.text._Z15ActivatePortA_Bv)
                  00000758    0000002c     UART2.o (.text.UART2_IRQHandler)
                  00000784    00000028     libc.a : boot_cortex_m.c.obj (.text:_c_int00_noargs)
                  000007ac    00000024     IRxmt.o (.text._Z10IRxmt_Initv)
                  000007d0    0000001c     startup_mspm0g3507_ticlang.o (.text.Default_Handler)
                  000007ec    0000001c     startup_mspm0g3507_ticlang.o (.text.HardFault_Handler)
                  00000808    0000001a     SlidePot.o (.text._ZN8SlidePot8DistanceEv)
                  00000822    00000002     --HOLE-- [fill = 0]
                  00000824    00000018     Lab8HMain.o (.text.__cxx_global_var_init)
                  0000083c    00000016     SlidePot.o (.text._ZN8SlidePotC2Ejj)
                  00000852    00000016     libc.a : copy_zero_init.c.obj (.text:decompress:ZI:__TI_zero_init_nomemset)
                  00000868    00000014     SlidePot.o (.text._ZN8SlidePot4SaveEj)
                  0000087c    00000012     libc.a : memcpy16.S.obj (.text:TI_memcpy_small)
                  0000088e    00000012            : copy_decompress_none.c.obj (.text:decompress:none)
                  000008a0    00000010     Clock.o (.text._Z11Clock_Delayj)
                  000008b0    00000010     Lab8HMain.o (.text.__cxx_global_var_init.1)
                  000008c0    00000010     UART2.o (.text.__cxx_global_var_init)
                  000008d0    0000000c     Lab8HMain.o (.text._GLOBAL__sub_I_Lab8HMain.cpp)
                  000008dc    0000000c     IRxmt.o (.text._Z5Delayj)
                  000008e8    0000000a     Lab8HMain.o (.text._Z8PLL_Initv)
                  000008f2    0000000a     FIFO2.o (.text._ZN5QueueC2Ev)
                  000008fc    00000008     UART2.o (.text._GLOBAL__sub_I_UART2.cpp)
                  00000904    00000008     libclang_rt.builtins.a : aeabi_memcpy.S.obj (.text.__aeabi_memcpy)
                  0000090c    00000006     libc.a : exit.c.obj (.text:abort)
                  00000912    00000004     libsysbm.a : hostexit.c.obj (.text.HOSTexit)
                  00000916    00000004     startup_mspm0g3507_ticlang.o (.text.Reset_Handler)
                  0000091a    00000004     libc.a : pre_init.c.obj (.text._system_pre_init)
                  0000091e    00000002     --HOLE-- [fill = 0]

.cinit     0    00000928    00000030     
                  00000928    0000000c     (__TI_handler_table)
                  00000934    0000000b     (.cinit..data.load) [load image, compression = lzss]
                  0000093f    00000001     --HOLE-- [fill = 0]
                  00000940    00000008     (.cinit..bss.load) [load image, compression = zero_init]
                  00000948    00000010     (__TI_cinit_table)

.init_array 
*          0    00000920    00000008     
                  00000920    00000004     UART2.o (.init_array)
                  00000924    00000004     Lab8HMain.o (.init_array)

.sysmem    0    20200000    00000200     UNINITIALIZED
                  20200000    00000010     libc.a : memory.c.obj (.sysmem)
                  20200010    000001f0     --HOLE--

.data      0    20200200    00000068     UNINITIALIZED
                  20200200    00000028     UART2.o (.data.FIFO2)
                  20200228    00000028     Lab8HMain.o (.data.FIFO)
                  20200250    00000014     Lab8HMain.o (.data.Sensor)
                  20200264    00000004     Clock.o (.data.BusFreq)

.bss       0    20200268    00000004     UNINITIALIZED
                  20200268    00000004     Lab8HMain.o (.bss.TransmitCount)

.stack     0    20207e00    00000200     UNINITIALIZED
                  20207e00    00000004     libc.a : boot_cortex_m.c.obj (.stack)
                  20207e04    000001fc     --HOLE--

__llvm_prf_cnts 
*          0    20200000    00000000     UNINITIALIZED

__llvm_prf_bits 
*          0    20200000    00000000     UNINITIALIZED

MODULE SUMMARY

       Module                         code   ro data   rw data
       ------                         ----   -------   -------
    .\
       Clock.o                        452    0         4      
       Lab8HMain.o                    306    4         64     
       SlidePot.o                     264    0         0      
       IRxmt.o                        258    0         0      
       LaunchPad.o                    180    0         0      
       Timer.o                        148    0         0      
       UART2.o                        68     4         40     
       FIFO2.o                        10     0         0      
    +--+------------------------------+------+---------+---------+
       Total:                         1686   8         108    
                                                              
    .\ticlang\
       startup_mspm0g3507_ticlang.o   60     192       0      
    +--+------------------------------+------+---------+---------+
       Total:                         60     192       0      
                                                              
    C:\TI\ccs2040\ccs\tools\compiler\ti-cgt-armllvm_4.0.4.LTS\lib\armv6m-ti-none-eabi/c/libc.a
       copy_decompress_lzss.c.obj     124    0         0      
       autoinit.c.obj                 84     0         0      
       boot_cortex_m.c.obj            40     0         0      
       copy_zero_init.c.obj           22     0         0      
       copy_decompress_none.c.obj     18     0         0      
       memcpy16.S.obj                 18     0         0      
       exit.c.obj                     6      0         0      
       pre_init.c.obj                 4      0         0      
    +--+------------------------------+------+---------+---------+
       Total:                         316    0         0      
                                                              
    C:\TI\ccs2040\ccs\tools\compiler\ti-cgt-armllvm_4.0.4.LTS\lib\armv6m-ti-none-eabi/c/libsysbm.a
       hostexit.c.obj                 4      0         0      
    +--+------------------------------+------+---------+---------+
       Total:                         4      0         0      
                                                              
    C:\TI\ccs2040\ccs\tools\compiler\ti-cgt-armllvm_4.0.4.LTS\lib\armv6m-ti-none-eabi/libclang_rt.builtins.a
       aeabi_uidivmod.S.obj           64     0         0      
       aeabi_memcpy.S.obj             8      0         0      
       aeabi_div0.c.obj               2      0         0      
    +--+------------------------------+------+---------+---------+
       Total:                         74     0         0      
                                                              
       Heap:                          0      0         512    
       Stack:                         0      0         512    
       Linker Generated:              0      47        0      
    +--+------------------------------+------+---------+---------+
       Grand Total:                   2140   247       1132   


LINKER GENERATED COPY TABLES

__TI_cinit_table @ 00000948 records: 2, size/record: 8, table size: 16
	.data: load addr=00000934, load size=0000000b bytes, run addr=20200200, run size=00000068 bytes, compression=lzss
	.bss: load addr=00000940, load size=00000008 bytes, run addr=20200268, run size=00000004 bytes, compression=zero_init


LINKER GENERATED HANDLER TABLE

__TI_handler_table @ 00000928 records: 3, size/record: 4, table size: 12
	index: 0, handler: __TI_decompress_lzss
	index: 1, handler: __TI_decompress_none
	index: 2, handler: __TI_zero_init


GLOBAL SYMBOLS: SORTED ALPHABETICALLY BY Name 

address   name                    
-------   ----                    
000007d1  ADC0_IRQHandler         
000007d1  ADC1_IRQHandler         
000007d1  AES_IRQHandler          
20200264  BusFreq                 
00000912  C$$EXIT                 
000007d1  CANFD0_IRQHandler       
000007d1  DAC0_IRQHandler         
000007d1  DMA_IRQHandler          
000007d1  Default_Handler         
20200228  FIFO                    
20200200  FIFO2                   
000007d1  GROUP0_IRQHandler       
000007d1  GROUP1_IRQHandler       
00000913  HOSTexit                
000007ed  HardFault_Handler       
000007d1  I2C0_IRQHandler         
000007d1  I2C1_IRQHandler         
000007d1  NMI_Handler             
000007d1  PendSV_Handler          
000007d1  RTC_IRQHandler          
00000917  Reset_Handler           
00000920  SHT$$INIT_ARRAY$$Base   
00000928  SHT$$INIT_ARRAY$$Limit  
000007d1  SPI0_IRQHandler         
000007d1  SPI1_IRQHandler         
000007d1  SVC_Handler             
20200250  Sensor                  
000007d1  SysTick_Handler         
000007d1  TIMA0_IRQHandler        
000007d1  TIMA1_IRQHandler        
000007d1  TIMG0_IRQHandler        
00000275  TIMG12_IRQHandler       
000007d1  TIMG6_IRQHandler        
000007d1  TIMG7_IRQHandler        
000007d1  TIMG8_IRQHandler        
0000087d  TI_memcpy_small         
20200268  TransmitCount           
000007d1  UART0_IRQHandler        
000007d1  UART1_IRQHandler        
00000759  UART2_IRQHandler        
000007d1  UART3_IRQHandler        
000007ad  _Z10IRxmt_Initv         
000008a1  _Z11Clock_Delayj        
0000065d  _Z13IRxmt_OutCharc      
000003bd  _Z13IRxmt_SendBiti      
0000044d  _Z14LaunchPad_Initv     
00000721  _Z15ActivatePortA_Bv    
000000c1  _Z15Clock_Init80MHzi    
00000329  _Z15TimerG12_IntArmjj   
000008dd  _Z5Delayj               
000008e9  _Z8PLL_Initv            
000008f3  _ZN5QueueC1Ev           
000008f3  _ZN5QueueC2Ev           
00000615  _ZN8SlidePot2InEv       
000004c9  _ZN8SlidePot4InitEv     
00000869  _ZN8SlidePot4SaveEj     
00000809  _ZN8SlidePot8DistanceEv 
0000083d  _ZN8SlidePotC1Ejj       
0000083d  _ZN8SlidePotC2Ejj       
20208000  __STACK_END             
00000200  __STACK_SIZE            
00000200  __SYSMEM_SIZE           
00000000  __TI_ATRegion0_region_sz
00000000  __TI_ATRegion0_src_addr 
00000000  __TI_ATRegion0_trg_addr 
00000000  __TI_ATRegion1_region_sz
00000000  __TI_ATRegion1_src_addr 
00000000  __TI_ATRegion1_trg_addr 
00000000  __TI_ATRegion2_region_sz
00000000  __TI_ATRegion2_src_addr 
00000000  __TI_ATRegion2_trg_addr 
00000948  __TI_CINIT_Base         
00000958  __TI_CINIT_Limit        
00000958  __TI_CINIT_Warm         
00000928  __TI_Handler_Table_Base 
00000934  __TI_Handler_Table_Limit
000005c1  __TI_auto_init_nobinit  
00000545  __TI_decompress_lzss    
0000088f  __TI_decompress_none    
ffffffff  __TI_pprof_out_hndl     
ffffffff  __TI_prof_data_size     
ffffffff  __TI_prof_data_start    
00000000  __TI_static_base__      
00000853  __TI_zero_init_nomemset 
0000069f  __aeabi_idiv0           
00000905  __aeabi_memcpy          
00000905  __aeabi_memcpy4         
00000905  __aeabi_memcpy8         
000006a1  __aeabi_uidiv           
000006a1  __aeabi_uidivmod        
ffffffff  __binit__               
UNDEFED   __mpu_init              
20207e00  __stack                 
20200000  __start___llvm_prf_bits 
20200000  __start___llvm_prf_cnts 
20200000  __stop___llvm_prf_bits  
20200000  __stop___llvm_prf_cnts  
00000785  _c_int00_noargs         
20200000  _sys_memory             
UNDEFED   _system_post_cinit      
0000091b  _system_pre_init        
0000090d  abort                   
ffffffff  binit                   
00000000  interruptVectors        
000006e1  main                    


GLOBAL SYMBOLS: SORTED BY Symbol Address 

address   name                    
-------   ----                    
00000000  __TI_ATRegion0_region_sz
00000000  __TI_ATRegion0_src_addr 
00000000  __TI_ATRegion0_trg_addr 
00000000  __TI_ATRegion1_region_sz
00000000  __TI_ATRegion1_src_addr 
00000000  __TI_ATRegion1_trg_addr 
00000000  __TI_ATRegion2_region_sz
00000000  __TI_ATRegion2_src_addr 
00000000  __TI_ATRegion2_trg_addr 
00000000  __TI_static_base__      
00000000  interruptVectors        
000000c1  _Z15Clock_Init80MHzi    
00000200  __STACK_SIZE            
00000200  __SYSMEM_SIZE           
00000275  TIMG12_IRQHandler       
00000329  _Z15TimerG12_IntArmjj   
000003bd  _Z13IRxmt_SendBiti      
0000044d  _Z14LaunchPad_Initv     
000004c9  _ZN8SlidePot4InitEv     
00000545  __TI_decompress_lzss    
000005c1  __TI_auto_init_nobinit  
00000615  _ZN8SlidePot2InEv       
0000065d  _Z13IRxmt_OutCharc      
0000069f  __aeabi_idiv0           
000006a1  __aeabi_uidiv           
000006a1  __aeabi_uidivmod        
000006e1  main                    
00000721  _Z15ActivatePortA_Bv    
00000759  UART2_IRQHandler        
00000785  _c_int00_noargs         
000007ad  _Z10IRxmt_Initv         
000007d1  ADC0_IRQHandler         
000007d1  ADC1_IRQHandler         
000007d1  AES_IRQHandler          
000007d1  CANFD0_IRQHandler       
000007d1  DAC0_IRQHandler         
000007d1  DMA_IRQHandler          
000007d1  Default_Handler         
000007d1  GROUP0_IRQHandler       
000007d1  GROUP1_IRQHandler       
000007d1  I2C0_IRQHandler         
000007d1  I2C1_IRQHandler         
000007d1  NMI_Handler             
000007d1  PendSV_Handler          
000007d1  RTC_IRQHandler          
000007d1  SPI0_IRQHandler         
000007d1  SPI1_IRQHandler         
000007d1  SVC_Handler             
000007d1  SysTick_Handler         
000007d1  TIMA0_IRQHandler        
000007d1  TIMA1_IRQHandler        
000007d1  TIMG0_IRQHandler        
000007d1  TIMG6_IRQHandler        
000007d1  TIMG7_IRQHandler        
000007d1  TIMG8_IRQHandler        
000007d1  UART0_IRQHandler        
000007d1  UART1_IRQHandler        
000007d1  UART3_IRQHandler        
000007ed  HardFault_Handler       
00000809  _ZN8SlidePot8DistanceEv 
0000083d  _ZN8SlidePotC1Ejj       
0000083d  _ZN8SlidePotC2Ejj       
00000853  __TI_zero_init_nomemset 
00000869  _ZN8SlidePot4SaveEj     
0000087d  TI_memcpy_small         
0000088f  __TI_decompress_none    
000008a1  _Z11Clock_Delayj        
000008dd  _Z5Delayj               
000008e9  _Z8PLL_Initv            
000008f3  _ZN5QueueC1Ev           
000008f3  _ZN5QueueC2Ev           
00000905  __aeabi_memcpy          
00000905  __aeabi_memcpy4         
00000905  __aeabi_memcpy8         
0000090d  abort                   
00000912  C$$EXIT                 
00000913  HOSTexit                
00000917  Reset_Handler           
0000091b  _system_pre_init        
00000920  SHT$$INIT_ARRAY$$Base   
00000928  SHT$$INIT_ARRAY$$Limit  
00000928  __TI_Handler_Table_Base 
00000934  __TI_Handler_Table_Limit
00000948  __TI_CINIT_Base         
00000958  __TI_CINIT_Limit        
00000958  __TI_CINIT_Warm         
20200000  __start___llvm_prf_bits 
20200000  __start___llvm_prf_cnts 
20200000  __stop___llvm_prf_bits  
20200000  __stop___llvm_prf_cnts  
20200000  _sys_memory             
20200200  FIFO2                   
20200228  FIFO                    
20200250  Sensor                  
20200264  BusFreq                 
20200268  TransmitCount           
20207e00  __stack                 
20208000  __STACK_END             
ffffffff  __TI_pprof_out_hndl     
ffffffff  __TI_prof_data_size     
ffffffff  __TI_prof_data_start    
ffffffff  __binit__               
ffffffff  binit                   
UNDEFED   __mpu_init              
UNDEFED   _system_post_cinit      

[105 symbols]
