******************************************************************************
            TI ARM Clang Linker PC v4.0.4                      
******************************************************************************
>> Linked Mon Jan 12 09:01:48 2026

OUTPUT FILE NAME:   <ECE319K_Lab2H.out>
ENTRY POINT SYMBOL: "_c_int00_noargs"  address: 000011a1


MEMORY CONFIGURATION

         name            origin    length      used     unused   attr    fill
----------------------  --------  ---------  --------  --------  ----  --------
  FLASH                 00000000   00020000  00001780  0001e880  R  X
  SRAM                  20200000   00008000  00000449  00007bb7  RW X
  BCR_CONFIG            41c00000   00000080  00000000  00000080  R   
  BSL_CONFIG            41c00100   00000080  00000000  00000080  R   


SEGMENT ALLOCATION MAP

run origin  load origin   length   init length attrs members
----------  ----------- ---------- ----------- ----- -------
00000000    00000000    00001780   00001780    r-x
  00000000    00000000    000000c0   000000c0    r-- .intvecs
  000000c0    000000c0    00001220   00001220    r-x .text
  000012e0    000012e0    00000470   00000470    r-- .rodata
  00001750    00001750    00000030   00000030    r-- .cinit
20200000    20200000    0000024c   00000000    rw-
  20200000    20200000    00000200   00000000    rw- .sysmem
  20200200    20200200    00000035   00000000    rw- .bss
  20200238    20200238    00000014   00000000    rw- .data
20207e00    20207e00    00000200   00000000    rw-
  20207e00    20207e00    00000200   00000000    rw- .stack


SECTION ALLOCATION MAP

 output                                  attributes/
section   page    origin      length       input sections
--------  ----  ----------  ----------   ----------------
.intvecs   0    00000000    000000c0     
                  00000000    000000c0     startup_mspm0g3507_ticlang.o (.intvecs)

.text      0    000000c0    00001220     
                  000000c0    000002fc     ECE319K_Lab2Hmain.o (.text.TIMG0_IRQHandler)
                  000003bc    0000021e     ECE319K_Lab2H.o (.text)
                  000005da    00000002     libclang_rt.builtins.a : aeabi_div0.c.obj (.text.__aeabi_idiv0)
                  000005dc    000001b4     Clock.o (.text.Clock_Init80MHz)
                  00000790    00000158     ECE319K_Lab2Hmain.o (.text.Lab2Grader)
                  000008e8    00000134     ECE319K_Lab2Hmain.o (.text.ADC_Init)
                  00000a1c    000000e8     UARTbusywait.o (.text.UART_Init)
                  00000b04    000000e4     ECE319K_Lab2Hmain.o (.text.main)
                  00000be8    000000a8     Timer.o (.text.TimerG7_IntArm)
                  00000c90    000000a4     ECE319K_Lab2Hmain.o (.text.CheckInit)
                  00000d34    000000a4     Timer.o (.text.TimerG0_IntArm)
                  00000dd8    00000008     libclang_rt.builtins.a : aeabi_memcpy.S.obj (.text.__aeabi_memcpy)
                  00000de0    00000088     libc.a : strcmp-armv6m.S.obj (.text:strcmp)
                  00000e68    0000007c     LaunchPad.o (.text.LaunchPad_Init)
                  00000ee4    0000007c     libc.a : copy_decompress_lzss.c.obj (.text:decompress:lzss)
                  00000f60    0000005c     ECE319K_Lab2Hmain.o (.text.TIMG7_IRQHandler)
                  00000fbc    00000040     libclang_rt.builtins.a : aeabi_uidivmod.S.obj (.text.__aeabi_uidivmod)
                  00000ffc    0000003c     ECE319K_Lab2Hmain.o (.text.ShowProblem)
                  00001038    0000003c     libc.a : autoinit.c.obj (.text:__TI_auto_init_nobinit_nopinit)
                  00001074    00000038     LaunchPad.o (.text.ActivatePortA_B)
                  000010ac    00000036     UART.o (.text.UART_OutUDec)
                  000010e2    00000002     --HOLE-- [fill = 0]
                  000010e4    00000034     ECE319K_Lab2Hmain.o (.text.EndLab2)
                  00001118    00000034     ECE319K_Lab2Hmain.o (.text.setUpper)
                  0000114c    0000002c     UARTbusywait.o (.text.UART_OutChar)
                  00001178    00000028     ECE319K_Lab2Hmain.o (.text.ADC_Start)
                  000011a0    00000028     libc.a : boot_cortex_m.c.obj (.text:_c_int00_noargs)
                  000011c8    00000026     UART.o (.text.UART_OutString)
                  000011ee    00000002     --HOLE-- [fill = 0]
                  000011f0    00000020     ECE319K_Lab2Hmain.o (.text.Random32)
                  00001210    0000001c     startup_mspm0g3507_ticlang.o (.text.Default_Handler)
                  0000122c    0000001c     startup_mspm0g3507_ticlang.o (.text.HardFault_Handler)
                  00001248    00000018     ECE319K_Lab2Hmain.o (.text.Random)
                  00001260    00000016     libc.a : copy_zero_init.c.obj (.text:decompress:ZI:__TI_zero_init_nomemset)
                  00001276    00000012            : memcpy16.S.obj (.text:TI_memcpy_small)
                  00001288    00000012            : copy_decompress_none.c.obj (.text:decompress:none)
                  0000129a    00000010     Clock.o (.text.Clock_Delay)
                  000012aa    00000010     LaunchPad.o (.text.Delay)
                  000012ba    00000002     --HOLE-- [fill = 0]
                  000012bc    0000000c     Clock.o (.text.Clock_Freq)
                  000012c8    00000006     libc.a : exit.c.obj (.text:abort)
                  000012ce    00000004     libsysbm.a : hostexit.c.obj (.text.HOSTexit)
                  000012d2    00000004     startup_mspm0g3507_ticlang.o (.text.Reset_Handler)
                  000012d6    00000004     libc.a : pre_init.c.obj (.text._system_pre_init)
                  000012da    00000006     --HOLE-- [fill = 0]

.cinit     0    00001750    00000030     
                  00001750    0000000c     (__TI_handler_table)
                  0000175c    0000000b     (.cinit..data.load) [load image, compression = lzss]
                  00001767    00000001     --HOLE-- [fill = 0]
                  00001768    00000008     (.cinit..bss.load) [load image, compression = zero_init]
                  00001770    00000010     (__TI_cinit_table)

.rodata    0    000012e0    00000470     
                  000012e0    00000140     ECE319K_Lab2Hmain.o (.rodata.StartProblem)
                  00001420    000000f0     ECE319K_Lab2Hmain.o (.rodata.LEDProblem)
                  00001510    000000d0     ECE319K_Lab2Hmain.o (.rodata.Table)
                  000015e0    0000002d     ECE319K_Lab2Hmain.o (.rodata.str1.16633307655629224401.1)
                  0000160d    00000024     ECE319K_Lab2Hmain.o (.rodata.str1.9315154548582746425.1)
                  00001631    00000023     ECE319K_Lab2Hmain.o (.rodata.str1.1155122789500794629.1)
                  00001654    00000022     ECE319K_Lab2Hmain.o (.rodata.str1.4430319773008702923.1)
                  00001676    0000001f     ECE319K_Lab2Hmain.o (.rodata.str1.13285295324476919312.1)
                  00001695    0000001c     ECE319K_Lab2Hmain.o (.rodata.str1.18365454720449639929.1)
                  000016b1    00000014     ECE319K_Lab2Hmain.o (.rodata.str1.13299584104511581487.1)
                  000016c5    00000003     --HOLE-- [fill = 0]
                  000016c8    00000010     ECE319K_Lab2Hmain.o (.rodata.InMux)
                  000016d8    00000010     ECE319K_Lab2Hmain.o (.rodata.StartMask)
                  000016e8    0000000e     ECE319K_Lab2Hmain.o (.rodata.str1.14506161293150719293.1)
                  000016f6    0000000d     ECE319K_Lab2Hmain.o (.rodata.str1.15365243164837522533.1)
                  00001703    00000001     --HOLE-- [fill = 0]
                  00001704    0000000c     ECE319K_Lab2Hmain.o (.rodata.LEDMask)
                  00001710    0000000c     ECE319K_Lab2Hmain.o (.rodata.OutMux)
                  0000171c    0000000b     ECE319K_Lab2Hmain.o (.rodata.str1.16927635199879109239.1)
                  00001727    0000000b     ECE319K_Lab2Hmain.o (.rodata.str1.9656188336439018003.1)
                  00001732    00000009     ECE319K_Lab2Hmain.o (.rodata.str1.12215999038684714892.1)
                  0000173b    00000008     ECE319K_Lab2Hmain.o (.rodata.str1.2652553158183283056.1)
                  00001743    00000007     ECE319K_Lab2Hmain.o (.rodata.str1.6147783114612799727.1)
                  0000174a    00000004     ECE319K_Lab2Hmain.o (.rodata.str1.7218678388024742422.1)
                  0000174e    00000002     --HOLE-- [fill = 0]

.init_array 
*          0    00000000    00000000     UNINITIALIZED

.binit     0    00000000    00000000     

.sysmem    0    20200000    00000200     UNINITIALIZED
                  20200000    00000010     libc.a : memory.c.obj (.sysmem)
                  20200010    000001f0     --HOLE--

.bss       0    20200200    00000035     UNINITIALIZED
                  20200200    00000010     (.common:Wave)
                  20200210    00000004     (.common:FirstCount)
                  20200214    00000004     (.common:M)
                  20200218    00000004     (.common:Period)
                  2020021c    00000004     (.common:Phase)
                  20200220    00000004     (.common:SizeofEID)
                  20200224    00000004     (.common:StartCount)
                  20200228    00000004     (.common:TExaSadc)
                  2020022c    00000004     (.common:WaveIndex)
                  20200230    00000004     (.common:mode)
                  20200234    00000001     (.common:Letter)

.data      0    20200238    00000014     UNINITIALIZED
                  20200238    00000004     Clock.o (.data.BusFreq)
                  2020023c    00000004     ECE319K_Lab2Hmain.o (.data.Mode0)
                  20200240    00000004     ECE319K_Lab2Hmain.o (.data.Mode1)
                  20200244    00000004     ECE319K_Lab2Hmain.o (.data.Score)
                  20200248    00000004     ECE319K_Lab2Hmain.o (.data.Time)

.stack     0    20207e00    00000200     UNINITIALIZED
                  20207e00    00000004     libc.a : boot_cortex_m.c.obj (.stack)
                  20207e04    000001fc     --HOLE--

__llvm_prf_cnts 
*          0    20200000    00000000     UNINITIALIZED

__llvm_prf_bits 
*          0    20200000    00000000     UNINITIALIZED

MODULE SUMMARY

       Module                         code   ro data   rw data
       ------                         ----   -------   -------
    .\
       ECE319K_Lab2Hmain.o            2160   1130      69     
       ECE319K_Lab2H.o                542    0         0      
       Clock.o                        464    0         4      
       Timer.o                        332    0         0      
       UARTbusywait.o                 276    0         0      
       LaunchPad.o                    196    0         0      
       UART.o                         92     0         0      
    +--+------------------------------+------+---------+---------+
       Total:                         4062   1130      73     
                                                              
    .\ticlang\
       startup_mspm0g3507_ticlang.o   60     192       0      
    +--+------------------------------+------+---------+---------+
       Total:                         60     192       0      
                                                              
    C:\ti\ccs2020\ccs\tools\compiler\ti-cgt-armllvm_4.0.4.LTS\lib\armv6m-ti-none-eabi/c/libc.a
       strcmp-armv6m.S.obj            136    0         0      
       copy_decompress_lzss.c.obj     124    0         0      
       autoinit.c.obj                 60     0         0      
       boot_cortex_m.c.obj            40     0         0      
       copy_zero_init.c.obj           22     0         0      
       copy_decompress_none.c.obj     18     0         0      
       memcpy16.S.obj                 18     0         0      
       exit.c.obj                     6      0         0      
       pre_init.c.obj                 4      0         0      
    +--+------------------------------+------+---------+---------+
       Total:                         428    0         0      
                                                              
    C:\ti\ccs2020\ccs\tools\compiler\ti-cgt-armllvm_4.0.4.LTS\lib\armv6m-ti-none-eabi/c/libsysbm.a
       hostexit.c.obj                 4      0         0      
    +--+------------------------------+------+---------+---------+
       Total:                         4      0         0      
                                                              
    C:\ti\ccs2020\ccs\tools\compiler\ti-cgt-armllvm_4.0.4.LTS\lib\armv6m-ti-none-eabi/libclang_rt.builtins.a
       aeabi_uidivmod.S.obj           64     0         0      
       aeabi_memcpy.S.obj             8      0         0      
       aeabi_div0.c.obj               2      0         0      
    +--+------------------------------+------+---------+---------+
       Total:                         74     0         0      
                                                              
       Heap:                          0      0         512    
       Stack:                         0      0         512    
       Linker Generated:              0      47        0      
    +--+------------------------------+------+---------+---------+
       Grand Total:                   4628   1369      1097   


LINKER GENERATED COPY TABLES

__TI_cinit_table @ 00001770 records: 2, size/record: 8, table size: 16
	.data: load addr=0000175c, load size=0000000b bytes, run addr=20200238, run size=00000014 bytes, compression=lzss
	.bss: load addr=00001768, load size=00000008 bytes, run addr=20200200, run size=00000035 bytes, compression=zero_init


LINKER GENERATED HANDLER TABLE

__TI_handler_table @ 00001750 records: 3, size/record: 4, table size: 12
	index: 0, handler: __TI_decompress_lzss
	index: 1, handler: __TI_decompress_none
	index: 2, handler: __TI_zero_init


GLOBAL SYMBOLS: SORTED ALPHABETICALLY BY Name 

address   name                          
-------   ----                          
00001211  ADC0_IRQHandler               
00001211  ADC1_IRQHandler               
000008e9  ADC_Init                      
00001179  ADC_Start                     
00001211  AES_IRQHandler                
00001075  ActivatePortA_B               
20200238  BusFreq                       
000012ce  C$$EXIT                       
00001211  CANFD0_IRQHandler             
00000c91  CheckInit                     
0000129b  Clock_Delay                   
000012bd  Clock_Freq                    
000005dd  Clock_Init80MHz               
00001211  DAC0_IRQHandler               
00001211  DMA_IRQHandler                
00001211  Default_Handler               
000012ab  Delay                         
000003bc  EID                           
000010e5  EndLab2                       
20200210  FirstCount                    
00001211  GROUP0_IRQHandler             
00001211  GROUP1_IRQHandler             
000012cf  HOSTexit                      
0000122d  HardFault_Handler             
00001211  I2C0_IRQHandler               
00001211  I2C1_IRQHandler               
000016c8  InMux                         
00001704  LEDMask                       
00001420  LEDProblem                    
000005cc  Lab2                          
00000791  Lab2Grader                    
00000e69  LaunchPad_Init                
20200234  Letter                        
20200214  M                             
2020023c  Mode0                         
20200240  Mode1                         
00001211  NMI_Handler                   
00001710  OutMux                        
00001211  PendSV_Handler                
20200218  Period                        
2020021c  Phase                         
00001211  RTC_IRQHandler                
00001249  Random                        
000011f1  Random32                      
000012d3  Reset_Handler                 
00001211  SPI0_IRQHandler               
00001211  SPI1_IRQHandler               
00001211  SVC_Handler                   
20200244  Score                         
00000ffd  ShowProblem                   
20200220  SizeofEID                     
20200224  StartCount                    
000016d8  StartMask                     
000012e0  StartProblem                  
00001211  SysTick_Handler               
20200228  TExaSadc                      
00001211  TIMA0_IRQHandler              
00001211  TIMA1_IRQHandler              
000000c1  TIMG0_IRQHandler              
00001211  TIMG12_IRQHandler             
00001211  TIMG6_IRQHandler              
00000f61  TIMG7_IRQHandler              
00001211  TIMG8_IRQHandler              
00001277  TI_memcpy_small               
00001510  Table                         
20200248  Time                          
00000d35  TimerG0_IntArm                
00000be9  TimerG7_IntArm                
00001211  UART0_IRQHandler              
00001211  UART1_IRQHandler              
00001211  UART2_IRQHandler              
00001211  UART3_IRQHandler              
00000a1d  UART_Init                     
0000114d  UART_OutChar                  
000011c9  UART_OutString                
000010ad  UART_OutUDec                  
20200200  Wave                          
2020022c  WaveIndex                     
20208000  __STACK_END                   
00000200  __STACK_SIZE                  
00000200  __SYSMEM_SIZE                 
00000000  __TI_ATRegion0_region_sz      
00000000  __TI_ATRegion0_src_addr       
00000000  __TI_ATRegion0_trg_addr       
00000000  __TI_ATRegion1_region_sz      
00000000  __TI_ATRegion1_src_addr       
00000000  __TI_ATRegion1_trg_addr       
00000000  __TI_ATRegion2_region_sz      
00000000  __TI_ATRegion2_src_addr       
00000000  __TI_ATRegion2_trg_addr       
00001770  __TI_CINIT_Base               
00001780  __TI_CINIT_Limit              
00001780  __TI_CINIT_Warm               
00001750  __TI_Handler_Table_Base       
0000175c  __TI_Handler_Table_Limit      
00001039  __TI_auto_init_nobinit_nopinit
00000ee5  __TI_decompress_lzss          
00001289  __TI_decompress_none          
ffffffff  __TI_pprof_out_hndl           
ffffffff  __TI_prof_data_size           
ffffffff  __TI_prof_data_start          
00000000  __TI_static_base__            
00001261  __TI_zero_init_nomemset       
000005db  __aeabi_idiv0                 
00000dd9  __aeabi_memcpy                
00000dd9  __aeabi_memcpy4               
00000dd9  __aeabi_memcpy8               
00000fbd  __aeabi_uidiv                 
00000fbd  __aeabi_uidivmod              
ffffffff  __binit__                     
UNDEFED   __mpu_init                    
20207e00  __stack                       
20200000  __start___llvm_prf_bits       
20200000  __start___llvm_prf_cnts       
20200000  __stop___llvm_prf_bits        
20200000  __stop___llvm_prf_cnts        
000011a1  _c_int00_noargs               
20200000  _sys_memory                   
UNDEFED   _system_post_cinit            
000012d7  _system_pre_init              
000012c9  abort                         
ffffffff  binit                         
00000000  interruptVectors              
00000b05  main                          
20200230  mode                          
00001119  setUpper                      
00000de1  strcmp                        


GLOBAL SYMBOLS: SORTED BY Symbol Address 

address   name                          
-------   ----                          
00000000  __TI_ATRegion0_region_sz      
00000000  __TI_ATRegion0_src_addr       
00000000  __TI_ATRegion0_trg_addr       
00000000  __TI_ATRegion1_region_sz      
00000000  __TI_ATRegion1_src_addr       
00000000  __TI_ATRegion1_trg_addr       
00000000  __TI_ATRegion2_region_sz      
00000000  __TI_ATRegion2_src_addr       
00000000  __TI_ATRegion2_trg_addr       
00000000  __TI_static_base__            
00000000  interruptVectors              
000000c1  TIMG0_IRQHandler              
00000200  __STACK_SIZE                  
00000200  __SYSMEM_SIZE                 
000003bc  EID                           
000005cc  Lab2                          
000005db  __aeabi_idiv0                 
000005dd  Clock_Init80MHz               
00000791  Lab2Grader                    
000008e9  ADC_Init                      
00000a1d  UART_Init                     
00000b05  main                          
00000be9  TimerG7_IntArm                
00000c91  CheckInit                     
00000d35  TimerG0_IntArm                
00000dd9  __aeabi_memcpy                
00000dd9  __aeabi_memcpy4               
00000dd9  __aeabi_memcpy8               
00000de1  strcmp                        
00000e69  LaunchPad_Init                
00000ee5  __TI_decompress_lzss          
00000f61  TIMG7_IRQHandler              
00000fbd  __aeabi_uidiv                 
00000fbd  __aeabi_uidivmod              
00000ffd  ShowProblem                   
00001039  __TI_auto_init_nobinit_nopinit
00001075  ActivatePortA_B               
000010ad  UART_OutUDec                  
000010e5  EndLab2                       
00001119  setUpper                      
0000114d  UART_OutChar                  
00001179  ADC_Start                     
000011a1  _c_int00_noargs               
000011c9  UART_OutString                
000011f1  Random32                      
00001211  ADC0_IRQHandler               
00001211  ADC1_IRQHandler               
00001211  AES_IRQHandler                
00001211  CANFD0_IRQHandler             
00001211  DAC0_IRQHandler               
00001211  DMA_IRQHandler                
00001211  Default_Handler               
00001211  GROUP0_IRQHandler             
00001211  GROUP1_IRQHandler             
00001211  I2C0_IRQHandler               
00001211  I2C1_IRQHandler               
00001211  NMI_Handler                   
00001211  PendSV_Handler                
00001211  RTC_IRQHandler                
00001211  SPI0_IRQHandler               
00001211  SPI1_IRQHandler               
00001211  SVC_Handler                   
00001211  SysTick_Handler               
00001211  TIMA0_IRQHandler              
00001211  TIMA1_IRQHandler              
00001211  TIMG12_IRQHandler             
00001211  TIMG6_IRQHandler              
00001211  TIMG8_IRQHandler              
00001211  UART0_IRQHandler              
00001211  UART1_IRQHandler              
00001211  UART2_IRQHandler              
00001211  UART3_IRQHandler              
0000122d  HardFault_Handler             
00001249  Random                        
00001261  __TI_zero_init_nomemset       
00001277  TI_memcpy_small               
00001289  __TI_decompress_none          
0000129b  Clock_Delay                   
000012ab  Delay                         
000012bd  Clock_Freq                    
000012c9  abort                         
000012ce  C$$EXIT                       
000012cf  HOSTexit                      
000012d3  Reset_Handler                 
000012d7  _system_pre_init              
000012e0  StartProblem                  
00001420  LEDProblem                    
00001510  Table                         
000016c8  InMux                         
000016d8  StartMask                     
00001704  LEDMask                       
00001710  OutMux                        
00001750  __TI_Handler_Table_Base       
0000175c  __TI_Handler_Table_Limit      
00001770  __TI_CINIT_Base               
00001780  __TI_CINIT_Limit              
00001780  __TI_CINIT_Warm               
20200000  __start___llvm_prf_bits       
20200000  __start___llvm_prf_cnts       
20200000  __stop___llvm_prf_bits        
20200000  __stop___llvm_prf_cnts        
20200000  _sys_memory                   
20200200  Wave                          
20200210  FirstCount                    
20200214  M                             
20200218  Period                        
2020021c  Phase                         
20200220  SizeofEID                     
20200224  StartCount                    
20200228  TExaSadc                      
2020022c  WaveIndex                     
20200230  mode                          
20200234  Letter                        
20200238  BusFreq                       
2020023c  Mode0                         
20200240  Mode1                         
20200244  Score                         
20200248  Time                          
20207e00  __stack                       
20208000  __STACK_END                   
ffffffff  __TI_pprof_out_hndl           
ffffffff  __TI_prof_data_size           
ffffffff  __TI_prof_data_start          
ffffffff  __binit__                     
ffffffff  binit                         
UNDEFED   __mpu_init                    
UNDEFED   _system_post_cinit            

[127 symbols]
