******************************************************************************
            TI ARM Clang Linker PC v4.0.4                      
******************************************************************************
>> Linked Tue Apr 21 22:40:45 2026

OUTPUT FILE NAME:   <ECE319K_Lab5.out>
ENTRY POINT SYMBOL: "_c_int00_noargs"  address: 00001359


MEMORY CONFIGURATION

         name            origin    length      used     unused   attr    fill
----------------------  --------  ---------  --------  --------  ----  --------
  FLASH                 00000000   00020000  00001ad8  0001e528  R  X
  SRAM                  20200000   00008000  000004d4  00007b2c  RW X
  BCR_CONFIG            41c00000   00000080  00000000  00000080  R   
  BSL_CONFIG            41c00100   00000080  00000000  00000080  R   


SEGMENT ALLOCATION MAP

run origin  load origin   length   init length attrs members
----------  ----------- ---------- ----------- ----- -------
00000000    00000000    00001ad8   00001ad8    r-x
  00000000    00000000    000000c0   000000c0    r-- .intvecs
  000000c0    000000c0    00001480   00001480    r-x .text
  00001540    00001540    00000568   00000568    r-- .rodata
  00001aa8    00001aa8    00000030   00000030    r-- .cinit
20200000    20200000    000002d4   00000000    rw-
  20200000    20200000    00000200   00000000    rw- .sysmem
  20200200    20200200    000000bc   00000000    rw- .bss
  202002bc    202002bc    00000018   00000000    rw- .data
20207e00    20207e00    00000200   00000000    rw-
  20207e00    20207e00    00000200   00000000    rw- .stack


SECTION ALLOCATION MAP

 output                                  attributes/
section   page    origin      length       input sections
--------  ----  ----------  ----------   ----------------
.intvecs   0    00000000    000000c0     
                  00000000    000000c0     startup_mspm0g3507_ticlang.o (.intvecs)

.text      0    000000c0    00001480     
                  000000c0    000002c4     ECE319K_Lab5Grader.o (.text.FFT)
                  00000384    0000024c     ECE319K_Lab5Grader.o (.text.lab5grader)
                  000005d0    000001d4     ECE319K_Lab5Grader.o (.text.Lab5Grader)
                  000007a4    000001b4     Clock.o (.text.Clock_Init80MHz)
                  00000958    00000158     ECE319K_Lab5Grader.o (.text.CheckInitialization)
                  00000ab0    00000134     ECE319K_Lab5Grader.o (.text.ADC_Init)
                  00000be4    00000130     UARTints.o (.text.UART_Init)
                  00000d14    000000a8     Timer.o (.text.TimerG7_IntArm)
                  00000dbc    00000004     libsysbm.a : hostexit.c.obj (.text.HOSTexit)
                  00000dc0    00000088     libc.a : strcmp-armv6m.S.obj (.text:strcmp)
                  00000e48    0000007c     LaunchPad.o (.text.LaunchPad_Init)
                  00000ec4    0000007c     libc.a : copy_decompress_lzss.c.obj (.text:decompress:lzss)
                  00000f40    0000005c     UARTints.o (.text.UART0_IRQHandler)
                  00000f9c    00000058     UARTints.o (.text.copyHardwareToSoftware)
                  00000ff4    00000056     libclang_rt.builtins.a : aeabi_idivmod.S.obj (.text.__aeabi_idivmod)
                  0000104a    00000002     ECE319K_Lab5main.o (.text.SysTick_Handler)
                  0000104c    0000004c     FIFO.o (.text.RxFifo_Put)
                  00001098    0000004c     FIFO.o (.text.TxFifo_Get)
                  000010e4    0000004c     FIFO.o (.text.TxFifo_Put)
                  00001130    0000004c     UARTints.o (.text.copySoftwareToHardware)
                  0000117c    00000040     UARTints.o (.text.UART_OutChar)
                  000011bc    00000040     libclang_rt.builtins.a : aeabi_uidivmod.S.obj (.text.__aeabi_uidivmod)
                  000011fc    0000003c     libc.a : autoinit.c.obj (.text:__TI_auto_init_nobinit_nopinit)
                  00001238    00000038     LaunchPad.o (.text.ActivatePortA_B)
                  00001270    00000036     UART.o (.text.UART_OutUDec)
                  000012a6    00000034     ECE319K_Lab5Grader.o (.text.setUpper)
                  000012da    00000002     libclang_rt.builtins.a : aeabi_div0.c.obj (.text.__aeabi_idiv0)
                  000012dc    0000002c     ECE319K_Lab5Grader.o (.text.ReadInput)
                  00001308    00000028     ECE319K_Lab5Grader.o (.text.ADC_Start)
                  00001330    00000028     ECE319K_Lab5Grader.o (.text.LogicAnalyzer)
                  00001358    00000028     libc.a : boot_cortex_m.c.obj (.text:_c_int00_noargs)
                  00001380    00000026     UART.o (.text.UART_OutString)
                  000013a6    00000002     --HOLE-- [fill = 0]
                  000013a8    00000024     ECE319K_Lab5Grader.o (.text.TIMG7_IRQHandler)
                  000013cc    00000020     ECE319K_Lab5Grader.o (.text.Random32)
                  000013ec    0000001c     startup_mspm0g3507_ticlang.o (.text.Default_Handler)
                  00001408    0000001c     startup_mspm0g3507_ticlang.o (.text.HardFault_Handler)
                  00001424    0000001c     ECE319K_Lab5main.o (.text.main)
                  00001440    00000018     FIFO.o (.text.RxFifo_Size)
                  00001458    00000018     ECE319K_Lab5Grader.o (.text.Scope)
                  00001470    00000018     FIFO.o (.text.TxFifo_Size)
                  00001488    00000016     libc.a : copy_zero_init.c.obj (.text:decompress:ZI:__TI_zero_init_nomemset)
                  0000149e    00000002     --HOLE-- [fill = 0]
                  000014a0    00000014     FIFO.o (.text.RxFifo_Init)
                  000014b4    00000014     FIFO.o (.text.TxFifo_Init)
                  000014c8    00000012     libc.a : memcpy16.S.obj (.text:TI_memcpy_small)
                  000014da    00000012            : copy_decompress_none.c.obj (.text:decompress:none)
                  000014ec    00000010     Clock.o (.text.Clock_Delay)
                  000014fc    00000010     LaunchPad.o (.text.Delay)
                  0000150c    00000010     ECE319K_Lab5Grader.o (.text.OutCRLF)
                  0000151c    0000000c     Clock.o (.text.Clock_Freq)
                  00001528    00000008     libclang_rt.builtins.a : aeabi_memcpy.S.obj (.text.__aeabi_memcpy)
                  00001530    00000006     libc.a : exit.c.obj (.text:abort)
                  00001536    00000004     startup_mspm0g3507_ticlang.o (.text.Reset_Handler)
                  0000153a    00000004     libc.a : pre_init.c.obj (.text._system_pre_init)
                  0000153e    00000002     --HOLE-- [fill = 0]

.cinit     0    00001aa8    00000030     
                  00001aa8    0000000c     (.cinit..data.load) [load image, compression = lzss]
                  00001ab4    0000000c     (__TI_handler_table)
                  00001ac0    00000008     (.cinit..bss.load) [load image, compression = zero_init]
                  00001ac8    00000010     (__TI_cinit_table)

.rodata    0    00001540    00000568     
                  00001540    00000280     ECE319K_Lab5Grader.o (.rodata.NotesProblem)
                  000017c0    00000080     ECE319K_Lab5Grader.o (.rodata.NotesPeriod)
                  00001840    0000004b     ECE319K_Lab5Grader.o (.rodata.str1.2831041533924961092.1)
                  0000188b    0000003a     ECE319K_Lab5Grader.o (.rodata.str1.3753167930287493833.1)
                  000018c5    00000038     ECE319K_Lab5Grader.o (.rodata.str1.13188357218563198926.1)
                  000018fd    00000032     ECE319K_Lab5Grader.o (.rodata.str1.14125597502108314896.1)
                  0000192f    0000002f     ECE319K_Lab5Grader.o (.rodata.str1.11916983087567108417.1)
                  0000195e    0000002e     ECE319K_Lab5Grader.o (.rodata.str1.9157344974060636180.1)
                  0000198c    00000020     ECE319K_Lab5Grader.o (.rodata.IMULTIPLIERS)
                  000019ac    00000020     ECE319K_Lab5Grader.o (.rodata.RMULTIPLIERS)
                  000019cc    0000001c     ECE319K_Lab5Grader.o (.rodata.str1.11809642467900141317.1)
                  000019e8    00000015     ECE319K_Lab5Grader.o (.rodata.str1.3525422095670658102.1)
                  000019fd    00000014     ECE319K_Lab5Grader.o (.rodata.str1.4481438830803098069.1)
                  00001a11    00000014     ECE319K_Lab5Grader.o (.rodata.str1.5560219960635954075.1)
                  00001a25    00000013     ECE319K_Lab5Grader.o (.rodata.str1.11270995160232060492.1)
                  00001a38    00000011     ECE319K_Lab5Grader.o (.rodata.str1.6142149970032930034.1)
                  00001a49    00000010     ECE319K_Lab5Grader.o (.rodata.str1.14245708735948419566.1)
                  00001a59    00000010     ECE319K_Lab5Grader.o (.rodata.str1.15764156664788727584.1)
                  00001a69    0000000f     ECE319K_Lab5Grader.o (.rodata.str1.9964861412651002306.1)
                  00001a78    0000000e     ECE319K_Lab5Grader.o (.rodata.str1.12550021390912809959.1)
                  00001a86    0000000d     ECE319K_Lab5Grader.o (.rodata.str1.1830190667680462960.1)
                  00001a93    00000007     ECE319K_Lab5main.o (.rodata.EID1)
                  00001a9a    00000007     ECE319K_Lab5Grader.o (.rodata.str1.2010255871548557574.1)
                  00001aa1    00000007     --HOLE-- [fill = 0]

.init_array 
*          0    00000000    00000000     UNINITIALIZED

.binit     0    00000000    00000000     

.sysmem    0    20200000    00000200     UNINITIALIZED
                  20200000    00000010     libc.a : memory.c.obj (.sysmem)
                  20200010    000001f0     --HOLE--

.bss       0    20200200    000000bc     UNINITIALIZED
                  20200200    00000040     FIFO.o (.bss.TxFifo)
                  20200240    00000040     (.common:Last16ADCresults)
                  20200280    00000010     FIFO.o (.bss.RxFifo)
                  20200290    00000004     (.common:LastIn)
                  20200294    00000004     (.common:M)
                  20200298    00000004     (.common:Mask)
                  2020029c    00000004     (.common:PeriodicTask2)
                  202002a0    00000004     (.common:RxGetI)
                  202002a4    00000004     (.common:RxPutI)
                  202002a8    00000004     (.common:SampleFlag)
                  202002ac    00000004     (.common:State)
                  202002b0    00000004     (.common:TExaSadc)
                  202002b4    00000004     (.common:TxGetI)
                  202002b8    00000004     (.common:TxPutI)

.data      0    202002bc    00000018     UNINITIALIZED
                  202002bc    00000004     Clock.o (.data.BusFreq)
                  202002c0    00000004     ECE319K_Lab5Grader.o (.data.Fail)
                  202002c4    00000004     ECE319K_Lab5Grader.o (.data.Last16ADCindex)
                  202002c8    00000004     ECE319K_Lab5Grader.o (.data.NotesMode)
                  202002cc    00000004     ECE319K_Lab5Grader.o (.data.Score)
                  202002d0    00000004     ECE319K_Lab5Grader.o (.data.Time)

.stack     0    20207e00    00000200     UNINITIALIZED
                  20207e00    00000004     libc.a : boot_cortex_m.c.obj (.stack)
                  20207e04    000001fc     --HOLE--

__llvm_prf_cnts 
*          0    20200000    00000000     UNINITIALIZED

__llvm_prf_bits 
*          0    20200000    00000000     UNINITIALIZED

MODULE SUMMARY

       Module                         code   ro data   rw data
       ------                         ----   -------   -------
    .\
       ECE319K_Lab5Grader.o           2700   1370      112    
       UARTints.o                     624    0         0      
       Clock.o                        464    0         4      
       FIFO.o                         316    0         96     
       LaunchPad.o                    196    0         0      
       Timer.o                        168    0         0      
       UART.o                         92     0         0      
       ECE319K_Lab5main.o             30     7         0      
    +--+------------------------------+------+---------+---------+
       Total:                         4590   1377      212    
                                                              
    .\ticlang\
       startup_mspm0g3507_ticlang.o   60     192       0      
    +--+------------------------------+------+---------+---------+
       Total:                         60     192       0      
                                                              
    C:\TI\ccs2040\ccs\tools\compiler\ti-cgt-armllvm_4.0.4.LTS\lib\armv6m-ti-none-eabi/c/libc.a
       strcmp-armv6m.S.obj            136    0         0      
       copy_decompress_lzss.c.obj     124    0         0      
       autoinit.c.obj                 60     0         0      
       boot_cortex_m.c.obj            40     0         0      
       copy_zero_init.c.obj           22     0         0      
       copy_decompress_none.c.obj     18     0         0      
       memcpy16.S.obj                 18     0         0      
       exit.c.obj                     6      0         0      
       pre_init.c.obj                 4      0         0      
    +--+------------------------------+------+---------+---------+
       Total:                         428    0         0      
                                                              
    C:\TI\ccs2040\ccs\tools\compiler\ti-cgt-armllvm_4.0.4.LTS\lib\armv6m-ti-none-eabi/c/libsysbm.a
       hostexit.c.obj                 4      0         0      
    +--+------------------------------+------+---------+---------+
       Total:                         4      0         0      
                                                              
    C:\TI\ccs2040\ccs\tools\compiler\ti-cgt-armllvm_4.0.4.LTS\lib\armv6m-ti-none-eabi/libclang_rt.builtins.a
       aeabi_idivmod.S.obj            86     0         0      
       aeabi_uidivmod.S.obj           64     0         0      
       aeabi_memcpy.S.obj             8      0         0      
       aeabi_div0.c.obj               2      0         0      
    +--+------------------------------+------+---------+---------+
       Total:                         160    0         0      
                                                              
       Heap:                          0      0         512    
       Stack:                         0      0         512    
       Linker Generated:              0      48        0      
    +--+------------------------------+------+---------+---------+
       Grand Total:                   5242   1617      1236   


LINKER GENERATED COPY TABLES

__TI_cinit_table @ 00001ac8 records: 2, size/record: 8, table size: 16
	.data: load addr=00001aa8, load size=0000000c bytes, run addr=202002bc, run size=00000018 bytes, compression=lzss
	.bss: load addr=00001ac0, load size=00000008 bytes, run addr=20200200, run size=000000bc bytes, compression=zero_init


LINKER GENERATED HANDLER TABLE

__TI_handler_table @ 00001ab4 records: 3, size/record: 4, table size: 12
	index: 0, handler: __TI_decompress_lzss
	index: 1, handler: __TI_decompress_none
	index: 2, handler: __TI_zero_init


GLOBAL SYMBOLS: SORTED ALPHABETICALLY BY Name 

address   name                          
-------   ----                          
000013ed  ADC0_IRQHandler               
000013ed  ADC1_IRQHandler               
00000ab1  ADC_Init                      
00001309  ADC_Start                     
000013ed  AES_IRQHandler                
00001239  ActivatePortA_B               
202002bc  BusFreq                       
00000dbc  C$$EXIT                       
000013ed  CANFD0_IRQHandler             
00000959  CheckInitialization           
000014ed  Clock_Delay                   
0000151d  Clock_Freq                    
000007a5  Clock_Init80MHz               
000013ed  DAC0_IRQHandler               
000013ed  DMA_IRQHandler                
000013ed  Default_Handler               
000014fd  Delay                         
00001a93  EID1                          
000000c1  FFT                           
000013ed  GROUP0_IRQHandler             
000013ed  GROUP1_IRQHandler             
00000dbd  HOSTexit                      
00001409  HardFault_Handler             
000013ed  I2C0_IRQHandler               
000013ed  I2C1_IRQHandler               
0000198c  IMULTIPLIERS                  
000005d1  Lab5Grader                    
202002c4  Last16ADCindex                
20200240  Last16ADCresults              
20200290  LastIn                        
00000e49  LaunchPad_Init                
00001331  LogicAnalyzer                 
20200294  M                             
20200298  Mask                          
000013ed  NMI_Handler                   
202002c8  NotesMode                     
000017c0  NotesPeriod                   
00001540  NotesProblem                  
0000150d  OutCRLF                       
000013ed  PendSV_Handler                
2020029c  PeriodicTask2                 
000019ac  RMULTIPLIERS                  
000013ed  RTC_IRQHandler                
000013cd  Random32                      
000012dd  ReadInput                     
00001537  Reset_Handler                 
000014a1  RxFifo_Init                   
0000104d  RxFifo_Put                    
00001441  RxFifo_Size                   
202002a0  RxGetI                        
202002a4  RxPutI                        
000013ed  SPI0_IRQHandler               
000013ed  SPI1_IRQHandler               
000013ed  SVC_Handler                   
202002a8  SampleFlag                    
00001459  Scope                         
202002ac  State                         
0000104b  SysTick_Handler               
202002b0  TExaSadc                      
000013ed  TIMA0_IRQHandler              
000013ed  TIMA1_IRQHandler              
000013ed  TIMG0_IRQHandler              
000013ed  TIMG12_IRQHandler             
000013ed  TIMG6_IRQHandler              
000013a9  TIMG7_IRQHandler              
000013ed  TIMG8_IRQHandler              
000014c9  TI_memcpy_small               
00000d15  TimerG7_IntArm                
00001099  TxFifo_Get                    
000014b5  TxFifo_Init                   
000010e5  TxFifo_Put                    
00001471  TxFifo_Size                   
202002b4  TxGetI                        
202002b8  TxPutI                        
00000f41  UART0_IRQHandler              
000013ed  UART1_IRQHandler              
000013ed  UART2_IRQHandler              
000013ed  UART3_IRQHandler              
00000be5  UART_Init                     
0000117d  UART_OutChar                  
00001381  UART_OutString                
00001271  UART_OutUDec                  
20208000  __STACK_END                   
00000200  __STACK_SIZE                  
00000200  __SYSMEM_SIZE                 
00000000  __TI_ATRegion0_region_sz      
00000000  __TI_ATRegion0_src_addr       
00000000  __TI_ATRegion0_trg_addr       
00000000  __TI_ATRegion1_region_sz      
00000000  __TI_ATRegion1_src_addr       
00000000  __TI_ATRegion1_trg_addr       
00000000  __TI_ATRegion2_region_sz      
00000000  __TI_ATRegion2_src_addr       
00000000  __TI_ATRegion2_trg_addr       
00001ac8  __TI_CINIT_Base               
00001ad8  __TI_CINIT_Limit              
00001ad8  __TI_CINIT_Warm               
00001ab4  __TI_Handler_Table_Base       
00001ac0  __TI_Handler_Table_Limit      
000011fd  __TI_auto_init_nobinit_nopinit
00000ec5  __TI_decompress_lzss          
000014db  __TI_decompress_none          
ffffffff  __TI_pprof_out_hndl           
ffffffff  __TI_prof_data_size           
ffffffff  __TI_prof_data_start          
00000000  __TI_static_base__            
00001489  __TI_zero_init_nomemset       
00000ff5  __aeabi_idiv                  
000012db  __aeabi_idiv0                 
00000ff5  __aeabi_idivmod               
00001529  __aeabi_memcpy                
00001529  __aeabi_memcpy4               
00001529  __aeabi_memcpy8               
000011bd  __aeabi_uidiv                 
000011bd  __aeabi_uidivmod              
ffffffff  __binit__                     
UNDEFED   __mpu_init                    
20207e00  __stack                       
20200000  __start___llvm_prf_bits       
20200000  __start___llvm_prf_cnts       
20200000  __stop___llvm_prf_bits        
20200000  __stop___llvm_prf_cnts        
00001359  _c_int00_noargs               
20200000  _sys_memory                   
UNDEFED   _system_post_cinit            
0000153b  _system_pre_init              
00001531  abort                         
ffffffff  binit                         
00000000  interruptVectors              
00000385  lab5grader                    
00001425  main                          
000012a7  setUpper                      
00000dc1  strcmp                        


GLOBAL SYMBOLS: SORTED BY Symbol Address 

address   name                          
-------   ----                          
00000000  __TI_ATRegion0_region_sz      
00000000  __TI_ATRegion0_src_addr       
00000000  __TI_ATRegion0_trg_addr       
00000000  __TI_ATRegion1_region_sz      
00000000  __TI_ATRegion1_src_addr       
00000000  __TI_ATRegion1_trg_addr       
00000000  __TI_ATRegion2_region_sz      
00000000  __TI_ATRegion2_src_addr       
00000000  __TI_ATRegion2_trg_addr       
00000000  __TI_static_base__            
00000000  interruptVectors              
000000c1  FFT                           
00000200  __STACK_SIZE                  
00000200  __SYSMEM_SIZE                 
00000385  lab5grader                    
000005d1  Lab5Grader                    
000007a5  Clock_Init80MHz               
00000959  CheckInitialization           
00000ab1  ADC_Init                      
00000be5  UART_Init                     
00000d15  TimerG7_IntArm                
00000dbc  C$$EXIT                       
00000dbd  HOSTexit                      
00000dc1  strcmp                        
00000e49  LaunchPad_Init                
00000ec5  __TI_decompress_lzss          
00000f41  UART0_IRQHandler              
00000ff5  __aeabi_idiv                  
00000ff5  __aeabi_idivmod               
0000104b  SysTick_Handler               
0000104d  RxFifo_Put                    
00001099  TxFifo_Get                    
000010e5  TxFifo_Put                    
0000117d  UART_OutChar                  
000011bd  __aeabi_uidiv                 
000011bd  __aeabi_uidivmod              
000011fd  __TI_auto_init_nobinit_nopinit
00001239  ActivatePortA_B               
00001271  UART_OutUDec                  
000012a7  setUpper                      
000012db  __aeabi_idiv0                 
000012dd  ReadInput                     
00001309  ADC_Start                     
00001331  LogicAnalyzer                 
00001359  _c_int00_noargs               
00001381  UART_OutString                
000013a9  TIMG7_IRQHandler              
000013cd  Random32                      
000013ed  ADC0_IRQHandler               
000013ed  ADC1_IRQHandler               
000013ed  AES_IRQHandler                
000013ed  CANFD0_IRQHandler             
000013ed  DAC0_IRQHandler               
000013ed  DMA_IRQHandler                
000013ed  Default_Handler               
000013ed  GROUP0_IRQHandler             
000013ed  GROUP1_IRQHandler             
000013ed  I2C0_IRQHandler               
000013ed  I2C1_IRQHandler               
000013ed  NMI_Handler                   
000013ed  PendSV_Handler                
000013ed  RTC_IRQHandler                
000013ed  SPI0_IRQHandler               
000013ed  SPI1_IRQHandler               
000013ed  SVC_Handler                   
000013ed  TIMA0_IRQHandler              
000013ed  TIMA1_IRQHandler              
000013ed  TIMG0_IRQHandler              
000013ed  TIMG12_IRQHandler             
000013ed  TIMG6_IRQHandler              
000013ed  TIMG8_IRQHandler              
000013ed  UART1_IRQHandler              
000013ed  UART2_IRQHandler              
000013ed  UART3_IRQHandler              
00001409  HardFault_Handler             
00001425  main                          
00001441  RxFifo_Size                   
00001459  Scope                         
00001471  TxFifo_Size                   
00001489  __TI_zero_init_nomemset       
000014a1  RxFifo_Init                   
000014b5  TxFifo_Init                   
000014c9  TI_memcpy_small               
000014db  __TI_decompress_none          
000014ed  Clock_Delay                   
000014fd  Delay                         
0000150d  OutCRLF                       
0000151d  Clock_Freq                    
00001529  __aeabi_memcpy                
00001529  __aeabi_memcpy4               
00001529  __aeabi_memcpy8               
00001531  abort                         
00001537  Reset_Handler                 
0000153b  _system_pre_init              
00001540  NotesProblem                  
000017c0  NotesPeriod                   
0000198c  IMULTIPLIERS                  
000019ac  RMULTIPLIERS                  
00001a93  EID1                          
00001ab4  __TI_Handler_Table_Base       
00001ac0  __TI_Handler_Table_Limit      
00001ac8  __TI_CINIT_Base               
00001ad8  __TI_CINIT_Limit              
00001ad8  __TI_CINIT_Warm               
20200000  __start___llvm_prf_bits       
20200000  __start___llvm_prf_cnts       
20200000  __stop___llvm_prf_bits        
20200000  __stop___llvm_prf_cnts        
20200000  _sys_memory                   
20200240  Last16ADCresults              
20200290  LastIn                        
20200294  M                             
20200298  Mask                          
2020029c  PeriodicTask2                 
202002a0  RxGetI                        
202002a4  RxPutI                        
202002a8  SampleFlag                    
202002ac  State                         
202002b0  TExaSadc                      
202002b4  TxGetI                        
202002b8  TxPutI                        
202002bc  BusFreq                       
202002c4  Last16ADCindex                
202002c8  NotesMode                     
20207e00  __stack                       
20208000  __STACK_END                   
ffffffff  __TI_pprof_out_hndl           
ffffffff  __TI_prof_data_size           
ffffffff  __TI_prof_data_start          
ffffffff  __binit__                     
ffffffff  binit                         
UNDEFED   __mpu_init                    
UNDEFED   _system_post_cinit            

[133 symbols]
