******************************************************************************
            TI ARM Clang Linker PC v4.0.4                      
******************************************************************************
>> Linked Tue Apr 14 14:26:09 2026

OUTPUT FILE NAME:   <ECE319K_Lab6.out>
ENTRY POINT SYMBOL: "_c_int00_noargs"  address: 000065f5


MEMORY CONFIGURATION

         name            origin    length      used     unused   attr    fill
----------------------  --------  ---------  --------  --------  ----  --------
  FLASH                 00000000   00020000  00006998  00019668  R  X
  SRAM                  20200000   00008000  000007e8  00007818  RW X
  BCR_CONFIG            41c00000   00000080  00000000  00000080  R   
  BSL_CONFIG            41c00100   00000080  00000000  00000080  R   


SEGMENT ALLOCATION MAP

run origin  load origin   length   init length attrs members
----------  ----------- ---------- ----------- ----- -------
00000000    00000000    00006998   00006998    r-x
  00000000    00000000    000000c0   000000c0    r-- .intvecs
  000000c0    000000c0    00003990   00003990    r-- .rodata
  00003a50    00003a50    00002eb0   00002eb0    r-x .text
  00006900    00006900    00000098   00000098    r-- .cinit
20200000    20200000    000005eb   00000000    rw-
  20200000    20200000    00000200   00000000    rw- .sysmem
  20200200    20200200    000001f9   00000000    rw- .data
  202003fc    202003fc    000001ef   00000000    rw- .bss
20207e00    20207e00    00000200   00000000    rw-
  20207e00    20207e00    00000200   00000000    rw- .stack


SECTION ALLOCATION MAP

 output                                  attributes/
section   page    origin      length       input sections
--------  ----  ----------  ----------   ----------------
.intvecs   0    00000000    000000c0     
                  00000000    000000c0     startup_mspm0g3507_ticlang.o (.intvecs)

.text      0    00003a50    00002eb0     
                  00003a50    00000868     libc.a : _printfi.c.obj (.text:__TI_printfi_nofloat)
                  000042b8    00000210     ST7735.o (.text.ST7735_DrawBitmap)
                  000044c8    000001b4     Clock.o (.text.Clock_Init80MHz)
                  0000467c    000001a8     ST7735.o (.text.ST7735_DrawChar)
                  00004824    00000188     Lab6GraderWrapper.o (.text)
                  000049ac    00000164     Lab6Main.o (.text.main)
                  00004b10    00000154     libc.a : fopen.c.obj (.text._openfile)
                  00004c64    00000118     ST7735.o (.text.ST7735_FillRect)
                  00004d7c    00000114     libc.a : memory.c.obj (.text.aligned_alloc)
                  00004e90    000000f8     SPI.o (.text.SPI_Init)
                  00004f88    000000f8     libc.a : fputs.c.obj (.text.fputs)
                  00005080    000000ec     libsysbm.a : add_device.c.obj (.text.add_device)
                  0000516c    000000e8     libc.a : memory.c.obj (.text.free)
                  00005254    000000e0            : setvbuf.c.obj (.text.setvbuf)
                  00005334    000000d0     ST7735.o (.text.ST7735_OutChar)
                  00005404    000000a2     ST7735.o (.text.commandList)
                  000054a6    00000002     libclang_rt.builtins.a : aeabi_div0.c.obj (.text.__aeabi_idiv0)
                  000054a8    000000a2                            : udivmoddi4.S.obj (.text)
                  0000554a    00000002                            : aeabi_div0.c.obj (.text.__aeabi_ldiv0)
                  0000554c    000000a0     libsysbm.a : open.c.obj (.text.open)
                  000055ec    0000009c     ST7735.o (.text.ST7735_InitPrintf)
                  00005688    0000009c     libc.a : fputc.c.obj (.text.fputc)
                  00005724    00000098     ST7735.o (.text.ST7735_InitR)
                  000057bc    00000088     ST7735.o (.text.setAddrWindow)
                  00005844    0000000c     Clock.o (.text.Clock_Freq)
                  00005850    00000088     libc.a : strcmp-armv6m.S.obj (.text:strcmp)
                  000058d8    00000084     ST7735.o (.text.ST7735_DrawString)
                  0000595c    00000084     Lab6Grader.o (.text.TIMG7_IRQHandler)
                  000059e0    0000007c     LaunchPad.o (.text.LaunchPad_Init)
                  00005a5c    0000007c     libc.a : fclose.c.obj (.text.__TI_closefile)
                  00005ad8    0000007c            : copy_decompress_lzss.c.obj (.text:decompress:lzss)
                  00005b54    0000006c     libsysbm.a : hostlseek.c.obj (.text.HOSTlseek)
                  00005bc0    0000006c                : hostrename.c.obj (.text.HOSTrename)
                  00005c2c    0000006c     libc.a : fseek.c.obj (.text.fseeko)
                  00005c98    0000006c            : getdevice.c.obj (.text.getdevice)
                  00005d04    00000064            : _io_perm.c.obj (.text.__TI_wrt_ok)
                  00005d68    00000064            : memory.c.obj (.text.split)
                  00005dcc    00000060     libsysbm.a : hostopen.c.obj (.text.HOSTopen)
                  00005e2c    0000005c     libc.a : printf.c.obj (.text.printf)
                  00005e88    00000058     libsysbm.a : hostread.c.obj (.text.HOSTread)
                  00005ee0    00000058                : hostwrite.c.obj (.text.HOSTwrite)
                  00005f38    00000052     libc.a : fflush.c.obj (.text.__TI_doflush)
                  00005f8a    00000002            : _lock.c.obj (.text._nop)
                  00005f8c    00000050     libsysbm.a : close.c.obj (.text.close)
                  00005fdc    00000048                : hostclose.c.obj (.text.HOSTclose)
                  00006024    00000048                : hostunlink.c.obj (.text.HOSTunlink)
                  0000606c    00000048     SPI.o (.text.SPI_OutCommand)
                  000060b4    00000040     SPI.o (.text.SPI_Reset)
                  000060f4    00000040     libclang_rt.builtins.a : aeabi_uidivmod.S.obj (.text.__aeabi_uidivmod)
                  00006134    00000040     libc.a : fopen.c.obj (.text._search_fp)
                  00006174    00000040            : atoi.c.obj (.text.atoi)
                  000061b4    0000003c            : autoinit.c.obj (.text:__TI_auto_init_nobinit_nopinit)
                  000061f0    0000003a     libclang_rt.builtins.a : muldsi3.S.obj (.text.__muldsi3)
                  0000622a    00000002     --HOLE-- [fill = 0]
                  0000622c    00000038     LaunchPad.o (.text.ActivatePortA_B)
                  00006264    00000038     SPI.o (.text.SPI_OutData)
                  0000629c    00000034     Clock.o (.text.Clock_Delay1ms)
                  000062d0    00000034     ST7735.o (.text.ST7735_SetCursor)
                  00006304    00000034     ST7735.o (.text.ST7735_write)
                  00006338    00000034     libc.a : fopen.c.obj (.text.__TI_cleanup)
                  0000636c    00000034     libsysbm.a : trgmsg.c.obj (.text.__TI_readmsg)
                  000063a0    00000034                : trgmsg.c.obj (.text.__TI_writemsg)
                  000063d4    00000034     libc.a : exit.c.obj (.text.exit)
                  00006408    00000034            : getdevice.c.obj (.text.finddevice)
                  0000643c    00000034            : fopen.c.obj (.text.freopen)
                  00006470    00000030     ST7735.o (.text.commonInit)
                  000064a0    00000030     libc.a : fopen.c.obj (.text.fopen)
                  000064d0    0000002c     ST7735.o (.text.ST7735_FillScreen)
                  000064fc    0000002c     UARTbusywait.o (.text.UART_OutChar)
                  00006528    0000002c     libsysbm.a : unlink.c.obj (.text.unlink)
                  00006554    00000028     libc.a : memory.c.obj (.text.free_list_insert)
                  0000657c    00000028     libsysbm.a : lseek.c.obj (.text.lseek)
                  000065a4    00000028                : write.c.obj (.text.write)
                  000065cc    00000028     StringConversion.o (.text)
                  000065f4    00000028     libc.a : boot_cortex_m.c.obj (.text:_c_int00_noargs)
                  0000661c    00000026     ST7735.o (.text.ST7735_OutString)
                  00006642    00000026     UART.o (.text.UART_OutString)
                  00006668    00000024     libclang_rt.builtins.a : muldi3.S.obj (.text.__muldi3)
                  0000668c    00000022     libc.a : memccpy.c.obj (.text.memccpy)
                  000066ae    00000002     --HOLE-- [fill = 0]
                  000066b0    00000020     LaunchPad.o (.text.LaunchPad_InS2)
                  000066d0    0000001e     libclang_rt.builtins.a : ashldi3.S.obj (.text.__ashldi3)
                  000066ee    0000001e     ST7735.o (.text.pushColor)
                  0000670c    0000001c     startup_mspm0g3507_ticlang.o (.text.Default_Handler)
                  00006728    0000001c     startup_mspm0g3507_ticlang.o (.text.HardFault_Handler)
                  00006744    0000001c     libc.a : memory.c.obj (.text.free_list_remove)
                  00006760    00000016     ST7735.o (.text.ST7735_open)
                  00006776    00000016     ST7735.o (.text.ST7735_read)
                  0000678c    00000016     libc.a : copy_zero_init.c.obj (.text:decompress:ZI:__TI_zero_init_nomemset)
                  000067a2    00000002     --HOLE-- [fill = 0]
                  000067a4    00000014     libclang_rt.builtins.a : aeabi_uldivmod.S.obj (.text.__aeabi_uldivmod)
                  000067b8    00000012     libc.a : memcpy16.S.obj (.text:TI_memcpy_small)
                  000067ca    00000012            : copy_decompress_none.c.obj (.text:decompress:none)
                  000067dc    00000010     Clock.o (.text.Clock_Delay)
                  000067ec    00000010     LaunchPad.o (.text.Delay)
                  000067fc    00000010     libc.a : wcslen.c.obj (.text.wcslen)
                  0000680c    0000000e            : memory.c.obj (.text.OUTLINED_FUNCTION_0)
                  0000681a    0000000e     ST7735.o (.text.ST7735_lseek)
                  00006828    0000000e     libclang_rt.builtins.a : aeabi_memset.S.obj (.text.__aeabi_memset)
                  00006836    0000000e     libsysbm.a : hostrename.c.obj (.text.strcpy)
                  00006844    0000000e     libc.a : _printfi.c.obj (.text.strlen)
                  00006852    0000000e     libsysbm.a : hostrename.c.obj (.text.strlen)
                  00006860    0000000e     libc.a : memset16.S.obj (.text:TI_memset_small)
                  0000686e    0000000c     ST7735.o (.text.ST7735_rename)
                  0000687a    00000002     --HOLE-- [fill = 0]
                  0000687c    0000000c     Lab6Grader.o (.text.TimerG7_Stop)
                  00006888    0000000c     libclang_rt.builtins.a : aeabi_memset.S.obj (.text.__aeabi_memclr)
                  00006894    0000000c     libc.a : memory.c.obj (.text.malloc)
                  000068a0    0000000a     ST7735.o (.text.ST7735_close)
                  000068aa    0000000a     ST7735.o (.text.ST7735_unlink)
                  000068b4    00000008     libc.a : aeabi_portable.c.obj (.text.__aeabi_errno_addr)
                  000068bc    00000008     libclang_rt.builtins.a : aeabi_memcpy.S.obj (.text.__aeabi_memcpy)
                  000068c4    00000008     libc.a : printf.c.obj (.text._outc)
                  000068cc    00000008            : printf.c.obj (.text._outs)
                  000068d4    00000008            : fseek.c.obj (.text.fseek)
                  000068dc    00000008     libsysbm.a : remove.c.obj (.text.remove)
                  000068e4    00000008     BusyWait.o (.text)
                  000068ec    00000006     libc.a : exit.c.obj (.text:abort)
                  000068f2    00000004     libsysbm.a : hostexit.c.obj (.text.HOSTexit)
                  000068f6    00000004     startup_mspm0g3507_ticlang.o (.text.Reset_Handler)
                  000068fa    00000004     libc.a : pre_init.c.obj (.text._system_pre_init)
                  000068fe    00000002     --HOLE-- [fill = 0]

.cinit     0    00006900    00000098     
                  00006900    0000006e     (.cinit..data.load) [load image, compression = lzss]
                  0000696e    00000002     --HOLE-- [fill = 0]
                  00006970    0000000c     (__TI_handler_table)
                  0000697c    00000008     (.cinit..bss.load) [load image, compression = zero_init]
                  00006984    00000010     (__TI_cinit_table)
                  00006994    00000004     --HOLE-- [fill = 0]

.rodata    0    000000c0    00003990     
                  000000c0    00003200     Lab6Main.o (.rodata.Logo)
                  000032c0    000004fb     ST7735.o (.rodata.Font)
                  000037bb    00000003     Lab6Main.o (.rodata.str1.2932365752848410721.1)
                  000037be    00000002     ST7735.o (.rodata.str1.4408429423603725162.1)
                  000037c0    00000101     libc.a : aeabi_ctype.S.obj (.rodata:__aeabi_ctype_table_)
                  000038c1    0000003b     ST7735.o (.rodata.Rcmd1)
                  000038fc    00000030     Lab6Main.o (.rodata.TestData)
                  0000392c    0000002e     Lab6Main.o (.rodata.str1.8243769440906445158.1)
                  0000395a    0000002b     ST7735.o (.rodata.Rcmd3)
                  00003985    00000027     Lab6Grader.o (.rodata.str1.11334354766056882251.1)
                  000039ac    00000027     Lab6Grader.o (.rodata.str1.5715729709420124800.1)
                  000039d3    00000016     ST7735.o (.rodata.str1.2132471336006292093.1)
                  000039e9    00000011     libc.a : _printfi.c.obj (.rodata.str1.10348868589481759720.1)
                  000039fa    00000011            : _printfi.c.obj (.rodata.str1.15363888844622738466.1)
                  00003a0b    0000000e     Lab6Main.o (.rodata.str1.4990658536996855131.1)
                  00003a19    0000000d     ST7735.o (.rodata.Rcmd2green)
                  00003a26    0000000d     ST7735.o (.rodata.Rcmd2red)
                  00003a33    00000008     ST7735.o (.rodata.str1.14694424544768695619.1)
                  00003a3b    00000007     ST7735.o (.rodata.str1.1448485181700679404.1)
                  00003a42    0000000e     --HOLE-- [fill = 0]

.init_array 
*          0    00000000    00000000     UNINITIALIZED

.binit     0    00000000    00000000     

.sysmem    0    20200000    00000200     UNINITIALIZED
                  20200000    00000010     libc.a : memory.c.obj (.sysmem)
                  20200010    000001f0     --HOLE--

.data      0    20200200    000001f9     UNINITIALIZED
                  20200200    000000f0     libc.a : defs.c.obj (.data._ftable)
                  202002f0    00000078     libsysbm.a : host_device.c.obj (.data._device)
                  20200368    00000050                : host_device.c.obj (.data._stream)
                  202003b8    00000008     libc.a : exit.c.obj (.data..L_MergedGlobals)
                  202003c0    00000008     Lab6GraderWrapper.o (.data)
                  202003c8    00000004     Clock.o (.data.BusFreq)
                  202003cc    00000004     Lab6Grader.o (.data.Fail)
                  202003d0    00000004     ST7735.o (.data.StX)
                  202003d4    00000004     ST7735.o (.data.StY)
                  202003d8    00000004     libc.a : defs.c.obj (.data.__TI_ft_end)
                  202003dc    00000004            : aeabi_portable.c.obj (.data.__aeabi_errno)
                  202003e0    00000004            : _lock.c.obj (.data._lock)
                  202003e4    00000004            : _lock.c.obj (.data._unlock)
                  202003e8    00000002     ST7735.o (.data.StTextColor)
                  202003ea    00000002     ST7735.o (.data._height)
                  202003ec    00000002     ST7735.o (.data._width)
                  202003ee    00000002     --HOLE--
                  202003f0    00000001     libsysbm.a : add_device.c.obj (.data.add_device.device_init)
                  202003f1    00000003     --HOLE--
                  202003f4    00000001     libc.a : memory.c.obj (.data.memory_is_initialized)
                  202003f5    00000003     --HOLE--
                  202003f8    00000001     libsysbm.a : open.c.obj (.data.open.stream_init)

.bss       0    202003fc    000001ef     UNINITIALIZED
                  202003fc    00000120     libsysbm.a : trgmsg.c.obj (.bss:_CIOBUF_)
                  2020051c    000000a0     libc.a : defs.c.obj (.bss.__TI_tmpnams)
                  202005bc    00000014     (.common:test)
                  202005d0    00000008     libsysbm.a : hostopen.c.obj (.bss.parmbuf)
                  202005d8    00000004     libc.a : memory.c.obj (.bss.sys_free)
                  202005dc    00000004     (.common:GraderStatus)
                  202005e0    00000004     (.common:GraderTime)
                  202005e4    00000004     (.common:whichbit)
                  202005e8    00000001     ST7735.o (.bss.ColStart)
                  202005e9    00000001     ST7735.o (.bss.RowStart)
                  202005ea    00000001     ST7735.o (.bss.TabColor)

.stack     0    20207e00    00000200     UNINITIALIZED
                  20207e00    00000004     libc.a : boot_cortex_m.c.obj (.stack)
                  20207e04    000001fc     --HOLE--

__llvm_prf_cnts 
*          0    20200000    00000000     UNINITIALIZED

__llvm_prf_bits 
*          0    20200000    00000000     UNINITIALIZED

MODULE SUMMARY

       Module                         code    ro data   rw data
       ------                         ----    -------   -------
    ..\
       Lab6GraderWrapper.o            392     0         8      
    +--+------------------------------+-------+---------+---------+
       Total:                         392     0         8      
                                                               
    .\
       Lab6Main.o                     356     12911     20     
       ST7735.o                       2532    1442      17     
       Clock.o                        516     0         4      
       SPI.o                          440     0         0      
       Lab6Grader.o                   144     78        16     
       LaunchPad.o                    228     0         0      
       UARTbusywait.o                 44      0         0      
       StringConversion.o             40      0         0      
       UART.o                         38      0         0      
       BusyWait.o                     8       0         0      
    +--+------------------------------+-------+---------+---------+
       Total:                         4346    14431     57     
                                                               
    .\ticlang\
       startup_mspm0g3507_ticlang.o   60      192       0      
    +--+------------------------------+-------+---------+---------+
       Total:                         60      192       0      
                                                               
    C:\TI\ccs2040\ccs\tools\compiler\ti-cgt-armllvm_4.0.4.LTS\lib\armv6m-ti-none-eabi/c/libc.a
       _printfi.c.obj                 2166    34        0      
       memory.c.obj                   702     0         5      
       fopen.c.obj                    556     0         0      
       defs.c.obj                     0       0         404    
       aeabi_ctype.S.obj              0       257       0      
       fputs.c.obj                    248     0         0      
       setvbuf.c.obj                  224     0         0      
       getdevice.c.obj                160     0         0      
       fputc.c.obj                    156     0         0      
       strcmp-armv6m.S.obj            136     0         0      
       copy_decompress_lzss.c.obj     124     0         0      
       fclose.c.obj                   124     0         0      
       fseek.c.obj                    116     0         0      
       printf.c.obj                   108     0         0      
       _io_perm.c.obj                 100     0         0      
       fflush.c.obj                   82      0         0      
       exit.c.obj                     58      0         8      
       atoi.c.obj                     64      0         0      
       autoinit.c.obj                 60      0         0      
       boot_cortex_m.c.obj            40      0         0      
       memccpy.c.obj                  34      0         0      
       copy_zero_init.c.obj           22      0         0      
       copy_decompress_none.c.obj     18      0         0      
       memcpy16.S.obj                 18      0         0      
       wcslen.c.obj                   16      0         0      
       memset16.S.obj                 14      0         0      
       aeabi_portable.c.obj           8       0         4      
       _lock.c.obj                    2       0         8      
       pre_init.c.obj                 4       0         0      
    +--+------------------------------+-------+---------+---------+
       Total:                         5360    291       429    
                                                               
    C:\TI\ccs2040\ccs\tools\compiler\ti-cgt-armllvm_4.0.4.LTS\lib\armv6m-ti-none-eabi/c/libsysbm.a
       trgmsg.c.obj                   104     0         288    
       add_device.c.obj               236     0         1      
       host_device.c.obj              0       0         200    
       open.c.obj                     160     0         1      
       hostrename.c.obj               136     0         0      
       hostlseek.c.obj                108     0         0      
       hostopen.c.obj                 96      0         8      
       hostread.c.obj                 88      0         0      
       hostwrite.c.obj                88      0         0      
       close.c.obj                    80      0         0      
       hostclose.c.obj                72      0         0      
       hostunlink.c.obj               72      0         0      
       unlink.c.obj                   44      0         0      
       lseek.c.obj                    40      0         0      
       write.c.obj                    40      0         0      
       remove.c.obj                   8       0         0      
       hostexit.c.obj                 4       0         0      
    +--+------------------------------+-------+---------+---------+
       Total:                         1376    0         498    
                                                               
    C:\TI\ccs2040\ccs\tools\compiler\ti-cgt-armllvm_4.0.4.LTS\lib\armv6m-ti-none-eabi/libclang_rt.builtins.a
       udivmoddi4.S.obj               162     0         0      
       aeabi_uidivmod.S.obj           64      0         0      
       muldsi3.S.obj                  58      0         0      
       muldi3.S.obj                   36      0         0      
       ashldi3.S.obj                  30      0         0      
       aeabi_memset.S.obj             26      0         0      
       aeabi_uldivmod.S.obj           20      0         0      
       aeabi_memcpy.S.obj             8       0         0      
       aeabi_div0.c.obj               4       0         0      
    +--+------------------------------+-------+---------+---------+
       Total:                         408     0         0      
                                                               
       Heap:                          0       0         512    
       Stack:                         0       0         512    
       Linker Generated:              0       146       0      
    +--+------------------------------+-------+---------+---------+
       Grand Total:                   11942   15060     2016   


LINKER GENERATED COPY TABLES

__TI_cinit_table @ 00006984 records: 2, size/record: 8, table size: 16
	.data: load addr=00006900, load size=0000006e bytes, run addr=20200200, run size=000001f9 bytes, compression=lzss
	.bss: load addr=0000697c, load size=00000008 bytes, run addr=202003fc, run size=000001ef bytes, compression=zero_init


LINKER GENERATED HANDLER TABLE

__TI_handler_table @ 00006970 records: 3, size/record: 4, table size: 12
	index: 0, handler: __TI_decompress_lzss
	index: 1, handler: __TI_decompress_none
	index: 2, handler: __TI_zero_init


GLOBAL SYMBOLS: SORTED ALPHABETICALLY BY Name 

address   name                          
-------   ----                          
0000670d  ADC0_IRQHandler               
0000670d  ADC1_IRQHandler               
0000670d  AES_IRQHandler                
0000622d  ActivatePortA_B               
202003c8  BusFreq                       
000068f2  C$$EXIT                       
000063cd  C$$IO$$                       
0000670d  CANFD0_IRQHandler             
000067dd  Clock_Delay                   
0000629d  Clock_Delay1ms                
00005845  Clock_Freq                    
000044c9  Clock_Init80MHz               
0000670d  DAC0_IRQHandler               
0000670d  DMA_IRQHandler                
00004958  Dec2String                    
0000670d  Default_Handler               
000067ed  Delay                         
0000670d  GROUP0_IRQHandler             
0000670d  GROUP1_IRQHandler             
202005dc  GraderStatus                  
202005e0  GraderTime                    
00005fdd  HOSTclose                     
000068f3  HOSTexit                      
00005b55  HOSTlseek                     
00005dcd  HOSTopen                      
00005e89  HOSTread                      
00005bc1  HOSTrename                    
00006025  HOSTunlink                    
00005ee1  HOSTwrite                     
00006729  HardFault_Handler             
0000670d  I2C0_IRQHandler               
0000670d  I2C1_IRQHandler               
000066b1  LaunchPad_InS2                
000059e1  LaunchPad_Init                
000000c0  Logo                          
0000670d  NMI_Handler                   
0000496c  OutChar                       
000065e6  OutDec                        
0000670d  PendSV_Handler                
0000670d  RTC_IRQHandler                
000068f7  Reset_Handler                 
0000670d  SPI0_IRQHandler               
0000670d  SPI1_IRQHandler               
000068e4  SPIOutCommand                 
000068e8  SPIOutData                    
00004e91  SPI_Init                      
0000606d  SPI_OutCommand                
00006265  SPI_OutData                   
000060b5  SPI_Reset                     
000042b9  ST7735_DrawBitmap             
0000467d  ST7735_DrawChar               
000058d9  ST7735_DrawString             
00004c65  ST7735_FillRect               
000064d1  ST7735_FillScreen             
000055ed  ST7735_InitPrintf             
00005725  ST7735_InitR                  
00005335  ST7735_OutChar                
0000661d  ST7735_OutString              
000062d1  ST7735_SetCursor              
000068a1  ST7735_close                  
0000681b  ST7735_lseek                  
00006761  ST7735_open                   
00006777  ST7735_read                   
0000686f  ST7735_rename                 
000068ab  ST7735_unlink                 
00006305  ST7735_write                  
0000670d  SVC_Handler                   
202003e8  StTextColor                   
202003d0  StX                           
202003d4  StY                           
0000670d  SysTick_Handler               
0000670d  TIMA0_IRQHandler              
0000670d  TIMA1_IRQHandler              
0000670d  TIMG0_IRQHandler              
0000670d  TIMG12_IRQHandler             
0000670d  TIMG6_IRQHandler              
0000595d  TIMG7_IRQHandler              
0000670d  TIMG8_IRQHandler              
000067b9  TI_memcpy_small               
00006861  TI_memset_small               
000038fc  TestData                      
000065cc  Test_udivby10                 
0000687d  TimerG7_Stop                  
0000670d  UART0_IRQHandler              
0000670d  UART1_IRQHandler              
0000670d  UART2_IRQHandler              
0000670d  UART3_IRQHandler              
000064fd  UART_OutChar                  
00006643  UART_OutString                
202003fc  _CIOBUF_                      
202003fc  __CIOBUF_                     
20208000  __STACK_END                   
00000200  __STACK_SIZE                  
00000200  __SYSMEM_SIZE                 
00000000  __TI_ATRegion0_region_sz      
00000000  __TI_ATRegion0_src_addr       
00000000  __TI_ATRegion0_trg_addr       
00000000  __TI_ATRegion1_region_sz      
00000000  __TI_ATRegion1_src_addr       
00000000  __TI_ATRegion1_trg_addr       
00000000  __TI_ATRegion2_region_sz      
00000000  __TI_ATRegion2_src_addr       
00000000  __TI_ATRegion2_trg_addr       
00006984  __TI_CINIT_Base               
00006994  __TI_CINIT_Limit              
00006994  __TI_CINIT_Warm               
00006970  __TI_Handler_Table_Base       
0000697c  __TI_Handler_Table_Limit      
000061b5  __TI_auto_init_nobinit_nopinit
00006339  __TI_cleanup                  
202003b8  __TI_cleanup_ptr              
00005a5d  __TI_closefile                
00005ad9  __TI_decompress_lzss          
000067cb  __TI_decompress_none          
00005f39  __TI_doflush                  
202003bc  __TI_dtors_ptr                
202003d8  __TI_ft_end                   
ffffffff  __TI_pprof_out_hndl           
00003a51  __TI_printfi_nofloat          
ffffffff  __TI_prof_data_size           
ffffffff  __TI_prof_data_start          
0000636d  __TI_readmsg                  
00000000  __TI_static_base__            
2020051c  __TI_tmpnams                  
000063a1  __TI_writemsg                 
00005d05  __TI_wrt_ok                   
0000678d  __TI_zero_init_nomemset       
000037c0  __aeabi_ctype_table_          
000037c0  __aeabi_ctype_table_C         
202003dc  __aeabi_errno                 
000068b5  __aeabi_errno_addr            
000054a7  __aeabi_idiv0                 
0000554b  __aeabi_ldiv0                 
000066d1  __aeabi_llsl                  
00006669  __aeabi_lmul                  
00006889  __aeabi_memclr                
00006889  __aeabi_memclr4               
00006889  __aeabi_memclr8               
000068bd  __aeabi_memcpy                
000068bd  __aeabi_memcpy4               
000068bd  __aeabi_memcpy8               
00006829  __aeabi_memset                
00006829  __aeabi_memset4               
00006829  __aeabi_memset8               
000060f5  __aeabi_uidiv                 
000060f5  __aeabi_uidivmod              
000067a5  __aeabi_uldivmod              
000066d1  __ashldi3                     
ffffffff  __binit__                     
UNDEFED   __mpu_init                    
00006669  __muldi3                      
000061f1  __muldsi3                     
20207e00  __stack                       
20200000  __start___llvm_prf_bits       
20200000  __start___llvm_prf_cnts       
20200000  __stop___llvm_prf_bits        
20200000  __stop___llvm_prf_cnts        
000054a9  __udivmoddi4                  
000065f5  _c_int00_noargs               
202002f0  _device                       
20200200  _ftable                       
202003e0  _lock                         
00005f8b  _nop                          
20200368  _stream                       
20200000  _sys_memory                   
UNDEFED   _system_post_cinit            
000068fb  _system_pre_init              
202003e4  _unlock                       
000068ed  abort                         
00005081  add_device                    
00004d7d  aligned_alloc                 
00006175  atoi                          
ffffffff  binit                         
00005f8d  close                         
000063d5  exit                          
00006409  finddevice                    
000064a1  fopen                         
00005689  fputc                         
00004f89  fputs                         
0000516d  free                          
0000643d  freopen                       
000068d5  fseek                         
00005c2d  fseeko                        
00005c99  getdevice                     
00000000  interruptVectors              
0000657d  lseek                         
000049ad  main                          
00006895  malloc                        
00004d7d  memalign                      
0000668d  memccpy                       
00004904  myDec2String                  
0000554d  open                          
202005d0  parmbuf                       
00005e2d  printf                        
000068dd  remove                        
00005255  setvbuf                       
00005851  strcmp                        
202005bc  test                          
0000489c  testDec2String                
00004824  testSPIOutCommand             
00004860  testSPIOutData                
00006529  unlink                        
000067fd  wcslen                        
202005e4  whichbit                      
000065a5  write                         


GLOBAL SYMBOLS: SORTED BY Symbol Address 

address   name                          
-------   ----                          
00000000  __TI_ATRegion0_region_sz      
00000000  __TI_ATRegion0_src_addr       
00000000  __TI_ATRegion0_trg_addr       
00000000  __TI_ATRegion1_region_sz      
00000000  __TI_ATRegion1_src_addr       
00000000  __TI_ATRegion1_trg_addr       
00000000  __TI_ATRegion2_region_sz      
00000000  __TI_ATRegion2_src_addr       
00000000  __TI_ATRegion2_trg_addr       
00000000  __TI_static_base__            
00000000  interruptVectors              
000000c0  Logo                          
00000200  __STACK_SIZE                  
00000200  __SYSMEM_SIZE                 
000037c0  __aeabi_ctype_table_          
000037c0  __aeabi_ctype_table_C         
000038fc  TestData                      
00003a51  __TI_printfi_nofloat          
000042b9  ST7735_DrawBitmap             
000044c9  Clock_Init80MHz               
0000467d  ST7735_DrawChar               
00004824  testSPIOutCommand             
00004860  testSPIOutData                
0000489c  testDec2String                
00004904  myDec2String                  
00004958  Dec2String                    
0000496c  OutChar                       
000049ad  main                          
00004c65  ST7735_FillRect               
00004d7d  aligned_alloc                 
00004d7d  memalign                      
00004e91  SPI_Init                      
00004f89  fputs                         
00005081  add_device                    
0000516d  free                          
00005255  setvbuf                       
00005335  ST7735_OutChar                
000054a7  __aeabi_idiv0                 
000054a9  __udivmoddi4                  
0000554b  __aeabi_ldiv0                 
0000554d  open                          
000055ed  ST7735_InitPrintf             
00005689  fputc                         
00005725  ST7735_InitR                  
00005845  Clock_Freq                    
00005851  strcmp                        
000058d9  ST7735_DrawString             
0000595d  TIMG7_IRQHandler              
000059e1  LaunchPad_Init                
00005a5d  __TI_closefile                
00005ad9  __TI_decompress_lzss          
00005b55  HOSTlseek                     
00005bc1  HOSTrename                    
00005c2d  fseeko                        
00005c99  getdevice                     
00005d05  __TI_wrt_ok                   
00005dcd  HOSTopen                      
00005e2d  printf                        
00005e89  HOSTread                      
00005ee1  HOSTwrite                     
00005f39  __TI_doflush                  
00005f8b  _nop                          
00005f8d  close                         
00005fdd  HOSTclose                     
00006025  HOSTunlink                    
0000606d  SPI_OutCommand                
000060b5  SPI_Reset                     
000060f5  __aeabi_uidiv                 
000060f5  __aeabi_uidivmod              
00006175  atoi                          
000061b5  __TI_auto_init_nobinit_nopinit
000061f1  __muldsi3                     
0000622d  ActivatePortA_B               
00006265  SPI_OutData                   
0000629d  Clock_Delay1ms                
000062d1  ST7735_SetCursor              
00006305  ST7735_write                  
00006339  __TI_cleanup                  
0000636d  __TI_readmsg                  
000063a1  __TI_writemsg                 
000063cd  C$$IO$$                       
000063d5  exit                          
00006409  finddevice                    
0000643d  freopen                       
000064a1  fopen                         
000064d1  ST7735_FillScreen             
000064fd  UART_OutChar                  
00006529  unlink                        
0000657d  lseek                         
000065a5  write                         
000065cc  Test_udivby10                 
000065e6  OutDec                        
000065f5  _c_int00_noargs               
0000661d  ST7735_OutString              
00006643  UART_OutString                
00006669  __aeabi_lmul                  
00006669  __muldi3                      
0000668d  memccpy                       
000066b1  LaunchPad_InS2                
000066d1  __aeabi_llsl                  
000066d1  __ashldi3                     
0000670d  ADC0_IRQHandler               
0000670d  ADC1_IRQHandler               
0000670d  AES_IRQHandler                
0000670d  CANFD0_IRQHandler             
0000670d  DAC0_IRQHandler               
0000670d  DMA_IRQHandler                
0000670d  Default_Handler               
0000670d  GROUP0_IRQHandler             
0000670d  GROUP1_IRQHandler             
0000670d  I2C0_IRQHandler               
0000670d  I2C1_IRQHandler               
0000670d  NMI_Handler                   
0000670d  PendSV_Handler                
0000670d  RTC_IRQHandler                
0000670d  SPI0_IRQHandler               
0000670d  SPI1_IRQHandler               
0000670d  SVC_Handler                   
0000670d  SysTick_Handler               
0000670d  TIMA0_IRQHandler              
0000670d  TIMA1_IRQHandler              
0000670d  TIMG0_IRQHandler              
0000670d  TIMG12_IRQHandler             
0000670d  TIMG6_IRQHandler              
0000670d  TIMG8_IRQHandler              
0000670d  UART0_IRQHandler              
0000670d  UART1_IRQHandler              
0000670d  UART2_IRQHandler              
0000670d  UART3_IRQHandler              
00006729  HardFault_Handler             
00006761  ST7735_open                   
00006777  ST7735_read                   
0000678d  __TI_zero_init_nomemset       
000067a5  __aeabi_uldivmod              
000067b9  TI_memcpy_small               
000067cb  __TI_decompress_none          
000067dd  Clock_Delay                   
000067ed  Delay                         
000067fd  wcslen                        
0000681b  ST7735_lseek                  
00006829  __aeabi_memset                
00006829  __aeabi_memset4               
00006829  __aeabi_memset8               
00006861  TI_memset_small               
0000686f  ST7735_rename                 
0000687d  TimerG7_Stop                  
00006889  __aeabi_memclr                
00006889  __aeabi_memclr4               
00006889  __aeabi_memclr8               
00006895  malloc                        
000068a1  ST7735_close                  
000068ab  ST7735_unlink                 
000068b5  __aeabi_errno_addr            
000068bd  __aeabi_memcpy                
000068bd  __aeabi_memcpy4               
000068bd  __aeabi_memcpy8               
000068d5  fseek                         
000068dd  remove                        
000068e4  SPIOutCommand                 
000068e8  SPIOutData                    
000068ed  abort                         
000068f2  C$$EXIT                       
000068f3  HOSTexit                      
000068f7  Reset_Handler                 
000068fb  _system_pre_init              
00006970  __TI_Handler_Table_Base       
0000697c  __TI_Handler_Table_Limit      
00006984  __TI_CINIT_Base               
00006994  __TI_CINIT_Limit              
00006994  __TI_CINIT_Warm               
20200000  __start___llvm_prf_bits       
20200000  __start___llvm_prf_cnts       
20200000  __stop___llvm_prf_bits        
20200000  __stop___llvm_prf_cnts        
20200000  _sys_memory                   
20200200  _ftable                       
202002f0  _device                       
20200368  _stream                       
202003b8  __TI_cleanup_ptr              
202003bc  __TI_dtors_ptr                
202003c8  BusFreq                       
202003d0  StX                           
202003d4  StY                           
202003d8  __TI_ft_end                   
202003dc  __aeabi_errno                 
202003e0  _lock                         
202003e4  _unlock                       
202003e8  StTextColor                   
202003fc  _CIOBUF_                      
202003fc  __CIOBUF_                     
2020051c  __TI_tmpnams                  
202005bc  test                          
202005d0  parmbuf                       
202005dc  GraderStatus                  
202005e0  GraderTime                    
202005e4  whichbit                      
20207e00  __stack                       
20208000  __STACK_END                   
ffffffff  __TI_pprof_out_hndl           
ffffffff  __TI_prof_data_size           
ffffffff  __TI_prof_data_start          
ffffffff  __binit__                     
ffffffff  binit                         
UNDEFED   __mpu_init                    
UNDEFED   _system_post_cinit            

[205 symbols]
