<?xml version="1.0" encoding="ISO-8859-1" ?>
<link_info>
   <banner>TI ARM Clang Linker PC v4.0.4.LTS</banner>
   <copyright>Copyright (c) 1996-2018 Texas Instruments Incorporated</copyright>
   <command_line>C:\TI\ccs2040\ccs\tools\compiler\ti-cgt-armllvm_4.0.4.LTS\bin\tiarmlnk -IC:\TI\ccs2040\ccs\tools\compiler\ti-cgt-armllvm_4.0.4.LTS\lib -o ECE319K_Lab6.out -mECE319K_Lab6.map --heap_size=512 --stack_size=512 -iC:/Users/prana/Desktop/MSPM0_ValvanoWare/ECE319K_Lab6/Debug/syscfg -iC:/TI/ccs2040/ccs/tools/compiler/ti-cgt-armllvm_4.0.4.LTS/lib --diag_wrap=off --display_error_number --warn_sections --xml_link_info=ECE319K_Lab6_linkInfo.xml --rom_model ./BusyWait.o ./Clock.o ./Lab6Grader.o ../Lab6GraderWrapper.o ./Lab6Main.o ./LaunchPad.o ./SPI.o ./ST7735.o ./StringConversion.o ./Timer.o ./UART.o ./UARTbusywait.o ./ticlang/startup_mspm0g3507_ticlang.o ../mspm0g3507.cmd -lC:/TI/mspm0_sdk_2_09_00_01/source/ti/driverlib/lib/ticlang/m0p/mspm0g1x0x_g3x0x/driverlib.a -llibc.a --start-group -llibc++.a -llibc++abi.a -llibc.a -llibsys.a -llibsysbm.a -llibclang_rt.builtins.a -llibclang_rt.profile.a --end-group --cg_opt_level=0</command_line>
   <link_time>0x69de94d1</link_time>
   <link_errors>0x0</link_errors>
   <output_file>C:\Users\prana\Desktop\MSPM0_ValvanoWare\ECE319K_Lab6\Debug\ECE319K_Lab6.out</output_file>
   <entry_point>
      <name>_c_int00_noargs</name>
      <address>0x65f5</address>
   </entry_point>
   <input_file_list>
      <input_file id="fl-1">
         <path>C:\Users\prana\Desktop\MSPM0_ValvanoWare\ECE319K_Lab6\Debug\.\</path>
         <kind>object</kind>
         <file>BusyWait.o</file>
         <name>BusyWait.o</name>
      </input_file>
      <input_file id="fl-2">
         <path>C:\Users\prana\Desktop\MSPM0_ValvanoWare\ECE319K_Lab6\Debug\.\</path>
         <kind>object</kind>
         <file>Clock.o</file>
         <name>Clock.o</name>
      </input_file>
      <input_file id="fl-3">
         <path>C:\Users\prana\Desktop\MSPM0_ValvanoWare\ECE319K_Lab6\Debug\.\</path>
         <kind>object</kind>
         <file>Lab6Grader.o</file>
         <name>Lab6Grader.o</name>
      </input_file>
      <input_file id="fl-4">
         <path>C:\Users\prana\Desktop\MSPM0_ValvanoWare\ECE319K_Lab6\Debug\..\</path>
         <kind>object</kind>
         <file>Lab6GraderWrapper.o</file>
         <name>Lab6GraderWrapper.o</name>
      </input_file>
      <input_file id="fl-5">
         <path>C:\Users\prana\Desktop\MSPM0_ValvanoWare\ECE319K_Lab6\Debug\.\</path>
         <kind>object</kind>
         <file>Lab6Main.o</file>
         <name>Lab6Main.o</name>
      </input_file>
      <input_file id="fl-6">
         <path>C:\Users\prana\Desktop\MSPM0_ValvanoWare\ECE319K_Lab6\Debug\.\</path>
         <kind>object</kind>
         <file>LaunchPad.o</file>
         <name>LaunchPad.o</name>
      </input_file>
      <input_file id="fl-7">
         <path>C:\Users\prana\Desktop\MSPM0_ValvanoWare\ECE319K_Lab6\Debug\.\</path>
         <kind>object</kind>
         <file>SPI.o</file>
         <name>SPI.o</name>
      </input_file>
      <input_file id="fl-8">
         <path>C:\Users\prana\Desktop\MSPM0_ValvanoWare\ECE319K_Lab6\Debug\.\</path>
         <kind>object</kind>
         <file>ST7735.o</file>
         <name>ST7735.o</name>
      </input_file>
      <input_file id="fl-9">
         <path>C:\Users\prana\Desktop\MSPM0_ValvanoWare\ECE319K_Lab6\Debug\.\</path>
         <kind>object</kind>
         <file>StringConversion.o</file>
         <name>StringConversion.o</name>
      </input_file>
      <input_file id="fl-a">
         <path>C:\Users\prana\Desktop\MSPM0_ValvanoWare\ECE319K_Lab6\Debug\.\</path>
         <kind>object</kind>
         <file>Timer.o</file>
         <name>Timer.o</name>
      </input_file>
      <input_file id="fl-b">
         <path>C:\Users\prana\Desktop\MSPM0_ValvanoWare\ECE319K_Lab6\Debug\.\</path>
         <kind>object</kind>
         <file>UART.o</file>
         <name>UART.o</name>
      </input_file>
      <input_file id="fl-c">
         <path>C:\Users\prana\Desktop\MSPM0_ValvanoWare\ECE319K_Lab6\Debug\.\</path>
         <kind>object</kind>
         <file>UARTbusywait.o</file>
         <name>UARTbusywait.o</name>
      </input_file>
      <input_file id="fl-d">
         <path>C:\Users\prana\Desktop\MSPM0_ValvanoWare\ECE319K_Lab6\Debug\.\ticlang\</path>
         <kind>object</kind>
         <file>startup_mspm0g3507_ticlang.o</file>
         <name>startup_mspm0g3507_ticlang.o</name>
      </input_file>
      <input_file id="fl-19">
         <path>C:\Users\prana\Desktop\MSPM0_ValvanoWare\ECE319K_Lab6\Debug\</path>
         <kind>object</kind>
         <file>&lt;internal&gt;</file>
         <name>&lt;internal&gt;</name>
      </input_file>
      <input_file id="fl-30">
         <path>C:\TI\ccs2040\ccs\tools\compiler\ti-cgt-armllvm_4.0.4.LTS\lib\armv6m-ti-none-eabi\c\</path>
         <kind>archive</kind>
         <file>libc.a</file>
         <name>printf.c.obj</name>
      </input_file>
      <input_file id="fl-31">
         <path>C:\TI\ccs2040\ccs\tools\compiler\ti-cgt-armllvm_4.0.4.LTS\lib\armv6m-ti-none-eabi\c\</path>
         <kind>archive</kind>
         <file>libc.a</file>
         <name>_printfi.c.obj</name>
      </input_file>
      <input_file id="fl-32">
         <path>C:\TI\ccs2040\ccs\tools\compiler\ti-cgt-armllvm_4.0.4.LTS\lib\armv6m-ti-none-eabi\c\</path>
         <kind>archive</kind>
         <file>libc.a</file>
         <name>fopen.c.obj</name>
      </input_file>
      <input_file id="fl-33">
         <path>C:\TI\ccs2040\ccs\tools\compiler\ti-cgt-armllvm_4.0.4.LTS\lib\armv6m-ti-none-eabi\c\</path>
         <kind>archive</kind>
         <file>libc.a</file>
         <name>fputc.c.obj</name>
      </input_file>
      <input_file id="fl-34">
         <path>C:\TI\ccs2040\ccs\tools\compiler\ti-cgt-armllvm_4.0.4.LTS\lib\armv6m-ti-none-eabi\c\</path>
         <kind>archive</kind>
         <file>libc.a</file>
         <name>fputs.c.obj</name>
      </input_file>
      <input_file id="fl-35">
         <path>C:\TI\ccs2040\ccs\tools\compiler\ti-cgt-armllvm_4.0.4.LTS\lib\armv6m-ti-none-eabi\c\</path>
         <kind>archive</kind>
         <file>libc.a</file>
         <name>_io_perm.c.obj</name>
      </input_file>
      <input_file id="fl-36">
         <path>C:\TI\ccs2040\ccs\tools\compiler\ti-cgt-armllvm_4.0.4.LTS\lib\armv6m-ti-none-eabi\c\</path>
         <kind>archive</kind>
         <file>libc.a</file>
         <name>setvbuf.c.obj</name>
      </input_file>
      <input_file id="fl-37">
         <path>C:\TI\ccs2040\ccs\tools\compiler\ti-cgt-armllvm_4.0.4.LTS\lib\armv6m-ti-none-eabi\c\</path>
         <kind>archive</kind>
         <file>libc.a</file>
         <name>strcmp-armv6m.S.obj</name>
      </input_file>
      <input_file id="fl-38">
         <path>C:\TI\ccs2040\ccs\tools\compiler\ti-cgt-armllvm_4.0.4.LTS\lib\armv6m-ti-none-eabi\c\</path>
         <kind>archive</kind>
         <file>libc.a</file>
         <name>aeabi_portable.c.obj</name>
      </input_file>
      <input_file id="fl-39">
         <path>C:\TI\ccs2040\ccs\tools\compiler\ti-cgt-armllvm_4.0.4.LTS\lib\armv6m-ti-none-eabi\c\</path>
         <kind>archive</kind>
         <file>libc.a</file>
         <name>exit.c.obj</name>
      </input_file>
      <input_file id="fl-3a">
         <path>C:\TI\ccs2040\ccs\tools\compiler\ti-cgt-armllvm_4.0.4.LTS\lib\armv6m-ti-none-eabi\c\</path>
         <kind>archive</kind>
         <file>libc.a</file>
         <name>_lock.c.obj</name>
      </input_file>
      <input_file id="fl-3b">
         <path>C:\TI\ccs2040\ccs\tools\compiler\ti-cgt-armllvm_4.0.4.LTS\lib\armv6m-ti-none-eabi\c\</path>
         <kind>archive</kind>
         <file>libc.a</file>
         <name>_ltoa.c.obj</name>
      </input_file>
      <input_file id="fl-3c">
         <path>C:\TI\ccs2040\ccs\tools\compiler\ti-cgt-armllvm_4.0.4.LTS\lib\armv6m-ti-none-eabi\c\</path>
         <kind>archive</kind>
         <file>libc.a</file>
         <name>assert.c.obj</name>
      </input_file>
      <input_file id="fl-3d">
         <path>C:\TI\ccs2040\ccs\tools\compiler\ti-cgt-armllvm_4.0.4.LTS\lib\armv6m-ti-none-eabi\c\</path>
         <kind>archive</kind>
         <file>libc.a</file>
         <name>atoi.c.obj</name>
      </input_file>
      <input_file id="fl-3e">
         <path>C:\TI\ccs2040\ccs\tools\compiler\ti-cgt-armllvm_4.0.4.LTS\lib\armv6m-ti-none-eabi\c\</path>
         <kind>archive</kind>
         <file>libc.a</file>
         <name>defs.c.obj</name>
      </input_file>
      <input_file id="fl-3f">
         <path>C:\TI\ccs2040\ccs\tools\compiler\ti-cgt-armllvm_4.0.4.LTS\lib\armv6m-ti-none-eabi\c\</path>
         <kind>archive</kind>
         <file>libc.a</file>
         <name>memccpy.c.obj</name>
      </input_file>
      <input_file id="fl-40">
         <path>C:\TI\ccs2040\ccs\tools\compiler\ti-cgt-armllvm_4.0.4.LTS\lib\armv6m-ti-none-eabi\c\</path>
         <kind>archive</kind>
         <file>libc.a</file>
         <name>memory.c.obj</name>
      </input_file>
      <input_file id="fl-41">
         <path>C:\TI\ccs2040\ccs\tools\compiler\ti-cgt-armllvm_4.0.4.LTS\lib\armv6m-ti-none-eabi\c\</path>
         <kind>archive</kind>
         <file>libc.a</file>
         <name>boot_cortex_m.c.obj</name>
      </input_file>
      <input_file id="fl-42">
         <path>C:\TI\ccs2040\ccs\tools\compiler\ti-cgt-armllvm_4.0.4.LTS\lib\armv6m-ti-none-eabi\c\</path>
         <kind>archive</kind>
         <file>libc.a</file>
         <name>mathacl_init.c.obj</name>
      </input_file>
      <input_file id="fl-43">
         <path>C:\TI\ccs2040\ccs\tools\compiler\ti-cgt-armllvm_4.0.4.LTS\lib\armv6m-ti-none-eabi\c\</path>
         <kind>archive</kind>
         <file>libc.a</file>
         <name>autoinit.c.obj</name>
      </input_file>
      <input_file id="fl-44">
         <path>C:\TI\ccs2040\ccs\tools\compiler\ti-cgt-armllvm_4.0.4.LTS\lib\armv6m-ti-none-eabi\c\</path>
         <kind>archive</kind>
         <file>libc.a</file>
         <name>pre_init.c.obj</name>
      </input_file>
      <input_file id="fl-45">
         <path>C:\TI\ccs2040\ccs\tools\compiler\ti-cgt-armllvm_4.0.4.LTS\lib\armv6m-ti-none-eabi\c\</path>
         <kind>archive</kind>
         <file>libc.a</file>
         <name>cpy_tbl.c.obj</name>
      </input_file>
      <input_file id="fl-46">
         <path>C:\TI\ccs2040\ccs\tools\compiler\ti-cgt-armllvm_4.0.4.LTS\lib\armv6m-ti-none-eabi\c\</path>
         <kind>archive</kind>
         <file>libc.a</file>
         <name>copy_zero_init.c.obj</name>
      </input_file>
      <input_file id="fl-47">
         <path>C:\TI\ccs2040\ccs\tools\compiler\ti-cgt-armllvm_4.0.4.LTS\lib\armv6m-ti-none-eabi\c\</path>
         <kind>archive</kind>
         <file>libc.a</file>
         <name>copy_decompress_none.c.obj</name>
      </input_file>
      <input_file id="fl-48">
         <path>C:\TI\ccs2040\ccs\tools\compiler\ti-cgt-armllvm_4.0.4.LTS\lib\armv6m-ti-none-eabi\c\</path>
         <kind>archive</kind>
         <file>libc.a</file>
         <name>copy_decompress_lzss.c.obj</name>
      </input_file>
      <input_file id="fl-49">
         <path>C:\TI\ccs2040\ccs\tools\compiler\ti-cgt-armllvm_4.0.4.LTS\lib\armv6m-ti-none-eabi\c\</path>
         <kind>archive</kind>
         <file>libc.a</file>
         <name>s_frexp.c.obj</name>
      </input_file>
      <input_file id="fl-4a">
         <path>C:\TI\ccs2040\ccs\tools\compiler\ti-cgt-armllvm_4.0.4.LTS\lib\armv6m-ti-none-eabi\c\</path>
         <kind>archive</kind>
         <file>libc.a</file>
         <name>s_scalbn.c.obj</name>
      </input_file>
      <input_file id="fl-4b">
         <path>C:\TI\ccs2040\ccs\tools\compiler\ti-cgt-armllvm_4.0.4.LTS\lib\armv6m-ti-none-eabi\c\</path>
         <kind>archive</kind>
         <file>libc.a</file>
         <name>wcslen.c.obj</name>
      </input_file>
      <input_file id="fl-4c">
         <path>C:\TI\ccs2040\ccs\tools\compiler\ti-cgt-armllvm_4.0.4.LTS\lib\armv6m-ti-none-eabi\c\</path>
         <kind>archive</kind>
         <file>libc.a</file>
         <name>sprintf.c.obj</name>
      </input_file>
      <input_file id="fl-4d">
         <path>C:\TI\ccs2040\ccs\tools\compiler\ti-cgt-armllvm_4.0.4.LTS\lib\armv6m-ti-none-eabi\c\</path>
         <kind>archive</kind>
         <file>libc.a</file>
         <name>fclose.c.obj</name>
      </input_file>
      <input_file id="fl-4e">
         <path>C:\TI\ccs2040\ccs\tools\compiler\ti-cgt-armllvm_4.0.4.LTS\lib\armv6m-ti-none-eabi\c\</path>
         <kind>archive</kind>
         <file>libc.a</file>
         <name>fflush.c.obj</name>
      </input_file>
      <input_file id="fl-4f">
         <path>C:\TI\ccs2040\ccs\tools\compiler\ti-cgt-armllvm_4.0.4.LTS\lib\armv6m-ti-none-eabi\c\</path>
         <kind>archive</kind>
         <file>libc.a</file>
         <name>fseek.c.obj</name>
      </input_file>
      <input_file id="fl-50">
         <path>C:\TI\ccs2040\ccs\tools\compiler\ti-cgt-armllvm_4.0.4.LTS\lib\armv6m-ti-none-eabi\c\</path>
         <kind>archive</kind>
         <file>libc.a</file>
         <name>aeabi_ctype.S.obj</name>
      </input_file>
      <input_file id="fl-51">
         <path>C:\TI\ccs2040\ccs\tools\compiler\ti-cgt-armllvm_4.0.4.LTS\lib\armv6m-ti-none-eabi\c\</path>
         <kind>archive</kind>
         <file>libc.a</file>
         <name>args_main.c.obj</name>
      </input_file>
      <input_file id="fl-f1">
         <path>C:\TI\ccs2040\ccs\tools\compiler\ti-cgt-armllvm_4.0.4.LTS\lib\armv6m-ti-none-eabi\c\</path>
         <kind>archive</kind>
         <file>libsysbm.a</file>
         <name>hostexit.c.obj</name>
      </input_file>
      <input_file id="fl-f2">
         <path>C:\TI\ccs2040\ccs\tools\compiler\ti-cgt-armllvm_4.0.4.LTS\lib\armv6m-ti-none-eabi\c\</path>
         <kind>archive</kind>
         <file>libsysbm.a</file>
         <name>write.c.obj</name>
      </input_file>
      <input_file id="fl-f3">
         <path>C:\TI\ccs2040\ccs\tools\compiler\ti-cgt-armllvm_4.0.4.LTS\lib\armv6m-ti-none-eabi\c\</path>
         <kind>archive</kind>
         <file>libsysbm.a</file>
         <name>host_device.c.obj</name>
      </input_file>
      <input_file id="fl-f4">
         <path>C:\TI\ccs2040\ccs\tools\compiler\ti-cgt-armllvm_4.0.4.LTS\lib\armv6m-ti-none-eabi\c\</path>
         <kind>archive</kind>
         <file>libsysbm.a</file>
         <name>remove.c.obj</name>
      </input_file>
      <input_file id="fl-f5">
         <path>C:\TI\ccs2040\ccs\tools\compiler\ti-cgt-armllvm_4.0.4.LTS\lib\armv6m-ti-none-eabi\c\</path>
         <kind>archive</kind>
         <file>libsysbm.a</file>
         <name>open.c.obj</name>
      </input_file>
      <input_file id="fl-f6">
         <path>C:\TI\ccs2040\ccs\tools\compiler\ti-cgt-armllvm_4.0.4.LTS\lib\armv6m-ti-none-eabi\c\</path>
         <kind>archive</kind>
         <file>libsysbm.a</file>
         <name>lseek.c.obj</name>
      </input_file>
      <input_file id="fl-f7">
         <path>C:\TI\ccs2040\ccs\tools\compiler\ti-cgt-armllvm_4.0.4.LTS\lib\armv6m-ti-none-eabi\c\</path>
         <kind>archive</kind>
         <file>libsysbm.a</file>
         <name>close.c.obj</name>
      </input_file>
      <input_file id="fl-f8">
         <path>C:\TI\ccs2040\ccs\tools\compiler\ti-cgt-armllvm_4.0.4.LTS\lib\armv6m-ti-none-eabi\c\</path>
         <kind>archive</kind>
         <file>libsysbm.a</file>
         <name>add_device.c.obj</name>
      </input_file>
      <input_file id="fl-f9">
         <path>C:\TI\ccs2040\ccs\tools\compiler\ti-cgt-armllvm_4.0.4.LTS\lib\armv6m-ti-none-eabi\c\</path>
         <kind>archive</kind>
         <file>libsysbm.a</file>
         <name>unlink.c.obj</name>
      </input_file>
      <input_file id="fl-fa">
         <path>C:\TI\ccs2040\ccs\tools\compiler\ti-cgt-armllvm_4.0.4.LTS\lib\armv6m-ti-none-eabi\c\</path>
         <kind>archive</kind>
         <file>libsysbm.a</file>
         <name>hostclose.c.obj</name>
      </input_file>
      <input_file id="fl-fb">
         <path>C:\TI\ccs2040\ccs\tools\compiler\ti-cgt-armllvm_4.0.4.LTS\lib\armv6m-ti-none-eabi\c\</path>
         <kind>archive</kind>
         <file>libsysbm.a</file>
         <name>hostlseek.c.obj</name>
      </input_file>
      <input_file id="fl-fc">
         <path>C:\TI\ccs2040\ccs\tools\compiler\ti-cgt-armllvm_4.0.4.LTS\lib\armv6m-ti-none-eabi\c\</path>
         <kind>archive</kind>
         <file>libsysbm.a</file>
         <name>hostopen.c.obj</name>
      </input_file>
      <input_file id="fl-fd">
         <path>C:\TI\ccs2040\ccs\tools\compiler\ti-cgt-armllvm_4.0.4.LTS\lib\armv6m-ti-none-eabi\c\</path>
         <kind>archive</kind>
         <file>libsysbm.a</file>
         <name>hostread.c.obj</name>
      </input_file>
      <input_file id="fl-fe">
         <path>C:\TI\ccs2040\ccs\tools\compiler\ti-cgt-armllvm_4.0.4.LTS\lib\armv6m-ti-none-eabi\c\</path>
         <kind>archive</kind>
         <file>libsysbm.a</file>
         <name>hostrename.c.obj</name>
      </input_file>
      <input_file id="fl-ff">
         <path>C:\TI\ccs2040\ccs\tools\compiler\ti-cgt-armllvm_4.0.4.LTS\lib\armv6m-ti-none-eabi\c\</path>
         <kind>archive</kind>
         <file>libsysbm.a</file>
         <name>hostunlink.c.obj</name>
      </input_file>
      <input_file id="fl-100">
         <path>C:\TI\ccs2040\ccs\tools\compiler\ti-cgt-armllvm_4.0.4.LTS\lib\armv6m-ti-none-eabi\c\</path>
         <kind>archive</kind>
         <file>libsysbm.a</file>
         <name>hostwrite.c.obj</name>
      </input_file>
      <input_file id="fl-101">
         <path>C:\TI\ccs2040\ccs\tools\compiler\ti-cgt-armllvm_4.0.4.LTS\lib\armv6m-ti-none-eabi\c\</path>
         <kind>archive</kind>
         <file>libsysbm.a</file>
         <name>trgmsg.c.obj</name>
      </input_file>
      <input_file id="fl-102">
         <path>C:\TI\ccs2040\ccs\tools\compiler\ti-cgt-armllvm_4.0.4.LTS\lib\armv6m-ti-none-eabi\</path>
         <kind>archive</kind>
         <file>libclang_rt.builtins.a</file>
         <name>adddf3.S.obj</name>
      </input_file>
      <input_file id="fl-103">
         <path>C:\TI\ccs2040\ccs\tools\compiler\ti-cgt-armllvm_4.0.4.LTS\lib\armv6m-ti-none-eabi\</path>
         <kind>archive</kind>
         <file>libclang_rt.builtins.a</file>
         <name>muldf3.S.obj</name>
      </input_file>
      <input_file id="fl-104">
         <path>C:\TI\ccs2040\ccs\tools\compiler\ti-cgt-armllvm_4.0.4.LTS\lib\armv6m-ti-none-eabi\</path>
         <kind>archive</kind>
         <file>libclang_rt.builtins.a</file>
         <name>muldsi3.S.obj</name>
      </input_file>
      <input_file id="fl-105">
         <path>C:\TI\ccs2040\ccs\tools\compiler\ti-cgt-armllvm_4.0.4.LTS\lib\armv6m-ti-none-eabi\</path>
         <kind>archive</kind>
         <file>libclang_rt.builtins.a</file>
         <name>divdf3.S.obj</name>
      </input_file>
      <input_file id="fl-106">
         <path>C:\TI\ccs2040\ccs\tools\compiler\ti-cgt-armllvm_4.0.4.LTS\lib\armv6m-ti-none-eabi\</path>
         <kind>archive</kind>
         <file>libclang_rt.builtins.a</file>
         <name>fixdfsi.S.obj</name>
      </input_file>
      <input_file id="fl-107">
         <path>C:\TI\ccs2040\ccs\tools\compiler\ti-cgt-armllvm_4.0.4.LTS\lib\armv6m-ti-none-eabi\</path>
         <kind>archive</kind>
         <file>libclang_rt.builtins.a</file>
         <name>floatsidf.S.obj</name>
      </input_file>
      <input_file id="fl-108">
         <path>C:\TI\ccs2040\ccs\tools\compiler\ti-cgt-armllvm_4.0.4.LTS\lib\armv6m-ti-none-eabi\</path>
         <kind>archive</kind>
         <file>libclang_rt.builtins.a</file>
         <name>muldi3.S.obj</name>
      </input_file>
      <input_file id="fl-109">
         <path>C:\TI\ccs2040\ccs\tools\compiler\ti-cgt-armllvm_4.0.4.LTS\lib\armv6m-ti-none-eabi\</path>
         <kind>archive</kind>
         <file>libclang_rt.builtins.a</file>
         <name>aeabi_dcmp.S.obj</name>
      </input_file>
      <input_file id="fl-10a">
         <path>C:\TI\ccs2040\ccs\tools\compiler\ti-cgt-armllvm_4.0.4.LTS\lib\armv6m-ti-none-eabi\</path>
         <kind>archive</kind>
         <file>libclang_rt.builtins.a</file>
         <name>aeabi_idivmod.S.obj</name>
      </input_file>
      <input_file id="fl-10b">
         <path>C:\TI\ccs2040\ccs\tools\compiler\ti-cgt-armllvm_4.0.4.LTS\lib\armv6m-ti-none-eabi\</path>
         <kind>archive</kind>
         <file>libclang_rt.builtins.a</file>
         <name>aeabi_memcpy.S.obj</name>
      </input_file>
      <input_file id="fl-10c">
         <path>C:\TI\ccs2040\ccs\tools\compiler\ti-cgt-armllvm_4.0.4.LTS\lib\armv6m-ti-none-eabi\</path>
         <kind>archive</kind>
         <file>libclang_rt.builtins.a</file>
         <name>aeabi_memset.S.obj</name>
      </input_file>
      <input_file id="fl-10d">
         <path>C:\TI\ccs2040\ccs\tools\compiler\ti-cgt-armllvm_4.0.4.LTS\lib\armv6m-ti-none-eabi\</path>
         <kind>archive</kind>
         <file>libclang_rt.builtins.a</file>
         <name>aeabi_uidivmod.S.obj</name>
      </input_file>
      <input_file id="fl-10e">
         <path>C:\TI\ccs2040\ccs\tools\compiler\ti-cgt-armllvm_4.0.4.LTS\lib\armv6m-ti-none-eabi\</path>
         <kind>archive</kind>
         <file>libclang_rt.builtins.a</file>
         <name>aeabi_uldivmod.S.obj</name>
      </input_file>
      <input_file id="fl-10f">
         <path>C:\TI\ccs2040\ccs\tools\compiler\ti-cgt-armllvm_4.0.4.LTS\lib\armv6m-ti-none-eabi\</path>
         <kind>archive</kind>
         <file>libclang_rt.builtins.a</file>
         <name>udivmoddi4.S.obj</name>
      </input_file>
      <input_file id="fl-110">
         <path>C:\TI\ccs2040\ccs\tools\compiler\ti-cgt-armllvm_4.0.4.LTS\lib\armv6m-ti-none-eabi\</path>
         <kind>archive</kind>
         <file>libclang_rt.builtins.a</file>
         <name>ashldi3.S.obj</name>
      </input_file>
      <input_file id="fl-111">
         <path>C:\TI\ccs2040\ccs\tools\compiler\ti-cgt-armllvm_4.0.4.LTS\lib\armv6m-ti-none-eabi\</path>
         <kind>archive</kind>
         <file>libclang_rt.builtins.a</file>
         <name>comparedf2.c.obj</name>
      </input_file>
      <input_file id="fl-112">
         <path>C:\TI\ccs2040\ccs\tools\compiler\ti-cgt-armllvm_4.0.4.LTS\lib\armv6m-ti-none-eabi\</path>
         <kind>archive</kind>
         <file>libclang_rt.builtins.a</file>
         <name>aeabi_div0.c.obj</name>
      </input_file>
      <input_file id="fl-113">
         <path>C:\TI\ccs2040\ccs\tools\compiler\ti-cgt-armllvm_4.0.4.LTS\lib\armv6m-ti-none-eabi\c\</path>
         <kind>archive</kind>
         <file>libc.a</file>
         <name>getdevice.c.obj</name>
      </input_file>
      <input_file id="fl-114">
         <path>C:\TI\ccs2040\ccs\tools\compiler\ti-cgt-armllvm_4.0.4.LTS\lib\armv6m-ti-none-eabi\c\</path>
         <kind>archive</kind>
         <file>libc.a</file>
         <name>memcpy16.S.obj</name>
      </input_file>
      <input_file id="fl-115">
         <path>C:\TI\ccs2040\ccs\tools\compiler\ti-cgt-armllvm_4.0.4.LTS\lib\armv6m-ti-none-eabi\c\</path>
         <kind>archive</kind>
         <file>libc.a</file>
         <name>memset16.S.obj</name>
      </input_file>
   </input_file_list>
   <object_component_list>
      <object_component id="oc-18">
         <name>.intvecs</name>
         <load_address>0x0</load_address>
         <readonly>true</readonly>
         <run_address>0x0</run_address>
         <size>0xc0</size>
         <alignment>0x4</alignment>
         <input_file_ref idref="fl-d"/>
      </object_component>
      <object_component id="oc-179">
         <name>.text:__TI_printfi_nofloat</name>
         <load_address>0x3a50</load_address>
         <readonly>true</readonly>
         <executable>true</executable>
         <run_address>0x3a50</run_address>
         <size>0x868</size>
         <alignment>0x4</alignment>
         <input_file_ref idref="fl-31"/>
      </object_component>
      <object_component id="oc-b0">
         <name>.text.ST7735_DrawBitmap</name>
         <load_address>0x42b8</load_address>
         <readonly>true</readonly>
         <executable>true</executable>
         <run_address>0x42b8</run_address>
         <size>0x210</size>
         <alignment>0x4</alignment>
         <input_file_ref idref="fl-8"/>
      </object_component>
      <object_component id="oc-9e">
         <name>.text.Clock_Init80MHz</name>
         <load_address>0x44c8</load_address>
         <readonly>true</readonly>
         <executable>true</executable>
         <run_address>0x44c8</run_address>
         <size>0x1b4</size>
         <alignment>0x4</alignment>
         <input_file_ref idref="fl-2"/>
      </object_component>
      <object_component id="oc-16d">
         <name>.text.ST7735_DrawChar</name>
         <load_address>0x467c</load_address>
         <readonly>true</readonly>
         <executable>true</executable>
         <run_address>0x467c</run_address>
         <size>0x1a8</size>
         <alignment>0x4</alignment>
         <input_file_ref idref="fl-8"/>
      </object_component>
      <object_component id="oc-b2">
         <name>.text</name>
         <load_address>0x4824</load_address>
         <readonly>true</readonly>
         <executable>true</executable>
         <run_address>0x4824</run_address>
         <size>0x188</size>
         <alignment>0x4</alignment>
         <input_file_ref idref="fl-4"/>
      </object_component>
      <object_component id="oc-7e">
         <name>.text.main</name>
         <load_address>0x49ac</load_address>
         <readonly>true</readonly>
         <executable>true</executable>
         <run_address>0x49ac</run_address>
         <size>0x164</size>
         <alignment>0x4</alignment>
         <input_file_ref idref="fl-5"/>
      </object_component>
      <object_component id="oc-159">
         <name>.text._openfile</name>
         <load_address>0x4b10</load_address>
         <readonly>true</readonly>
         <executable>true</executable>
         <run_address>0x4b10</run_address>
         <size>0x154</size>
         <alignment>0x4</alignment>
         <input_file_ref idref="fl-32"/>
      </object_component>
      <object_component id="oc-10f">
         <name>.text.ST7735_FillRect</name>
         <load_address>0x4c64</load_address>
         <readonly>true</readonly>
         <executable>true</executable>
         <run_address>0x4c64</run_address>
         <size>0x118</size>
         <alignment>0x4</alignment>
         <input_file_ref idref="fl-8"/>
      </object_component>
      <object_component id="oc-1d7">
         <name>.text.aligned_alloc</name>
         <load_address>0x4d7c</load_address>
         <readonly>true</readonly>
         <executable>true</executable>
         <run_address>0x4d7c</run_address>
         <size>0x114</size>
         <alignment>0x4</alignment>
         <input_file_ref idref="fl-40"/>
      </object_component>
      <object_component id="oc-195">
         <name>.text.SPI_Init</name>
         <load_address>0x4e90</load_address>
         <readonly>true</readonly>
         <executable>true</executable>
         <run_address>0x4e90</run_address>
         <size>0xf8</size>
         <alignment>0x4</alignment>
         <input_file_ref idref="fl-7"/>
      </object_component>
      <object_component id="oc-181">
         <name>.text.fputs</name>
         <load_address>0x4f88</load_address>
         <readonly>true</readonly>
         <executable>true</executable>
         <run_address>0x4f88</run_address>
         <size>0xf8</size>
         <alignment>0x4</alignment>
         <input_file_ref idref="fl-34"/>
      </object_component>
      <object_component id="oc-f1">
         <name>.text.add_device</name>
         <load_address>0x5080</load_address>
         <readonly>true</readonly>
         <executable>true</executable>
         <run_address>0x5080</run_address>
         <size>0xec</size>
         <alignment>0x4</alignment>
         <input_file_ref idref="fl-f8"/>
      </object_component>
      <object_component id="oc-162">
         <name>.text.free</name>
         <load_address>0x516c</load_address>
         <readonly>true</readonly>
         <executable>true</executable>
         <run_address>0x516c</run_address>
         <size>0xe8</size>
         <alignment>0x4</alignment>
         <input_file_ref idref="fl-40"/>
      </object_component>
      <object_component id="oc-fc">
         <name>.text.setvbuf</name>
         <load_address>0x5254</load_address>
         <readonly>true</readonly>
         <executable>true</executable>
         <run_address>0x5254</run_address>
         <size>0xe0</size>
         <alignment>0x4</alignment>
         <input_file_ref idref="fl-36"/>
      </object_component>
      <object_component id="oc-10e">
         <name>.text.ST7735_OutChar</name>
         <load_address>0x5334</load_address>
         <readonly>true</readonly>
         <executable>true</executable>
         <run_address>0x5334</run_address>
         <size>0xd0</size>
         <alignment>0x4</alignment>
         <input_file_ref idref="fl-8"/>
      </object_component>
      <object_component id="oc-142">
         <name>.text.commandList</name>
         <load_address>0x5404</load_address>
         <readonly>true</readonly>
         <executable>true</executable>
         <run_address>0x5404</run_address>
         <size>0xa2</size>
         <alignment>0x2</alignment>
         <input_file_ref idref="fl-8"/>
      </object_component>
      <object_component id="oc-12c">
         <name>.text.__aeabi_idiv0</name>
         <load_address>0x54a6</load_address>
         <readonly>true</readonly>
         <executable>true</executable>
         <run_address>0x54a6</run_address>
         <size>0x2</size>
         <alignment>0x2</alignment>
         <input_file_ref idref="fl-112"/>
      </object_component>
      <object_component id="oc-259">
         <name>.text</name>
         <load_address>0x54a8</load_address>
         <readonly>true</readonly>
         <executable>true</executable>
         <run_address>0x54a8</run_address>
         <size>0xa2</size>
         <alignment>0x4</alignment>
         <input_file_ref idref="fl-10f"/>
      </object_component>
      <object_component id="oc-29f">
         <name>.text.__aeabi_ldiv0</name>
         <load_address>0x554a</load_address>
         <readonly>true</readonly>
         <executable>true</executable>
         <run_address>0x554a</run_address>
         <size>0x2</size>
         <alignment>0x2</alignment>
         <input_file_ref idref="fl-112"/>
      </object_component>
      <object_component id="oc-1bf">
         <name>.text.open</name>
         <load_address>0x554c</load_address>
         <readonly>true</readonly>
         <executable>true</executable>
         <run_address>0x554c</run_address>
         <size>0xa0</size>
         <alignment>0x4</alignment>
         <input_file_ref idref="fl-f5"/>
      </object_component>
      <object_component id="oc-a8">
         <name>.text.ST7735_InitPrintf</name>
         <load_address>0x55ec</load_address>
         <readonly>true</readonly>
         <executable>true</executable>
         <run_address>0x55ec</run_address>
         <size>0x9c</size>
         <alignment>0x4</alignment>
         <input_file_ref idref="fl-8"/>
      </object_component>
      <object_component id="oc-187">
         <name>.text.fputc</name>
         <load_address>0x5688</load_address>
         <readonly>true</readonly>
         <executable>true</executable>
         <run_address>0x5688</run_address>
         <size>0x9c</size>
         <alignment>0x4</alignment>
         <input_file_ref idref="fl-33"/>
      </object_component>
      <object_component id="oc-f0">
         <name>.text.ST7735_InitR</name>
         <load_address>0x5724</load_address>
         <readonly>true</readonly>
         <executable>true</executable>
         <run_address>0x5724</run_address>
         <size>0x98</size>
         <alignment>0x4</alignment>
         <input_file_ref idref="fl-8"/>
      </object_component>
      <object_component id="oc-112">
         <name>.text.setAddrWindow</name>
         <load_address>0x57bc</load_address>
         <readonly>true</readonly>
         <executable>true</executable>
         <run_address>0x57bc</run_address>
         <size>0x88</size>
         <alignment>0x4</alignment>
         <input_file_ref idref="fl-8"/>
      </object_component>
      <object_component id="oc-20f">
         <name>.text.Clock_Freq</name>
         <load_address>0x5844</load_address>
         <readonly>true</readonly>
         <executable>true</executable>
         <run_address>0x5844</run_address>
         <size>0xc</size>
         <alignment>0x4</alignment>
         <input_file_ref idref="fl-2"/>
      </object_component>
      <object_component id="oc-197">
         <name>.text:strcmp</name>
         <load_address>0x5850</load_address>
         <readonly>true</readonly>
         <executable>true</executable>
         <run_address>0x5850</run_address>
         <size>0x88</size>
         <alignment>0x10</alignment>
         <input_file_ref idref="fl-37"/>
      </object_component>
      <object_component id="oc-16c">
         <name>.text.ST7735_DrawString</name>
         <load_address>0x58d8</load_address>
         <readonly>true</readonly>
         <executable>true</executable>
         <run_address>0x58d8</run_address>
         <size>0x84</size>
         <alignment>0x2</alignment>
         <input_file_ref idref="fl-8"/>
      </object_component>
      <object_component id="oc-37">
         <name>.text.TIMG7_IRQHandler</name>
         <load_address>0x595c</load_address>
         <readonly>true</readonly>
         <executable>true</executable>
         <run_address>0x595c</run_address>
         <size>0x84</size>
         <alignment>0x4</alignment>
         <input_file_ref idref="fl-3"/>
      </object_component>
      <object_component id="oc-a3">
         <name>.text.LaunchPad_Init</name>
         <load_address>0x59e0</load_address>
         <readonly>true</readonly>
         <executable>true</executable>
         <run_address>0x59e0</run_address>
         <size>0x7c</size>
         <alignment>0x4</alignment>
         <input_file_ref idref="fl-6"/>
      </object_component>
      <object_component id="oc-15c">
         <name>.text.__TI_closefile</name>
         <load_address>0x5a5c</load_address>
         <readonly>true</readonly>
         <executable>true</executable>
         <run_address>0x5a5c</run_address>
         <size>0x7c</size>
         <alignment>0x4</alignment>
         <input_file_ref idref="fl-4d"/>
      </object_component>
      <object_component id="oc-1c">
         <name>.text:decompress:lzss</name>
         <load_address>0x5ad8</load_address>
         <readonly>true</readonly>
         <executable>true</executable>
         <run_address>0x5ad8</run_address>
         <size>0x7c</size>
         <alignment>0x4</alignment>
         <input_file_ref idref="fl-48"/>
      </object_component>
      <object_component id="oc-1ad">
         <name>.text.HOSTlseek</name>
         <load_address>0x5b54</load_address>
         <readonly>true</readonly>
         <executable>true</executable>
         <run_address>0x5b54</run_address>
         <size>0x6c</size>
         <alignment>0x4</alignment>
         <input_file_ref idref="fl-fb"/>
      </object_component>
      <object_component id="oc-1b5">
         <name>.text.HOSTrename</name>
         <load_address>0x5bc0</load_address>
         <readonly>true</readonly>
         <executable>true</executable>
         <run_address>0x5bc0</run_address>
         <size>0x6c</size>
         <alignment>0x4</alignment>
         <input_file_ref idref="fl-fe"/>
      </object_component>
      <object_component id="oc-2b9">
         <name>.text.fseeko</name>
         <load_address>0x5c2c</load_address>
         <readonly>true</readonly>
         <executable>true</executable>
         <run_address>0x5c2c</run_address>
         <size>0x6c</size>
         <alignment>0x4</alignment>
         <input_file_ref idref="fl-4f"/>
      </object_component>
      <object_component id="oc-231">
         <name>.text.getdevice</name>
         <load_address>0x5c98</load_address>
         <readonly>true</readonly>
         <executable>true</executable>
         <run_address>0x5c98</run_address>
         <size>0x6c</size>
         <alignment>0x4</alignment>
         <input_file_ref idref="fl-113"/>
      </object_component>
      <object_component id="oc-201">
         <name>.text.__TI_wrt_ok</name>
         <load_address>0x5d04</load_address>
         <readonly>true</readonly>
         <executable>true</executable>
         <run_address>0x5d04</run_address>
         <size>0x64</size>
         <alignment>0x2</alignment>
         <input_file_ref idref="fl-35"/>
      </object_component>
      <object_component id="oc-244">
         <name>.text.split</name>
         <load_address>0x5d68</load_address>
         <readonly>true</readonly>
         <executable>true</executable>
         <run_address>0x5d68</run_address>
         <size>0x64</size>
         <alignment>0x4</alignment>
         <input_file_ref idref="fl-40"/>
      </object_component>
      <object_component id="oc-19d">
         <name>.text.HOSTopen</name>
         <load_address>0x5dcc</load_address>
         <readonly>true</readonly>
         <executable>true</executable>
         <run_address>0x5dcc</run_address>
         <size>0x60</size>
         <alignment>0x4</alignment>
         <input_file_ref idref="fl-fc"/>
      </object_component>
      <object_component id="oc-b6">
         <name>.text.printf</name>
         <load_address>0x5e2c</load_address>
         <readonly>true</readonly>
         <executable>true</executable>
         <run_address>0x5e2c</run_address>
         <size>0x5c</size>
         <alignment>0x4</alignment>
         <input_file_ref idref="fl-30"/>
      </object_component>
      <object_component id="oc-1a5">
         <name>.text.HOSTread</name>
         <load_address>0x5e88</load_address>
         <readonly>true</readonly>
         <executable>true</executable>
         <run_address>0x5e88</run_address>
         <size>0x58</size>
         <alignment>0x4</alignment>
         <input_file_ref idref="fl-fd"/>
      </object_component>
      <object_component id="oc-1a9">
         <name>.text.HOSTwrite</name>
         <load_address>0x5ee0</load_address>
         <readonly>true</readonly>
         <executable>true</executable>
         <run_address>0x5ee0</run_address>
         <size>0x58</size>
         <alignment>0x4</alignment>
         <input_file_ref idref="fl-100"/>
      </object_component>
      <object_component id="oc-1c3">
         <name>.text.__TI_doflush</name>
         <load_address>0x5f38</load_address>
         <readonly>true</readonly>
         <executable>true</executable>
         <run_address>0x5f38</run_address>
         <size>0x52</size>
         <alignment>0x2</alignment>
         <input_file_ref idref="fl-4e"/>
      </object_component>
      <object_component id="oc-17b">
         <name>.text._nop</name>
         <load_address>0x5f8a</load_address>
         <readonly>true</readonly>
         <executable>true</executable>
         <run_address>0x5f8a</run_address>
         <size>0x2</size>
         <alignment>0x2</alignment>
         <input_file_ref idref="fl-3a"/>
      </object_component>
      <object_component id="oc-1c9">
         <name>.text.close</name>
         <load_address>0x5f8c</load_address>
         <readonly>true</readonly>
         <executable>true</executable>
         <run_address>0x5f8c</run_address>
         <size>0x50</size>
         <alignment>0x4</alignment>
         <input_file_ref idref="fl-f7"/>
      </object_component>
      <object_component id="oc-1a1">
         <name>.text.HOSTclose</name>
         <load_address>0x5fdc</load_address>
         <readonly>true</readonly>
         <executable>true</executable>
         <run_address>0x5fdc</run_address>
         <size>0x48</size>
         <alignment>0x4</alignment>
         <input_file_ref idref="fl-fa"/>
      </object_component>
      <object_component id="oc-1b1">
         <name>.text.HOSTunlink</name>
         <load_address>0x6024</load_address>
         <readonly>true</readonly>
         <executable>true</executable>
         <run_address>0x6024</run_address>
         <size>0x48</size>
         <alignment>0x4</alignment>
         <input_file_ref idref="fl-ff"/>
      </object_component>
      <object_component id="oc-143">
         <name>.text.SPI_OutCommand</name>
         <load_address>0x606c</load_address>
         <readonly>true</readonly>
         <executable>true</executable>
         <run_address>0x606c</run_address>
         <size>0x48</size>
         <alignment>0x4</alignment>
         <input_file_ref idref="fl-7"/>
      </object_component>
      <object_component id="oc-211">
         <name>.text.SPI_Reset</name>
         <load_address>0x60b4</load_address>
         <readonly>true</readonly>
         <executable>true</executable>
         <run_address>0x60b4</run_address>
         <size>0x40</size>
         <alignment>0x4</alignment>
         <input_file_ref idref="fl-7"/>
      </object_component>
      <object_component id="oc-bc">
         <name>.text.__aeabi_uidivmod</name>
         <load_address>0x60f4</load_address>
         <readonly>true</readonly>
         <executable>true</executable>
         <run_address>0x60f4</run_address>
         <size>0x40</size>
         <alignment>0x4</alignment>
         <input_file_ref idref="fl-10d"/>
      </object_component>
      <object_component id="oc-158">
         <name>.text._search_fp</name>
         <load_address>0x6134</load_address>
         <readonly>true</readonly>
         <executable>true</executable>
         <run_address>0x6134</run_address>
         <size>0x40</size>
         <alignment>0x4</alignment>
         <input_file_ref idref="fl-32"/>
      </object_component>
      <object_component id="oc-1e3">
         <name>.text.atoi</name>
         <load_address>0x6174</load_address>
         <readonly>true</readonly>
         <executable>true</executable>
         <run_address>0x6174</run_address>
         <size>0x40</size>
         <alignment>0x4</alignment>
         <input_file_ref idref="fl-3d"/>
      </object_component>
      <object_component id="oc-cf">
         <name>.text:__TI_auto_init_nobinit_nopinit</name>
         <load_address>0x61b4</load_address>
         <readonly>true</readonly>
         <executable>true</executable>
         <run_address>0x61b4</run_address>
         <size>0x3c</size>
         <alignment>0x4</alignment>
         <input_file_ref idref="fl-43"/>
      </object_component>
      <object_component id="oc-254">
         <name>.text.__muldsi3</name>
         <load_address>0x61f0</load_address>
         <readonly>true</readonly>
         <executable>true</executable>
         <run_address>0x61f0</run_address>
         <size>0x3a</size>
         <alignment>0x4</alignment>
         <input_file_ref idref="fl-104"/>
      </object_component>
      <object_component id="oc-ed">
         <name>.text.ActivatePortA_B</name>
         <load_address>0x622c</load_address>
         <readonly>true</readonly>
         <executable>true</executable>
         <run_address>0x622c</run_address>
         <size>0x38</size>
         <alignment>0x4</alignment>
         <input_file_ref idref="fl-6"/>
      </object_component>
      <object_component id="oc-113">
         <name>.text.SPI_OutData</name>
         <load_address>0x6264</load_address>
         <readonly>true</readonly>
         <executable>true</executable>
         <run_address>0x6264</run_address>
         <size>0x38</size>
         <alignment>0x4</alignment>
         <input_file_ref idref="fl-7"/>
      </object_component>
      <object_component id="oc-196">
         <name>.text.Clock_Delay1ms</name>
         <load_address>0x629c</load_address>
         <readonly>true</readonly>
         <executable>true</executable>
         <run_address>0x629c</run_address>
         <size>0x34</size>
         <alignment>0x4</alignment>
         <input_file_ref idref="fl-2"/>
      </object_component>
      <object_component id="oc-b1">
         <name>.text.ST7735_SetCursor</name>
         <load_address>0x62d0</load_address>
         <readonly>true</readonly>
         <executable>true</executable>
         <run_address>0x62d0</run_address>
         <size>0x34</size>
         <alignment>0x4</alignment>
         <input_file_ref idref="fl-8"/>
      </object_component>
      <object_component id="oc-103">
         <name>.text.ST7735_write</name>
         <load_address>0x6304</load_address>
         <readonly>true</readonly>
         <executable>true</executable>
         <run_address>0x6304</run_address>
         <size>0x34</size>
         <alignment>0x2</alignment>
         <input_file_ref idref="fl-8"/>
      </object_component>
      <object_component id="oc-165">
         <name>.text.__TI_cleanup</name>
         <load_address>0x6338</load_address>
         <readonly>true</readonly>
         <executable>true</executable>
         <run_address>0x6338</run_address>
         <size>0x34</size>
         <alignment>0x4</alignment>
         <input_file_ref idref="fl-32"/>
      </object_component>
      <object_component id="oc-219">
         <name>.text.__TI_readmsg</name>
         <load_address>0x636c</load_address>
         <readonly>true</readonly>
         <executable>true</executable>
         <run_address>0x636c</run_address>
         <size>0x34</size>
         <alignment>0x4</alignment>
         <input_file_ref idref="fl-101"/>
      </object_component>
      <object_component id="oc-213">
         <name>.text.__TI_writemsg</name>
         <load_address>0x63a0</load_address>
         <readonly>true</readonly>
         <executable>true</executable>
         <run_address>0x63a0</run_address>
         <size>0x34</size>
         <alignment>0x4</alignment>
         <input_file_ref idref="fl-101"/>
      </object_component>
      <object_component id="oc-cd">
         <name>.text.exit</name>
         <load_address>0x63d4</load_address>
         <readonly>true</readonly>
         <executable>true</executable>
         <run_address>0x63d4</run_address>
         <size>0x34</size>
         <alignment>0x4</alignment>
         <input_file_ref idref="fl-39"/>
      </object_component>
      <object_component id="oc-14c">
         <name>.text.finddevice</name>
         <load_address>0x6408</load_address>
         <readonly>true</readonly>
         <executable>true</executable>
         <run_address>0x6408</run_address>
         <size>0x34</size>
         <alignment>0x4</alignment>
         <input_file_ref idref="fl-113"/>
      </object_component>
      <object_component id="oc-fb">
         <name>.text.freopen</name>
         <load_address>0x643c</load_address>
         <readonly>true</readonly>
         <executable>true</executable>
         <run_address>0x643c</run_address>
         <size>0x34</size>
         <alignment>0x4</alignment>
         <input_file_ref idref="fl-32"/>
      </object_component>
      <object_component id="oc-141">
         <name>.text.commonInit</name>
         <load_address>0x6470</load_address>
         <readonly>true</readonly>
         <executable>true</executable>
         <run_address>0x6470</run_address>
         <size>0x30</size>
         <alignment>0x4</alignment>
         <input_file_ref idref="fl-8"/>
      </object_component>
      <object_component id="oc-f5">
         <name>.text.fopen</name>
         <load_address>0x64a0</load_address>
         <readonly>true</readonly>
         <executable>true</executable>
         <run_address>0x64a0</run_address>
         <size>0x30</size>
         <alignment>0x4</alignment>
         <input_file_ref idref="fl-32"/>
      </object_component>
      <object_component id="oc-af">
         <name>.text.ST7735_FillScreen</name>
         <load_address>0x64d0</load_address>
         <readonly>true</readonly>
         <executable>true</executable>
         <run_address>0x64d0</run_address>
         <size>0x2c</size>
         <alignment>0x4</alignment>
         <input_file_ref idref="fl-8"/>
      </object_component>
      <object_component id="oc-8d">
         <name>.text.UART_OutChar</name>
         <load_address>0x64fc</load_address>
         <readonly>true</readonly>
         <executable>true</executable>
         <run_address>0x64fc</run_address>
         <size>0x2c</size>
         <alignment>0x4</alignment>
         <input_file_ref idref="fl-c"/>
      </object_component>
      <object_component id="oc-23c">
         <name>.text.unlink</name>
         <load_address>0x6528</load_address>
         <readonly>true</readonly>
         <executable>true</executable>
         <run_address>0x6528</run_address>
         <size>0x2c</size>
         <alignment>0x4</alignment>
         <input_file_ref idref="fl-f9"/>
      </object_component>
      <object_component id="oc-1d6">
         <name>.text.free_list_insert</name>
         <load_address>0x6554</load_address>
         <readonly>true</readonly>
         <executable>true</executable>
         <run_address>0x6554</run_address>
         <size>0x28</size>
         <alignment>0x4</alignment>
         <input_file_ref idref="fl-40"/>
      </object_component>
      <object_component id="oc-2be">
         <name>.text.lseek</name>
         <load_address>0x657c</load_address>
         <readonly>true</readonly>
         <executable>true</executable>
         <run_address>0x657c</run_address>
         <size>0x28</size>
         <alignment>0x4</alignment>
         <input_file_ref idref="fl-f6"/>
      </object_component>
      <object_component id="oc-207">
         <name>.text.write</name>
         <load_address>0x65a4</load_address>
         <readonly>true</readonly>
         <executable>true</executable>
         <run_address>0x65a4</run_address>
         <size>0x28</size>
         <alignment>0x4</alignment>
         <input_file_ref idref="fl-f2"/>
      </object_component>
      <object_component id="oc-11e">
         <name>.text</name>
         <load_address>0x65cc</load_address>
         <readonly>true</readonly>
         <executable>true</executable>
         <run_address>0x65cc</run_address>
         <size>0x28</size>
         <alignment>0x4</alignment>
         <input_file_ref idref="fl-9"/>
      </object_component>
      <object_component id="oc-57">
         <name>.text:_c_int00_noargs</name>
         <load_address>0x65f4</load_address>
         <readonly>true</readonly>
         <executable>true</executable>
         <run_address>0x65f4</run_address>
         <size>0x28</size>
         <alignment>0x4</alignment>
         <input_file_ref idref="fl-41"/>
      </object_component>
      <object_component id="oc-ad">
         <name>.text.ST7735_OutString</name>
         <load_address>0x661c</load_address>
         <readonly>true</readonly>
         <executable>true</executable>
         <run_address>0x661c</run_address>
         <size>0x26</size>
         <alignment>0x2</alignment>
         <input_file_ref idref="fl-8"/>
      </object_component>
      <object_component id="oc-64">
         <name>.text.UART_OutString</name>
         <load_address>0x6642</load_address>
         <readonly>true</readonly>
         <executable>true</executable>
         <run_address>0x6642</run_address>
         <size>0x26</size>
         <alignment>0x2</alignment>
         <input_file_ref idref="fl-b"/>
      </object_component>
      <object_component id="oc-1f0">
         <name>.text.__muldi3</name>
         <load_address>0x6668</load_address>
         <readonly>true</readonly>
         <executable>true</executable>
         <run_address>0x6668</run_address>
         <size>0x24</size>
         <alignment>0x4</alignment>
         <input_file_ref idref="fl-108"/>
      </object_component>
      <object_component id="oc-1dc">
         <name>.text.memccpy</name>
         <load_address>0x668c</load_address>
         <readonly>true</readonly>
         <executable>true</executable>
         <run_address>0x668c</run_address>
         <size>0x22</size>
         <alignment>0x2</alignment>
         <input_file_ref idref="fl-3f"/>
      </object_component>
      <object_component id="oc-ae">
         <name>.text.LaunchPad_InS2</name>
         <load_address>0x66b0</load_address>
         <readonly>true</readonly>
         <executable>true</executable>
         <run_address>0x66b0</run_address>
         <size>0x20</size>
         <alignment>0x4</alignment>
         <input_file_ref idref="fl-6"/>
      </object_component>
      <object_component id="oc-2a0">
         <name>.text.__ashldi3</name>
         <load_address>0x66d0</load_address>
         <readonly>true</readonly>
         <executable>true</executable>
         <run_address>0x66d0</run_address>
         <size>0x1e</size>
         <alignment>0x4</alignment>
         <input_file_ref idref="fl-110"/>
      </object_component>
      <object_component id="oc-1d8">
         <name>.text.pushColor</name>
         <load_address>0x66ee</load_address>
         <readonly>true</readonly>
         <executable>true</executable>
         <run_address>0x66ee</run_address>
         <size>0x1e</size>
         <alignment>0x2</alignment>
         <input_file_ref idref="fl-8"/>
      </object_component>
      <object_component id="oc-35">
         <name>.text.Default_Handler</name>
         <load_address>0x670c</load_address>
         <readonly>true</readonly>
         <executable>true</executable>
         <run_address>0x670c</run_address>
         <size>0x1c</size>
         <alignment>0x4</alignment>
         <input_file_ref idref="fl-d"/>
      </object_component>
      <object_component id="oc-36">
         <name>.text.HardFault_Handler</name>
         <load_address>0x6728</load_address>
         <readonly>true</readonly>
         <executable>true</executable>
         <run_address>0x6728</run_address>
         <size>0x1c</size>
         <alignment>0x4</alignment>
         <input_file_ref idref="fl-d"/>
      </object_component>
      <object_component id="oc-1d4">
         <name>.text.free_list_remove</name>
         <load_address>0x6744</load_address>
         <readonly>true</readonly>
         <executable>true</executable>
         <run_address>0x6744</run_address>
         <size>0x1c</size>
         <alignment>0x4</alignment>
         <input_file_ref idref="fl-40"/>
      </object_component>
      <object_component id="oc-106">
         <name>.text.ST7735_open</name>
         <load_address>0x6760</load_address>
         <readonly>true</readonly>
         <executable>true</executable>
         <run_address>0x6760</run_address>
         <size>0x16</size>
         <alignment>0x2</alignment>
         <input_file_ref idref="fl-8"/>
      </object_component>
      <object_component id="oc-104">
         <name>.text.ST7735_read</name>
         <load_address>0x6776</load_address>
         <readonly>true</readonly>
         <executable>true</executable>
         <run_address>0x6776</run_address>
         <size>0x16</size>
         <alignment>0x2</alignment>
         <input_file_ref idref="fl-8"/>
      </object_component>
      <object_component id="oc-4e">
         <name>.text:decompress:ZI:__TI_zero_init_nomemset</name>
         <load_address>0x678c</load_address>
         <readonly>true</readonly>
         <executable>true</executable>
         <run_address>0x678c</run_address>
         <size>0x16</size>
         <alignment>0x2</alignment>
         <input_file_ref idref="fl-46"/>
      </object_component>
      <object_component id="oc-1f5">
         <name>.text.__aeabi_uldivmod</name>
         <load_address>0x67a4</load_address>
         <readonly>true</readonly>
         <executable>true</executable>
         <run_address>0x67a4</run_address>
         <size>0x14</size>
         <alignment>0x4</alignment>
         <input_file_ref idref="fl-10e"/>
      </object_component>
      <object_component id="oc-94">
         <name>.text:TI_memcpy_small</name>
         <load_address>0x67b8</load_address>
         <readonly>true</readonly>
         <executable>true</executable>
         <run_address>0x67b8</run_address>
         <size>0x12</size>
         <alignment>0x1</alignment>
         <input_file_ref idref="fl-114"/>
      </object_component>
      <object_component id="oc-20">
         <name>.text:decompress:none</name>
         <load_address>0x67ca</load_address>
         <readonly>true</readonly>
         <executable>true</executable>
         <run_address>0x67ca</run_address>
         <size>0x12</size>
         <alignment>0x2</alignment>
         <input_file_ref idref="fl-47"/>
      </object_component>
      <object_component id="oc-210">
         <name>.text.Clock_Delay</name>
         <load_address>0x67dc</load_address>
         <readonly>true</readonly>
         <executable>true</executable>
         <run_address>0x67dc</run_address>
         <size>0x10</size>
         <alignment>0x2</alignment>
         <input_file_ref idref="fl-2"/>
      </object_component>
      <object_component id="oc-140">
         <name>.text.Delay</name>
         <load_address>0x67ec</load_address>
         <readonly>true</readonly>
         <executable>true</executable>
         <run_address>0x67ec</run_address>
         <size>0x10</size>
         <alignment>0x2</alignment>
         <input_file_ref idref="fl-6"/>
      </object_component>
      <object_component id="oc-1e7">
         <name>.text.wcslen</name>
         <load_address>0x67fc</load_address>
         <readonly>true</readonly>
         <executable>true</executable>
         <run_address>0x67fc</run_address>
         <size>0x10</size>
         <alignment>0x2</alignment>
         <input_file_ref idref="fl-4b"/>
      </object_component>
      <object_component id="oc-1d5">
         <name>.text.OUTLINED_FUNCTION_0</name>
         <load_address>0x680c</load_address>
         <readonly>true</readonly>
         <executable>true</executable>
         <run_address>0x680c</run_address>
         <size>0xe</size>
         <alignment>0x2</alignment>
         <input_file_ref idref="fl-40"/>
      </object_component>
      <object_component id="oc-102">
         <name>.text.ST7735_lseek</name>
         <load_address>0x681a</load_address>
         <readonly>true</readonly>
         <executable>true</executable>
         <run_address>0x681a</run_address>
         <size>0xe</size>
         <alignment>0x2</alignment>
         <input_file_ref idref="fl-8"/>
      </object_component>
      <object_component id="oc-1db">
         <name>.text.__aeabi_memset</name>
         <load_address>0x6828</load_address>
         <readonly>true</readonly>
         <executable>true</executable>
         <run_address>0x6828</run_address>
         <size>0xe</size>
         <alignment>0x4</alignment>
         <input_file_ref idref="fl-10c"/>
      </object_component>
      <object_component id="oc-22d">
         <name>.text.strcpy</name>
         <load_address>0x6836</load_address>
         <readonly>true</readonly>
         <executable>true</executable>
         <run_address>0x6836</run_address>
         <size>0xe</size>
         <alignment>0x2</alignment>
         <input_file_ref idref="fl-fe"/>
      </object_component>
      <object_component id="oc-1da">
         <name>.text.strlen</name>
         <load_address>0x6844</load_address>
         <readonly>true</readonly>
         <executable>true</executable>
         <run_address>0x6844</run_address>
         <size>0xe</size>
         <alignment>0x2</alignment>
         <input_file_ref idref="fl-31"/>
      </object_component>
      <object_component id="oc-22e">
         <name>.text.strlen</name>
         <load_address>0x6852</load_address>
         <readonly>true</readonly>
         <executable>true</executable>
         <run_address>0x6852</run_address>
         <size>0xe</size>
         <alignment>0x2</alignment>
         <input_file_ref idref="fl-fe"/>
      </object_component>
      <object_component id="oc-e4">
         <name>.text:TI_memset_small</name>
         <load_address>0x6860</load_address>
         <readonly>true</readonly>
         <executable>true</executable>
         <run_address>0x6860</run_address>
         <size>0xe</size>
         <alignment>0x1</alignment>
         <input_file_ref idref="fl-115"/>
      </object_component>
      <object_component id="oc-100">
         <name>.text.ST7735_rename</name>
         <load_address>0x686e</load_address>
         <readonly>true</readonly>
         <executable>true</executable>
         <run_address>0x686e</run_address>
         <size>0xc</size>
         <alignment>0x2</alignment>
         <input_file_ref idref="fl-8"/>
      </object_component>
      <object_component id="oc-63">
         <name>.text.TimerG7_Stop</name>
         <load_address>0x687c</load_address>
         <readonly>true</readonly>
         <executable>true</executable>
         <run_address>0x687c</run_address>
         <size>0xc</size>
         <alignment>0x4</alignment>
         <input_file_ref idref="fl-3"/>
      </object_component>
      <object_component id="oc-75">
         <name>.text.__aeabi_memclr</name>
         <load_address>0x6888</load_address>
         <readonly>true</readonly>
         <executable>true</executable>
         <run_address>0x6888</run_address>
         <size>0xc</size>
         <alignment>0x4</alignment>
         <input_file_ref idref="fl-10c"/>
      </object_component>
      <object_component id="oc-164">
         <name>.text.malloc</name>
         <load_address>0x6894</load_address>
         <readonly>true</readonly>
         <executable>true</executable>
         <run_address>0x6894</run_address>
         <size>0xc</size>
         <alignment>0x2</alignment>
         <input_file_ref idref="fl-40"/>
      </object_component>
      <object_component id="oc-107">
         <name>.text.ST7735_close</name>
         <load_address>0x68a0</load_address>
         <readonly>true</readonly>
         <executable>true</executable>
         <run_address>0x68a0</run_address>
         <size>0xa</size>
         <alignment>0x2</alignment>
         <input_file_ref idref="fl-8"/>
      </object_component>
      <object_component id="oc-101">
         <name>.text.ST7735_unlink</name>
         <load_address>0x68aa</load_address>
         <readonly>true</readonly>
         <executable>true</executable>
         <run_address>0x68aa</run_address>
         <size>0xa</size>
         <alignment>0x2</alignment>
         <input_file_ref idref="fl-8"/>
      </object_component>
      <object_component id="oc-1eb">
         <name>.text.__aeabi_errno_addr</name>
         <load_address>0x68b4</load_address>
         <readonly>true</readonly>
         <executable>true</executable>
         <run_address>0x68b4</run_address>
         <size>0x8</size>
         <alignment>0x4</alignment>
         <input_file_ref idref="fl-38"/>
      </object_component>
      <object_component id="oc-47">
         <name>.text.__aeabi_memcpy</name>
         <load_address>0x68bc</load_address>
         <readonly>true</readonly>
         <executable>true</executable>
         <run_address>0x68bc</run_address>
         <size>0x8</size>
         <alignment>0x4</alignment>
         <input_file_ref idref="fl-10b"/>
      </object_component>
      <object_component id="oc-128">
         <name>.text._outc</name>
         <load_address>0x68c4</load_address>
         <readonly>true</readonly>
         <executable>true</executable>
         <run_address>0x68c4</run_address>
         <size>0x8</size>
         <alignment>0x2</alignment>
         <input_file_ref idref="fl-30"/>
      </object_component>
      <object_component id="oc-127">
         <name>.text._outs</name>
         <load_address>0x68cc</load_address>
         <readonly>true</readonly>
         <executable>true</executable>
         <run_address>0x68cc</run_address>
         <size>0x8</size>
         <alignment>0x2</alignment>
         <input_file_ref idref="fl-30"/>
      </object_component>
      <object_component id="oc-28d">
         <name>.text.fseek</name>
         <load_address>0x68d4</load_address>
         <readonly>true</readonly>
         <executable>true</executable>
         <run_address>0x68d4</run_address>
         <size>0x8</size>
         <alignment>0x2</alignment>
         <input_file_ref idref="fl-4f"/>
      </object_component>
      <object_component id="oc-1cd">
         <name>.text.remove</name>
         <load_address>0x68dc</load_address>
         <readonly>true</readonly>
         <executable>true</executable>
         <run_address>0x68dc</run_address>
         <size>0x8</size>
         <alignment>0x2</alignment>
         <input_file_ref idref="fl-f4"/>
      </object_component>
      <object_component id="oc-11a">
         <name>.text</name>
         <load_address>0x68e4</load_address>
         <readonly>true</readonly>
         <executable>true</executable>
         <run_address>0x68e4</run_address>
         <size>0x8</size>
         <alignment>0x4</alignment>
         <input_file_ref idref="fl-1"/>
      </object_component>
      <object_component id="oc-c8">
         <name>.text:abort</name>
         <load_address>0x68ec</load_address>
         <readonly>true</readonly>
         <executable>true</executable>
         <run_address>0x68ec</run_address>
         <size>0x6</size>
         <alignment>0x2</alignment>
         <input_file_ref idref="fl-39"/>
      </object_component>
      <object_component id="oc-132">
         <name>.text.HOSTexit</name>
         <load_address>0x68f2</load_address>
         <readonly>true</readonly>
         <executable>true</executable>
         <run_address>0x68f2</run_address>
         <size>0x4</size>
         <alignment>0x2</alignment>
         <input_file_ref idref="fl-f1"/>
      </object_component>
      <object_component id="oc-31">
         <name>.text.Reset_Handler</name>
         <load_address>0x68f6</load_address>
         <readonly>true</readonly>
         <executable>true</executable>
         <run_address>0x68f6</run_address>
         <size>0x4</size>
         <alignment>0x2</alignment>
         <input_file_ref idref="fl-d"/>
      </object_component>
      <object_component id="oc-7a">
         <name>.text._system_pre_init</name>
         <load_address>0x68fa</load_address>
         <readonly>true</readonly>
         <executable>true</executable>
         <run_address>0x68fa</run_address>
         <size>0x4</size>
         <alignment>0x2</alignment>
         <input_file_ref idref="fl-44"/>
      </object_component>
      <object_component id="oc-308">
         <name>.cinit..data.load</name>
         <load_address>0x6900</load_address>
         <readonly>true</readonly>
         <run_address>0x6900</run_address>
         <size>0x6e</size>
         <alignment>0x1</alignment>
      </object_component>
      <object_component id="oc-306">
         <name>__TI_handler_table</name>
         <load_address>0x6970</load_address>
         <readonly>true</readonly>
         <run_address>0x6970</run_address>
         <size>0xc</size>
         <alignment>0x4</alignment>
      </object_component>
      <object_component id="oc-309">
         <name>.cinit..bss.load</name>
         <load_address>0x697c</load_address>
         <readonly>true</readonly>
         <run_address>0x697c</run_address>
         <size>0x8</size>
         <alignment>0x4</alignment>
      </object_component>
      <object_component id="oc-307">
         <name>__TI_cinit_table</name>
         <load_address>0x6984</load_address>
         <readonly>true</readonly>
         <run_address>0x6984</run_address>
         <size>0x10</size>
         <alignment>0x4</alignment>
      </object_component>
      <object_component id="oc-c1">
         <name>.rodata.Logo</name>
         <load_address>0xc0</load_address>
         <readonly>true</readonly>
         <run_address>0xc0</run_address>
         <size>0x3200</size>
         <alignment>0x2</alignment>
         <input_file_ref idref="fl-5"/>
      </object_component>
      <object_component id="oc-1d9">
         <name>.rodata.Font</name>
         <load_address>0x32c0</load_address>
         <readonly>true</readonly>
         <run_address>0x32c0</run_address>
         <size>0x4fb</size>
         <alignment>0x1</alignment>
         <input_file_ref idref="fl-8"/>
      </object_component>
      <object_component id="oc-c3">
         <name>.rodata.str1.2932365752848410721.1</name>
         <load_address>0x37bb</load_address>
         <readonly>true</readonly>
         <run_address>0x37bb</run_address>
         <size>0x3</size>
         <alignment>0x1</alignment>
         <input_file_ref idref="fl-5"/>
      </object_component>
      <object_component id="oc-108">
         <name>.rodata.str1.4408429423603725162.1</name>
         <load_address>0x37be</load_address>
         <readonly>true</readonly>
         <run_address>0x37be</run_address>
         <size>0x2</size>
         <alignment>0x1</alignment>
         <input_file_ref idref="fl-8"/>
      </object_component>
      <object_component id="oc-249">
         <name>.rodata:__aeabi_ctype_table_</name>
         <load_address>0x37c0</load_address>
         <readonly>true</readonly>
         <run_address>0x37c0</run_address>
         <size>0x101</size>
         <alignment>0x10</alignment>
         <input_file_ref idref="fl-50"/>
      </object_component>
      <object_component id="oc-144">
         <name>.rodata.Rcmd1</name>
         <load_address>0x38c1</load_address>
         <readonly>true</readonly>
         <run_address>0x38c1</run_address>
         <size>0x3b</size>
         <alignment>0x1</alignment>
         <input_file_ref idref="fl-8"/>
      </object_component>
      <object_component id="oc-c2">
         <name>.rodata.TestData</name>
         <load_address>0x38fc</load_address>
         <readonly>true</readonly>
         <run_address>0x38fc</run_address>
         <size>0x30</size>
         <alignment>0x4</alignment>
         <input_file_ref idref="fl-5"/>
      </object_component>
      <object_component id="oc-c0">
         <name>.rodata.str1.8243769440906445158.1</name>
         <load_address>0x392c</load_address>
         <readonly>true</readonly>
         <run_address>0x392c</run_address>
         <size>0x2e</size>
         <alignment>0x1</alignment>
         <input_file_ref idref="fl-5"/>
      </object_component>
      <object_component id="oc-149">
         <name>.rodata.Rcmd3</name>
         <load_address>0x395a</load_address>
         <readonly>true</readonly>
         <run_address>0x395a</run_address>
         <size>0x2b</size>
         <alignment>0x1</alignment>
         <input_file_ref idref="fl-8"/>
      </object_component>
      <object_component id="oc-6e">
         <name>.rodata.str1.11334354766056882251.1</name>
         <load_address>0x3985</load_address>
         <readonly>true</readonly>
         <run_address>0x3985</run_address>
         <size>0x27</size>
         <alignment>0x1</alignment>
         <input_file_ref idref="fl-3"/>
      </object_component>
      <object_component id="oc-6d">
         <name>.rodata.str1.5715729709420124800.1</name>
         <load_address>0x39ac</load_address>
         <readonly>true</readonly>
         <run_address>0x39ac</run_address>
         <size>0x27</size>
         <alignment>0x1</alignment>
         <input_file_ref idref="fl-3"/>
      </object_component>
      <object_component id="oc-16e">
         <name>.rodata.str1.2132471336006292093.1</name>
         <load_address>0x39d3</load_address>
         <readonly>true</readonly>
         <run_address>0x39d3</run_address>
         <size>0x16</size>
         <alignment>0x1</alignment>
         <input_file_ref idref="fl-8"/>
      </object_component>
      <object_component id="oc-1f4">
         <name>.rodata.str1.10348868589481759720.1</name>
         <load_address>0x39e9</load_address>
         <readonly>true</readonly>
         <run_address>0x39e9</run_address>
         <size>0x11</size>
         <alignment>0x1</alignment>
         <input_file_ref idref="fl-31"/>
      </object_component>
      <object_component id="oc-1e0">
         <name>.rodata.str1.15363888844622738466.1</name>
         <load_address>0x39fa</load_address>
         <readonly>true</readonly>
         <run_address>0x39fa</run_address>
         <size>0x11</size>
         <alignment>0x1</alignment>
         <input_file_ref idref="fl-31"/>
      </object_component>
      <object_component id="oc-c4">
         <name>.rodata.str1.4990658536996855131.1</name>
         <load_address>0x3a0b</load_address>
         <readonly>true</readonly>
         <run_address>0x3a0b</run_address>
         <size>0xe</size>
         <alignment>0x1</alignment>
         <input_file_ref idref="fl-5"/>
      </object_component>
      <object_component id="oc-146">
         <name>.rodata.Rcmd2green</name>
         <load_address>0x3a19</load_address>
         <readonly>true</readonly>
         <run_address>0x3a19</run_address>
         <size>0xd</size>
         <alignment>0x1</alignment>
         <input_file_ref idref="fl-8"/>
      </object_component>
      <object_component id="oc-145">
         <name>.rodata.Rcmd2red</name>
         <load_address>0x3a26</load_address>
         <readonly>true</readonly>
         <run_address>0x3a26</run_address>
         <size>0xd</size>
         <alignment>0x1</alignment>
         <input_file_ref idref="fl-8"/>
      </object_component>
      <object_component id="oc-10b">
         <name>.rodata.str1.14694424544768695619.1</name>
         <load_address>0x3a33</load_address>
         <readonly>true</readonly>
         <run_address>0x3a33</run_address>
         <size>0x8</size>
         <alignment>0x1</alignment>
         <input_file_ref idref="fl-8"/>
      </object_component>
      <object_component id="oc-105">
         <name>.rodata.str1.1448485181700679404.1</name>
         <load_address>0x3a3b</load_address>
         <readonly>true</readonly>
         <run_address>0x3a3b</run_address>
         <size>0x7</size>
         <alignment>0x1</alignment>
         <input_file_ref idref="fl-8"/>
      </object_component>
      <object_component id="oc-2ce">
         <name>.binit</name>
         <load_address>0x0</load_address>
         <readonly>true</readonly>
         <run_address>0x0</run_address>
         <size>0x0</size>
         <alignment>0x4</alignment>
      </object_component>
      <object_component id="oc-ea">
         <name>.data.BusFreq</name>
         <load_address>0x202003c8</load_address>
         <readwrite>true</readwrite>
         <run_address>0x202003c8</run_address>
         <size>0x4</size>
         <alignment>0x4</alignment>
         <input_file_ref idref="fl-2"/>
      </object_component>
      <object_component id="oc-6c">
         <name>.data.Fail</name>
         <load_address>0x202003cc</load_address>
         <readwrite>true</readwrite>
         <run_address>0x202003cc</run_address>
         <size>0x4</size>
         <alignment>0x4</alignment>
         <input_file_ref idref="fl-3"/>
      </object_component>
      <object_component id="oc-122">
         <name>.data</name>
         <load_address>0x202003c0</load_address>
         <readwrite>true</readwrite>
         <run_address>0x202003c0</run_address>
         <size>0x8</size>
         <alignment>0x4</alignment>
         <input_file_ref idref="fl-4"/>
      </object_component>
      <object_component id="oc-118">
         <name>.data.StX</name>
         <load_address>0x202003d0</load_address>
         <readwrite>true</readwrite>
         <run_address>0x202003d0</run_address>
         <size>0x4</size>
         <alignment>0x4</alignment>
         <input_file_ref idref="fl-8"/>
      </object_component>
      <object_component id="oc-119">
         <name>.data.StY</name>
         <load_address>0x202003d4</load_address>
         <readwrite>true</readwrite>
         <run_address>0x202003d4</run_address>
         <size>0x4</size>
         <alignment>0x4</alignment>
         <input_file_ref idref="fl-8"/>
      </object_component>
      <object_component id="oc-14b">
         <name>.data.StTextColor</name>
         <load_address>0x202003e8</load_address>
         <readwrite>true</readwrite>
         <run_address>0x202003e8</run_address>
         <size>0x2</size>
         <alignment>0x2</alignment>
         <input_file_ref idref="fl-8"/>
      </object_component>
      <object_component id="oc-110">
         <name>.data._width</name>
         <load_address>0x202003ec</load_address>
         <readwrite>true</readwrite>
         <run_address>0x202003ec</run_address>
         <size>0x2</size>
         <alignment>0x2</alignment>
         <input_file_ref idref="fl-8"/>
      </object_component>
      <object_component id="oc-111">
         <name>.data._height</name>
         <load_address>0x202003ea</load_address>
         <readwrite>true</readwrite>
         <run_address>0x202003ea</run_address>
         <size>0x2</size>
         <alignment>0x2</alignment>
         <input_file_ref idref="fl-8"/>
      </object_component>
      <object_component id="oc-250">
         <name>.data.__aeabi_errno</name>
         <load_address>0x202003dc</load_address>
         <readwrite>true</readwrite>
         <run_address>0x202003dc</run_address>
         <size>0x4</size>
         <alignment>0x4</alignment>
         <input_file_ref idref="fl-38"/>
      </object_component>
      <object_component id="oc-138">
         <name>.data..L_MergedGlobals</name>
         <load_address>0x202003b8</load_address>
         <readwrite>true</readwrite>
         <run_address>0x202003b8</run_address>
         <size>0x8</size>
         <alignment>0x4</alignment>
         <input_file_ref idref="fl-39"/>
      </object_component>
      <object_component id="oc-125">
         <name>.data._lock</name>
         <load_address>0x202003e0</load_address>
         <readwrite>true</readwrite>
         <run_address>0x202003e0</run_address>
         <size>0x4</size>
         <alignment>0x4</alignment>
         <input_file_ref idref="fl-3a"/>
      </object_component>
      <object_component id="oc-129">
         <name>.data._unlock</name>
         <load_address>0x202003e4</load_address>
         <readwrite>true</readwrite>
         <run_address>0x202003e4</run_address>
         <size>0x4</size>
         <alignment>0x4</alignment>
         <input_file_ref idref="fl-3a"/>
      </object_component>
      <object_component id="oc-109">
         <name>.data._ftable</name>
         <load_address>0x20200200</load_address>
         <readwrite>true</readwrite>
         <run_address>0x20200200</run_address>
         <size>0xf0</size>
         <alignment>0x4</alignment>
         <input_file_ref idref="fl-3e"/>
      </object_component>
      <object_component id="oc-1be">
         <name>.data.__TI_ft_end</name>
         <load_address>0x202003d8</load_address>
         <readwrite>true</readwrite>
         <run_address>0x202003d8</run_address>
         <size>0x4</size>
         <alignment>0x4</alignment>
         <input_file_ref idref="fl-3e"/>
      </object_component>
      <object_component id="oc-245">
         <name>.data.memory_is_initialized</name>
         <load_address>0x202003f4</load_address>
         <readwrite>true</readwrite>
         <run_address>0x202003f4</run_address>
         <size>0x1</size>
         <alignment>0x4</alignment>
         <input_file_ref idref="fl-40"/>
      </object_component>
      <object_component id="oc-153">
         <name>.data._device</name>
         <load_address>0x202002f0</load_address>
         <readwrite>true</readwrite>
         <run_address>0x202002f0</run_address>
         <size>0x78</size>
         <alignment>0x4</alignment>
         <input_file_ref idref="fl-f3"/>
      </object_component>
      <object_component id="oc-233">
         <name>.data._stream</name>
         <load_address>0x20200368</load_address>
         <readwrite>true</readwrite>
         <run_address>0x20200368</run_address>
         <size>0x50</size>
         <alignment>0x4</alignment>
         <input_file_ref idref="fl-f3"/>
[...]
      </symbol>
      <symbol id="sm-170">
         <name>NMI_Handler</name>
         <value>0x670d</value>
         <object_component_ref idref="oc-35"/>
      </symbol>
      <symbol id="sm-171">
         <name>SVC_Handler</name>
         <value>0x670d</value>
         <object_component_ref idref="oc-35"/>
      </symbol>
      <symbol id="sm-172">
         <name>PendSV_Handler</name>
         <value>0x670d</value>
         <object_component_ref idref="oc-35"/>
      </symbol>
      <symbol id="sm-173">
         <name>SysTick_Handler</name>
         <value>0x670d</value>
         <object_component_ref idref="oc-35"/>
      </symbol>
      <symbol id="sm-174">
         <name>GROUP0_IRQHandler</name>
         <value>0x670d</value>
         <object_component_ref idref="oc-35"/>
      </symbol>
      <symbol id="sm-175">
         <name>GROUP1_IRQHandler</name>
         <value>0x670d</value>
         <object_component_ref idref="oc-35"/>
      </symbol>
      <symbol id="sm-176">
         <name>TIMG8_IRQHandler</name>
         <value>0x670d</value>
         <object_component_ref idref="oc-35"/>
      </symbol>
      <symbol id="sm-177">
         <name>UART3_IRQHandler</name>
         <value>0x670d</value>
         <object_component_ref idref="oc-35"/>
      </symbol>
      <symbol id="sm-178">
         <name>ADC0_IRQHandler</name>
         <value>0x670d</value>
         <object_component_ref idref="oc-35"/>
      </symbol>
      <symbol id="sm-179">
         <name>ADC1_IRQHandler</name>
         <value>0x670d</value>
         <object_component_ref idref="oc-35"/>
      </symbol>
      <symbol id="sm-17a">
         <name>CANFD0_IRQHandler</name>
         <value>0x670d</value>
         <object_component_ref idref="oc-35"/>
      </symbol>
      <symbol id="sm-17b">
         <name>DAC0_IRQHandler</name>
         <value>0x670d</value>
         <object_component_ref idref="oc-35"/>
      </symbol>
      <symbol id="sm-17c">
         <name>SPI0_IRQHandler</name>
         <value>0x670d</value>
         <object_component_ref idref="oc-35"/>
      </symbol>
      <symbol id="sm-17d">
         <name>SPI1_IRQHandler</name>
         <value>0x670d</value>
         <object_component_ref idref="oc-35"/>
      </symbol>
      <symbol id="sm-17e">
         <name>UART1_IRQHandler</name>
         <value>0x670d</value>
         <object_component_ref idref="oc-35"/>
      </symbol>
      <symbol id="sm-17f">
         <name>UART2_IRQHandler</name>
         <value>0x670d</value>
         <object_component_ref idref="oc-35"/>
      </symbol>
      <symbol id="sm-180">
         <name>UART0_IRQHandler</name>
         <value>0x670d</value>
         <object_component_ref idref="oc-35"/>
      </symbol>
      <symbol id="sm-181">
         <name>TIMG0_IRQHandler</name>
         <value>0x670d</value>
         <object_component_ref idref="oc-35"/>
      </symbol>
      <symbol id="sm-182">
         <name>TIMG6_IRQHandler</name>
         <value>0x670d</value>
         <object_component_ref idref="oc-35"/>
      </symbol>
      <symbol id="sm-183">
         <name>TIMA0_IRQHandler</name>
         <value>0x670d</value>
         <object_component_ref idref="oc-35"/>
      </symbol>
      <symbol id="sm-184">
         <name>TIMA1_IRQHandler</name>
         <value>0x670d</value>
         <object_component_ref idref="oc-35"/>
      </symbol>
      <symbol id="sm-185">
         <name>TIMG12_IRQHandler</name>
         <value>0x670d</value>
         <object_component_ref idref="oc-35"/>
      </symbol>
      <symbol id="sm-186">
         <name>I2C0_IRQHandler</name>
         <value>0x670d</value>
         <object_component_ref idref="oc-35"/>
      </symbol>
      <symbol id="sm-187">
         <name>I2C1_IRQHandler</name>
         <value>0x670d</value>
         <object_component_ref idref="oc-35"/>
      </symbol>
      <symbol id="sm-188">
         <name>AES_IRQHandler</name>
         <value>0x670d</value>
         <object_component_ref idref="oc-35"/>
      </symbol>
      <symbol id="sm-189">
         <name>RTC_IRQHandler</name>
         <value>0x670d</value>
         <object_component_ref idref="oc-35"/>
      </symbol>
      <symbol id="sm-18a">
         <name>DMA_IRQHandler</name>
         <value>0x670d</value>
         <object_component_ref idref="oc-35"/>
      </symbol>
      <symbol id="sm-18b">
         <name>__TI_ATRegion0_src_addr</name>
         <value>0x0</value>
      </symbol>
      <symbol id="sm-18c">
         <name>__TI_ATRegion0_trg_addr</name>
         <value>0x0</value>
      </symbol>
      <symbol id="sm-18d">
         <name>__TI_ATRegion0_region_sz</name>
         <value>0x0</value>
      </symbol>
      <symbol id="sm-18e">
         <name>__TI_ATRegion1_src_addr</name>
         <value>0x0</value>
      </symbol>
      <symbol id="sm-18f">
         <name>__TI_ATRegion1_trg_addr</name>
         <value>0x0</value>
      </symbol>
      <symbol id="sm-190">
         <name>__TI_ATRegion1_region_sz</name>
         <value>0x0</value>
      </symbol>
      <symbol id="sm-191">
         <name>__TI_ATRegion2_src_addr</name>
         <value>0x0</value>
      </symbol>
      <symbol id="sm-192">
         <name>__TI_ATRegion2_trg_addr</name>
         <value>0x0</value>
      </symbol>
      <symbol id="sm-193">
         <name>__TI_ATRegion2_region_sz</name>
         <value>0x0</value>
      </symbol>
      <symbol id="sm-1a4">
         <name>printf</name>
         <value>0x5e2d</value>
         <object_component_ref idref="oc-b6"/>
      </symbol>
      <symbol id="sm-1c6">
         <name>__TI_printfi_nofloat</name>
         <value>0x3a51</value>
         <object_component_ref idref="oc-179"/>
      </symbol>
      <symbol id="sm-1df">
         <name>fopen</name>
         <value>0x64a1</value>
         <object_component_ref idref="oc-f5"/>
      </symbol>
      <symbol id="sm-1e0">
         <name>__TI_cleanup</name>
         <value>0x6339</value>
         <object_component_ref idref="oc-165"/>
      </symbol>
      <symbol id="sm-1e1">
         <name>freopen</name>
         <value>0x643d</value>
         <object_component_ref idref="oc-fb"/>
      </symbol>
      <symbol id="sm-1ec">
         <name>fputc</name>
         <value>0x5689</value>
         <object_component_ref idref="oc-187"/>
      </symbol>
      <symbol id="sm-1f7">
         <name>fputs</name>
         <value>0x4f89</value>
         <object_component_ref idref="oc-181"/>
      </symbol>
      <symbol id="sm-201">
         <name>__TI_wrt_ok</name>
         <value>0x5d05</value>
         <object_component_ref idref="oc-201"/>
      </symbol>
      <symbol id="sm-20b">
         <name>setvbuf</name>
         <value>0x5255</value>
         <object_component_ref idref="oc-fc"/>
      </symbol>
      <symbol id="sm-213">
         <name>strcmp</name>
         <value>0x5851</value>
         <object_component_ref idref="oc-197"/>
      </symbol>
      <symbol id="sm-21e">
         <name>__aeabi_errno_addr</name>
         <value>0x68b5</value>
         <object_component_ref idref="oc-1eb"/>
      </symbol>
      <symbol id="sm-21f">
         <name>__aeabi_errno</name>
         <value>0x202003dc</value>
         <object_component_ref idref="oc-250"/>
      </symbol>
      <symbol id="sm-22d">
         <name>abort</name>
         <value>0x68ed</value>
         <object_component_ref idref="oc-c8"/>
      </symbol>
      <symbol id="sm-22e">
         <name>__TI_cleanup_ptr</name>
         <value>0x202003b8</value>
         <object_component_ref idref="oc-138"/>
      </symbol>
      <symbol id="sm-22f">
         <name>__TI_dtors_ptr</name>
         <value>0x202003bc</value>
         <object_component_ref idref="oc-138"/>
      </symbol>
      <symbol id="sm-230">
         <name>exit</name>
         <value>0x63d5</value>
         <object_component_ref idref="oc-cd"/>
      </symbol>
      <symbol id="sm-239">
         <name>_nop</name>
         <value>0x5f8b</value>
         <object_component_ref idref="oc-17b"/>
      </symbol>
      <symbol id="sm-23a">
         <name>_lock</name>
         <value>0x202003e0</value>
         <object_component_ref idref="oc-125"/>
      </symbol>
      <symbol id="sm-23b">
         <name>_unlock</name>
         <value>0x202003e4</value>
         <object_component_ref idref="oc-129"/>
      </symbol>
      <symbol id="sm-247">
         <name>atoi</name>
         <value>0x6175</value>
         <object_component_ref idref="oc-1e3"/>
      </symbol>
      <symbol id="sm-24c">
         <name>_ftable</name>
         <value>0x20200200</value>
         <object_component_ref idref="oc-109"/>
      </symbol>
      <symbol id="sm-24d">
         <name>__TI_ft_end</name>
         <value>0x202003d8</value>
         <object_component_ref idref="oc-1be"/>
      </symbol>
      <symbol id="sm-24e">
         <name>__TI_tmpnams</name>
         <value>0x2020051c</value>
         <object_component_ref idref="oc-1d1"/>
      </symbol>
      <symbol id="sm-257">
         <name>memccpy</name>
         <value>0x668d</value>
         <object_component_ref idref="oc-1dc"/>
      </symbol>
      <symbol id="sm-27a">
         <name>malloc</name>
         <value>0x6895</value>
         <object_component_ref idref="oc-164"/>
      </symbol>
      <symbol id="sm-27b">
         <name>aligned_alloc</name>
         <value>0x4d7d</value>
         <object_component_ref idref="oc-1d7"/>
      </symbol>
      <symbol id="sm-27c">
         <name>free</name>
         <value>0x516d</value>
         <object_component_ref idref="oc-162"/>
      </symbol>
      <symbol id="sm-27d">
         <name>_sys_memory</name>
         <value>0x20200000</value>
         <object_component_ref idref="oc-2f"/>
      </symbol>
      <symbol id="sm-27e">
         <name>memalign</name>
         <value>0x4d7d</value>
         <object_component_ref idref="oc-1d7"/>
      </symbol>
      <symbol id="sm-289">
         <name>_c_int00_noargs</name>
         <value>0x65f5</value>
         <object_component_ref idref="oc-57"/>
      </symbol>
      <symbol id="sm-28a">
         <name>__stack</name>
         <value>0x20207e00</value>
         <object_component_ref idref="oc-1a"/>
      </symbol>
      <symbol id="sm-296">
         <name>__TI_auto_init_nobinit_nopinit</name>
         <value>0x61b5</value>
         <object_component_ref idref="oc-cf"/>
      </symbol>
      <symbol id="sm-29e">
         <name>_system_pre_init</name>
         <value>0x68fb</value>
         <object_component_ref idref="oc-7a"/>
      </symbol>
      <symbol id="sm-2a9">
         <name>__TI_zero_init_nomemset</name>
         <value>0x678d</value>
         <object_component_ref idref="oc-4e"/>
      </symbol>
      <symbol id="sm-2b2">
         <name>__TI_decompress_none</name>
         <value>0x67cb</value>
         <object_component_ref idref="oc-20"/>
      </symbol>
      <symbol id="sm-2bd">
         <name>__TI_decompress_lzss</name>
         <value>0x5ad9</value>
         <object_component_ref idref="oc-1c"/>
      </symbol>
      <symbol id="sm-2c8">
         <name>wcslen</name>
         <value>0x67fd</value>
         <object_component_ref idref="oc-1e7"/>
      </symbol>
      <symbol id="sm-2d4">
         <name>__TI_closefile</name>
         <value>0x5a5d</value>
         <object_component_ref idref="oc-15c"/>
      </symbol>
      <symbol id="sm-2de">
         <name>__TI_doflush</name>
         <value>0x5f39</value>
         <object_component_ref idref="oc-1c3"/>
      </symbol>
      <symbol id="sm-2eb">
         <name>fseek</name>
         <value>0x68d5</value>
         <object_component_ref idref="oc-28d"/>
      </symbol>
      <symbol id="sm-2ec">
         <name>fseeko</name>
         <value>0x5c2d</value>
         <object_component_ref idref="oc-2b9"/>
      </symbol>
      <symbol id="sm-2ed">
         <name>__aeabi_ctype_table_</name>
         <value>0x37c0</value>
         <object_component_ref idref="oc-249"/>
      </symbol>
      <symbol id="sm-2ee">
         <name>__aeabi_ctype_table_C</name>
         <value>0x37c0</value>
         <object_component_ref idref="oc-249"/>
      </symbol>
      <symbol id="sm-2f7">
         <name>HOSTexit</name>
         <value>0x68f3</value>
         <object_component_ref idref="oc-132"/>
      </symbol>
      <symbol id="sm-2f8">
         <name>C$$EXIT</name>
         <value>0x68f2</value>
         <object_component_ref idref="oc-132"/>
      </symbol>
      <symbol id="sm-302">
         <name>write</name>
         <value>0x65a5</value>
         <object_component_ref idref="oc-207"/>
      </symbol>
      <symbol id="sm-307">
         <name>_device</name>
         <value>0x202002f0</value>
         <object_component_ref idref="oc-153"/>
      </symbol>
      <symbol id="sm-308">
         <name>_stream</name>
         <value>0x20200368</value>
         <object_component_ref idref="oc-233"/>
      </symbol>
      <symbol id="sm-311">
         <name>remove</name>
         <value>0x68dd</value>
         <object_component_ref idref="oc-1cd"/>
      </symbol>
      <symbol id="sm-31d">
         <name>open</name>
         <value>0x554d</value>
         <object_component_ref idref="oc-1bf"/>
      </symbol>
      <symbol id="sm-327">
         <name>lseek</name>
         <value>0x657d</value>
         <object_component_ref idref="oc-2be"/>
      </symbol>
      <symbol id="sm-331">
         <name>close</name>
         <value>0x5f8d</value>
         <object_component_ref idref="oc-1c9"/>
      </symbol>
      <symbol id="sm-33d">
         <name>add_device</name>
         <value>0x5081</value>
         <object_component_ref idref="oc-f1"/>
      </symbol>
      <symbol id="sm-347">
         <name>unlink</name>
         <value>0x6529</value>
         <object_component_ref idref="oc-23c"/>
      </symbol>
      <symbol id="sm-351">
         <name>HOSTclose</name>
         <value>0x5fdd</value>
         <object_component_ref idref="oc-1a1"/>
      </symbol>
      <symbol id="sm-35b">
         <name>HOSTlseek</name>
         <value>0x5b55</value>
         <object_component_ref idref="oc-1ad"/>
      </symbol>
      <symbol id="sm-365">
         <name>HOSTopen</name>
         <value>0x5dcd</value>
         <object_component_ref idref="oc-19d"/>
      </symbol>
      <symbol id="sm-366">
         <name>parmbuf</name>
         <value>0x202005d0</value>
         <object_component_ref idref="oc-21a"/>
      </symbol>
      <symbol id="sm-370">
         <name>HOSTread</name>
         <value>0x5e89</value>
         <object_component_ref idref="oc-1a5"/>
      </symbol>
      <symbol id="sm-381">
         <name>HOSTrename</name>
         <value>0x5bc1</value>
         <object_component_ref idref="oc-1b5"/>
      </symbol>
      <symbol id="sm-38b">
         <name>HOSTunlink</name>
         <value>0x6025</value>
         <object_component_ref idref="oc-1b1"/>
      </symbol>
      <symbol id="sm-395">
         <name>HOSTwrite</name>
         <value>0x5ee1</value>
         <object_component_ref idref="oc-1a9"/>
      </symbol>
      <symbol id="sm-3a3">
         <name>C$$IO$$</name>
         <value>0x63cd</value>
         <object_component_ref idref="oc-213"/>
      </symbol>
      <symbol id="sm-3a4">
         <name>__TI_writemsg</name>
         <value>0x63a1</value>
         <object_component_ref idref="oc-213"/>
      </symbol>
      <symbol id="sm-3a5">
         <name>__CIOBUF_</name>
         <value>0x202003fc</value>
         <object_component_ref idref="oc-298"/>
      </symbol>
      <symbol id="sm-3a6">
         <name>__TI_readmsg</name>
         <value>0x636d</value>
         <object_component_ref idref="oc-219"/>
      </symbol>
      <symbol id="sm-3a7">
         <name>_CIOBUF_</name>
         <value>0x202003fc</value>
         <object_component_ref idref="oc-298"/>
      </symbol>
      <symbol id="sm-3ad">
         <name>__muldsi3</name>
         <value>0x61f1</value>
         <object_component_ref idref="oc-254"/>
      </symbol>
      <symbol id="sm-3b3">
         <name>__aeabi_lmul</name>
         <value>0x6669</value>
         <object_component_ref idref="oc-1f0"/>
      </symbol>
      <symbol id="sm-3b4">
         <name>__muldi3</name>
         <value>0x6669</value>
         <object_component_ref idref="oc-1f0"/>
      </symbol>
      <symbol id="sm-3ba">
         <name>__aeabi_memcpy</name>
         <value>0x68bd</value>
         <object_component_ref idref="oc-47"/>
      </symbol>
      <symbol id="sm-3bb">
         <name>__aeabi_memcpy4</name>
         <value>0x68bd</value>
         <object_component_ref idref="oc-47"/>
      </symbol>
      <symbol id="sm-3bc">
         <name>__aeabi_memcpy8</name>
         <value>0x68bd</value>
         <object_component_ref idref="oc-47"/>
      </symbol>
      <symbol id="sm-3c5">
         <name>__aeabi_memset</name>
         <value>0x6829</value>
         <object_component_ref idref="oc-1db"/>
      </symbol>
      <symbol id="sm-3c6">
         <name>__aeabi_memset4</name>
         <value>0x6829</value>
         <object_component_ref idref="oc-1db"/>
      </symbol>
      <symbol id="sm-3c7">
         <name>__aeabi_memset8</name>
         <value>0x6829</value>
         <object_component_ref idref="oc-1db"/>
      </symbol>
      <symbol id="sm-3c8">
         <name>__aeabi_memclr</name>
         <value>0x6889</value>
         <object_component_ref idref="oc-75"/>
      </symbol>
      <symbol id="sm-3c9">
         <name>__aeabi_memclr4</name>
         <value>0x6889</value>
         <object_component_ref idref="oc-75"/>
      </symbol>
      <symbol id="sm-3ca">
         <name>__aeabi_memclr8</name>
         <value>0x6889</value>
         <object_component_ref idref="oc-75"/>
      </symbol>
      <symbol id="sm-3d0">
         <name>__aeabi_uidiv</name>
         <value>0x60f5</value>
         <object_component_ref idref="oc-bc"/>
      </symbol>
      <symbol id="sm-3d1">
         <name>__aeabi_uidivmod</name>
         <value>0x60f5</value>
         <object_component_ref idref="oc-bc"/>
      </symbol>
      <symbol id="sm-3d7">
         <name>__aeabi_uldivmod</name>
         <value>0x67a5</value>
         <object_component_ref idref="oc-1f5"/>
      </symbol>
      <symbol id="sm-3dd">
         <name>__udivmoddi4</name>
         <value>0x54a9</value>
         <object_component_ref idref="oc-259"/>
      </symbol>
      <symbol id="sm-3e3">
         <name>__aeabi_llsl</name>
         <value>0x66d1</value>
         <object_component_ref idref="oc-2a0"/>
      </symbol>
      <symbol id="sm-3e4">
         <name>__ashldi3</name>
         <value>0x66d1</value>
         <object_component_ref idref="oc-2a0"/>
      </symbol>
      <symbol id="sm-3f1">
         <name>__aeabi_idiv0</name>
         <value>0x54a7</value>
         <object_component_ref idref="oc-12c"/>
      </symbol>
      <symbol id="sm-3f2">
         <name>__aeabi_ldiv0</name>
         <value>0x554b</value>
         <object_component_ref idref="oc-29f"/>
      </symbol>
      <symbol id="sm-400">
         <name>finddevice</name>
         <value>0x6409</value>
         <object_component_ref idref="oc-14c"/>
      </symbol>
      <symbol id="sm-401">
         <name>getdevice</name>
         <value>0x5c99</value>
         <object_component_ref idref="oc-231"/>
      </symbol>
      <symbol id="sm-40a">
         <name>TI_memcpy_small</name>
         <value>0x67b9</value>
         <object_component_ref idref="oc-94"/>
      </symbol>
      <symbol id="sm-413">
         <name>TI_memset_small</name>
         <value>0x6861</value>
         <object_component_ref idref="oc-e4"/>
      </symbol>
      <symbol id="sm-414">
         <name>__TI_static_base__</name>
         <value>0x0</value>
      </symbol>
      <symbol id="sm-417">
         <name>__mpu_init</name>
         <value>0x0</value>
      </symbol>
      <symbol id="sm-418">
         <name>_system_post_cinit</name>
         <value>0x0</value>
      </symbol>
   </symbol_table>
   <title>Link successful</title>
</link_info>
